ï¿½ESP-ROM:esp32s3-20210327
Build:Mar 27 2021
rst:0x1 (POWERON),boot:0x8 (SPI_FAST_FLASH_BOOT)
SPIWP:0xee
mode:DIO, clock div:1
load:0x3fce2810,len:0x15a0
load:0x403c8700,len:0x4
load:0x403c8704,len:0xd20
load:0x403cb700,len:0x2ee4
entry 0x403c8928
[0;32mI (27) boot: ESP-IDF HEAD-HASH-NOTFOUND 2nd stage bootloader[0m
[0;32mI (27) boot: compile time Apr 21 2025 15:45:26[0m
[0;32mI (27) boot: Multicore bootloader[0m
[0;32mI (28) boot: chip revision: v0.2[0m
[0;32mI (31) boot: efuse block revision: v1.3[0m
[0;32mI (34) boot.esp32s3: Boot SPI Speed : 80MHz[0m
[0;32mI (38) boot.esp32s3: SPI Mode       : DIO[0m
[0;32mI (42) boot.esp32s3: SPI Flash Size : 2MB[0m
[0;32mI (46) boot: Enabling RNG early entropy source...[0m
[0;32mI (50) boot: Partition Table:[0m
[0;32mI (53) boot: ## Label            Usage          Type ST Offset   Length[0m
[0;32mI (59) boot:  0 nvs              WiFi data        01 02 00009000 00006000[0m
[0;32mI (66) boot:  1 phy_init         RF data          01 01 0000f000 00001000[0m
[0;32mI (72) boot:  2 factory          factory app      00 00 00010000 00100000[0m
[0;32mI (79) boot: End of partition table[0m
[0;32mI (82) esp_image: segment 0: paddr=00010020 vaddr=3c040020 size=13304h ( 78596) map[0m
[0;32mI (103) esp_image: segment 1: paddr=0002332c vaddr=3fc94d00 size=02bc4h ( 11204) load[0m
[0;32mI (106) esp_image: segment 2: paddr=00025ef8 vaddr=40374000 size=0a120h ( 41248) load[0m
[0;32mI (116) esp_image: segment 3: paddr=00030020 vaddr=42000020 size=36b54h (224084) map[0m
ESP-ROM:esp32s3-20210327
Build:Mar 27 2021
rst:0x1 (POWERON),boot:0x8 (SPI_FAST_FLASH_BOOT)
SPIWP:0xee
mode:DIO, clock div:1
load:0x3fce2810,len:0x15a0
load:0x403c8700,len:0x4
load:0x403c8704,len:0xd20
load:0x403cb700,len:0x2ee4
entry 0x403c8928
[0;32mI (27) boot: ESP-IDF HEAD-HASH-NOTFOUND 2nd stage bootloader[0m
[0;32mI (27) boot: compile time Apr 21 2025 15:45:26[0m
[0;32mI (27) boot: Multicore bootloader[0m
[0;32mI (28) boot: chip revision: v0.2[0m
[0;32mI (31) boot: efuse block revision: v1.3[0m
[0;32mI (34) boot.esp32s3: Boot SPI Speed : 80MHz[0m
[0;32mI (38) boot.esp32s3: SPI Mode       : DIO[0m
[0;32mI (42) boot.esp32s3: SPI Flash Size : 2MB[0m
[0;32mI (46) boot: Enabling RNG early entropy source...[0m
[0;32mI (50) boot: Partition Table:[0m
[0;32mI (53) boot: ## Label            Usage          Type ST Offset   Length[0m
[0;32mI (59) boot:  0 nvs              WiFi data        01 02 00009000 00006000[0m
[0;32mI (66) boot:  1 phy_init         RF data          01 01 0000f000 00001000[0m
[0;32mI (72) boot:  2 factory          factory app      00 ï¿½ESP-ROM:esp32s3-20210327[0m
Build:Mar 27 2021
rst:0x1 (POWERON),boot:0x8 (SPI_FAST_FLASH_BOOT)
SPIWP:0xee
mode:DIO, clock div:1
load:0x3fce2810,len:0x15a0
load:0x403c8700,len:0x4
load:0x403c8704,len:0xd20
load:0x403cb700,len:0x2ee4
entry 0x403c8928
[0;32mI (27) boot: ESP-IDF HEAD-HASH-NOTFOUND 2nd stage bootloadeESP-ROM:esp32s3-20210327[0m
Build:Mar 27 2021
rst:0x1 (POWERON),boot:0x8 (SPI_FAST_FLASH_BOOT)
SPIWP:0xee
mode:DIO, clock div:1
load:0x3fce2810,len:0x15a0
load:0x403c8700,len:0x4
load:0x403c8704,len:0xd20
load:0x403cb700,len:0x2ee4
entry 0x403c8928
[0;32mI (27) boot: ESP-IDF HEAD-HASH-NOTFOUND 2nd stage bootloader[0m
[0;32mI (27) boot: compile time Apr 21 2025 15:45:26[0m
[0;32mI (27) boot: Multicore bootloader[0m
[0;32mI (28) boot: chip revision: v0.2[0m
[0;32mI (31) boot: efuse block revision: v1.3[0m
[0;32mI (34) boot.esp32s3: Boot SPI Speed : 80MHz[0m
[0;32mI (38) boot.esp32s3: SPI Mode       : DIO[0m
[0;32mI (42) boot.esp32s3: SPI Flash Size : 2MB[0m
[0;32mI (46) boot: Enabling RNG early entropy source...[0m
[0;32mI (50) boot: Partition Table:[0m
[0;32mI (53) boot: ## Label            Usage          Type ST Offset   Length[0m
[0;32mI (59) boot:  0 nvs              WiFi data        01 02 00009000 00006000[0m
[0;32mI (66) boot:  1 phy_init         RF data          01 01 0000f000 00001000[0m
[0;32mI (72) boot:  2 factory          factory app      00 00 00010000 00100000[0m
[0;32mI (79) boot: End of partition table[0m
[0;32mI (82) esp_image: segment 0: paddr=00010020 vaddr=3c040020 size=13304h ( 78596) map[0m
[0;32mI (103) esp_image: segment 1: paddr=0002332c vaddr=3fc94d00 size=02bc4h ( 11204) load[0m
[0;32mI (106) esp_image: segment 2: paddr=00025ef8 vaddr=40374000 size=0a120h ( 41248) load[0m
[0;32mI (116) esp_image:ï¿½ESP-ROM:esp32s3-20210ESP-ROM:esp32s3-20210327[0m
Build:Mar 27 2021
rst:0x1 (POWERON),boot:0x8 (SPI_FAST_FLASH_BOOT)
SPIWP:0xee
mode:DIO, clock div:1
load:0x3fce2810,len:0x15a0
load:0x403c8700,len:0x4
load:0x403c8704,len:0xd20
load:0x403cb700,len:0x2ee4
entry 0x403c8928
[0;32mI (27) boot: ESP-IDF HEAD-HASH-NOTFOUND 2nd stage bootloader[0m
[0;32mI (27) boot: compile time Apr 21 2025 15:45:26[0m
[0;32mI (27) boot: Multicore bootloader[0m
[0;32mI (28) boot: chip revision: v0.2[0m
[0;32mI (31) boot: efuse block revision: v1.3[0m
[0;32mI (34) boot.esp32s3: Boot SPI Speed : 80MHz[0m
[0;32mI (38) boot.esp32s3: SPI Mode       : DIO[0m
[0;32mI (42) boot.esp32s3: SPI Flash Size : 2MB[0m
[0;32mI (46) boot: Enabling RNG early entropy source...[0m
[0;32mI (50) boot: Partition Table:[0m
[0;32mI (53) boot: ## Label            Usage          Type ST Offset   Length[0m
[0;32mI (59) boot:  0 nvs              WiFi data        01 02 00009000 00006000[0m
[0;32mI (66) boot:  1 phy_init         RF data          01 01 0000f000 00001000[0m
[0;32mI (72) boot:  2 factory          factory app      00 00 00010000 00100000[0m
[0;32mI (79) boot: End of partition table[0m
[0;32mI (82) esp_image: segment 0: paddr=00010020 vaddr=3c040020 size=13304h ( 78596) map[0m
[0;32mI (103) esp_image: segment 1: paddr=0002332c vaddr=3fc94d00 size=02bc4h ( 11204) load[0m
[0;32mI (106) esp_image: segment 2: paddr=00025ef8 vaddr=40374000 size=0a120h ( 41248) load[0m
[0;32mI (116) esp_image: segment 3: paddr=00030020 vaddr=42000020 size=36b54h (224084) map[0m
ESP-ROM:esp32s3-20210327
ESP-ROM:esp32s3-20210ï¿½Eï¿½ESP-ROM:esp32s3-20210327
Build:Mar 27 2021ï¿½ESP-ROM:esp32s3-20210327
ESP-ROM:esp32s3-20210327
ESP-ROM:esp32s3-20210327
Build:Mar 27 2021
rst:0xf (BROWNOUT_RST),boot:0x8 (SPI_FAST_FLASH_BOOT)
SPIWP:0xee
mode:DIO, clock div:1
load:0x3fce2810,len:0x15a0
load:0x403c8700,len:0x4
load:0x403c8704,len:0xd20
load:0x403cb700,len:0x2ee4
entry 0x403c8928
[0;32mI (27) boot: ESP-IDF HEAD-HASH-NOTFOUND 2nd stage bootloader[0m
[0;32mI (27) boot: compile time Apr 21 2025 15:45:26[0m
[0;32mI (27) boot: Multicore bootloader[0m
[0;32mI (28) boot: chip revision: v0.2[0m
[0;32mI (31) boot: efuse block revision: v1.3[0m
[0;32mI (35) boot.esp32s3: Boot SPI Speed : 80MHz[0m
[0;32mI (39) boot.esp32s3: SPI Mode       : DIO[0m
[0;32mI (42) boot.esp32s3: SPI Flash Size : 2MB[0m
[0;32mI (46) boot: Enabling RNG early entropy source...[0m
[0;32mI (51) boot: Partition Table:[0m
[0;32mI (53) boot: ## Label            Usage          Type ST Offset   Length[0m
[0;32mI (60) boot:  0 nvs              WiFi data        01 02 00009000 00006000[0m
[0;32mI (66) boot:  1 phy_init         RF data          01 01 0000f000 00001000[0m
[0;32mI (73) boot:  2 factory          factory app      00 00 00010000 00100000[0m
[0;32mI (79) boot: End of partition table[0m
[0;32mI (82) esp_image: segment 0: paddr=00010020 vaddr=3c040020 size=13304h ( 78596) map[0m
[0;32mI (104) esp_image: segment 1: paddr=0002332c vaddr=3fc94d00 size=02bc4h ( 11204) load[0m
[0;32mI (106) esp_image: segment 2: paddr=00025ef8 vaddr=40374000 size=0a120h ( 41248) load[0m
[0;32mI (117) esp_image: segment 3: paddr=00030020 vaddr=42000020 size=36b54h (224084) map[0m
[0;32mI (157) esp_image: segment 4: paddr=00066b7c vaddr=4037e120 size=06ad4h ( 27348) load[0m
[0;32mI (163) esp_image: segment 5: paddr=0006d658 vaddr=600fe100 size=0001ch (    28) load[0m
[0;32mI (169) boot: Loaded app from partition at offset 0x10000[0m
[0;32mI (170) boot: Disabling RNG early entropy source...[0m
[0;32mI (182) cpu_start: Multicore app[0m
[0;32mI (191) cpu_start: Pro cpu start user code[0m
[0;32mI (191) cpu_start: cpu freq: 160000000 Hz[0m
[0;32mI (191) app_init: Application information:[0m
[0;32mI (191) app_init: Project name:     app-template[0m
[0;32mI (195) app_init: App version:      6d4ace7[0m
[0;32mI (199) app_init: Compile time:     Apr 25 2025 15:14:48[0m
[0;32mI (204) app_init: ELF file SHA256:  44e91ac3d...[0m
[0;32mI (209) app_init: ESP-IDF:          HEAD-HASH-NOTFOUND[0m
[0;32mI (213) efuse_init: Min chip rev:     v0.0[0m
[0;32mI (217) efuse_init: Max chip rev:     v0.99 [0m
[0;32mI (221) efuse_init: Chip rev:         v0.2[0m
[0;32mI (225) heap_init: Initializing. RAM available for dynamic allocation:[0m
[0;32mI (231) heap_init: At 3FC98B98 len 00050B78 (322 KiB): RAM[0m
[0;32mI (237) heap_init: At 3FCE9710 len 00005724 (21 KiB): RAM[0m
[0;32mI (242) heap_init: At 3FCF0000 len 00008000 (32 KiB): DRAM[0m
[0;32mI (247) heap_init: At 600FE11C len 00001ECC (7 KiB): RTCRAM[0m
[0;32mI (253) spi_flash: detected chip: gd[0m
[0;32mI (255) spi_flash: flash io: dio[0m
[0;33mW (258) spi_flash: Detected size(8192k) larger than the size in the binary image header(2048k). Using the size in the binary image header.[0m
[0;32mI (271) sleep_gpio: Configure to isolate all GPIO pins in sleep state[0m
[0;32mI (277) sleep_gpio: Enable automatic switching of GPIO sleep configuration[0m
[0;32mI (284) main_task: Started on CPU0[0m
[0;32mI (304) main_task: Calling app_main()[0m
[1;31mE (504) w5500.mac: w5500_spi_init(84): incorrect SPI frame format (command_bits/address_bits)[0m
[1;31mE (504) w5500.mac: esp_eth_mac_new_w5500(915): SPI initialization failed[0m
[1;31mE (504) esp_eth: esp_eth_driver_install(189): can't set eth->mac or eth->phy to null[0m
ESP_ERROR_CHECK failed: esp_err_t 0x102 (ESP_ERR_INVALID_ARG) at 0x4200b5b8
file: "./main/main.c" line 125
func: app_main
expression: esp_eth_driver_install(&eth_config, &eth_handle)

abort() was called at PC 0x4037b5cf on core 0


Backtrace: 0x40375bd1:0x3fc9c410 0x4037b5d9:0x3fc9c430 0x40382b35:0x3fc9c450 0x4037b5cf:0x3fc9c4c0 0x4200b5b8:0x3fc9c4f0 0x42035fa3:0x3fc9c600 0x4037bfb9:0x3fc9c630




ELF file SHA256: 44e91ac3d

Rebooting...
ï¿½ï¿½ï¿½ESP-ROM:esp32s3-20210327
Build:Mar 27 2021
rst:0xc (RTC_SW_CPU_RST),boot:0x8 (SPI_FAST_FLASH_BOOT)
Saved PC:0x40375b10
SPIWP:0xee
mode:DIO, clock div:1
load:0x3fce2810,len:0x15a0
load:0x403c8700,len:0x4
load:0x403c8704,len:0xd20
load:0x403cb700,len:0x2ee4
entry 0x403c8928
[0;32mI (31) boot: ESP-IDF HEAD-HASH-NOTFOUND 2nd stage bootloader[0m
[0;32mI (31) boot: compile time Apr 21 2025 15:45:26[0m
[0;32mI (31) boot: Multicore bootloader[0m
[0;32mI (32) boot: chip revision: v0.2[0m
[0;32mI (35) boot: efuse block revision: v1.3[0m
[0;32mI (39) boot.esp32s3: Boot SPI Speed : 80MHz[0m
[0;32mI (43) boot.esp32s3: SPI Mode       : DIO[0m
[0;32mI (46) boot.esp32s3: SPI Flash Size : 2MB[0m
[0;32mI (50) boot: Enabling RNG early entropy source...[0m
[0;32mI (55) boot: Partition Table:[0m
[0;32mI (57) boot: ## Label            Usage          Type ST Offset  ï¿½ï¿½ï¿½ï¿½ï¿½ï¿½ï¿½ï¿½ï¿½ï¿½I (108) esp_image: sï¿½ ( 27348) load[0m
[0;32mI (167) esp_image: segment 5: paddr=0006d658 vaddr=600fe100 size=0001ch (    28) load[0m
[0;32mI (173) boot: Loaded app from partition at offset 0x10000[0m
[0;32mI (174) boot: Disabling RNG early entropy source...[0m
[0;32mI (186) cpu_start: Multicore app[0m
[0;32mI (195) cpu_start: Pro cpu start user code[0m
[0;32mI (195) cpu_start: cpu freq: 160000000 Hz[0m
[0;32mI (195) app_init: Application information:[0m
[0;32mI (195) app_init: Project name:     app-template[0m
[0;32mI (199) app_init: App version:      6d4ace7[0m
[0;32mI (203) app_init: Compile time:     Apr 25 2025 15:14:48[0m
[0;32mI (208) app_init: ELF file SHA256:  44e91ac3d...[0m
[0;32mI (213)I (195) cpu_start: Pro cpu start user code[0m
[0;32mI (195) cpu_start: cpu freq: 160000000 Hz[0m
[0;32mI (195) app_init: Application information:[0m
[0;32mI (195) app_init: Project name:     app-template[0m
[0;32mI (199) app_init: App version:      6d4ace7[0m
[0;32mI (203) app_init: Compile time:     Apr 25 2025 15:14:48[0m
[0;32mI (208) app_init: ELF file SHA256:  44e91ac3d...[0m
[0;32mI (213) app_init: ESP-IDF:          HEAD-HASH-NOTFOUND[0m
[0;32mI (217) efuse_init: Min chip rev:     v0.0[0m
[0;32mI (221) efuse_init: Max chip rev:     v0.99 [0m
[0;32mI (225) efuse_init: Chip rev:         v0.2[0m
[0;32mI (229) heap_init: Initializing. RAM available for dynamic allocation:[0m
[0;32mI (235) heap_init: At 3FC98B98 len 00050B78 (322 KiB): RAM[0m
[0;32mI (241) heap_init: At 3FCE9710 len 00005724 (21 KiB): RAM[0m
[0;32mI (246) heap_init: At 3FCF0000 len 00008000 (32 KiB): DRAM[0m
[0;32mI (251) heap_init: At 600FE11C len 00001ECC (7 KiB): RTCRAM[0m
[0;32mI (257) spi_flash: detected chip: gd[0m
[0;32mI (259) spi_flash: flash io: dio[0m
[0;33mW (262) spi_flash: Detected size(8192k) larger than the size in the binary image header(2048k). Using the size in the binary image header.[0m
[0;32mI (275) sleep_gpio: Configure to isolate all GPIO pins in sleep state[0m
[0;32mI (281) sleep_gpio: Enable automatic switching of GPIO sleep configuration[0m
[0;32mI (288) main_task: Started on CPU0[0m
[0;32mI (308) main_task: Calling app_main()[0m
ï¿½ï¿½ï¿½}ï¿½ï¿½ï¿½Í¥jRT	ï¿½ï¿½%HWS&&ï¿½+Ö–'ï¿½Y.\Uï¿½ï¿½}ï¿½ï¿½ï¿½}ï¿½ï¿½ï¿½}ï¿½Õªï¿½ï¿½BÊŠï¿½Jï¿½ï¿½ï¿½
)ï¿½+ï¿½W++Kï¿½Ñ¥ï¿½ï¿½ï¿½2ï¿½ï¿½ï¿½ï¿½ï¿½5R*Bï¿½ï¿½ï¿½J*ï¿½ï¿½}ï¿½ï¿½ï¿½ï¿½*ï¿½ï¿½}ï¿½Ñ¡}ï¿½É¥Ù•ï¿½}ï¿½ï¿½ï¿½Ñ…ï¿½ï¿½ï¿½ï¿½ï¿½ï¿½Jï¿½ï¿½ï¿½ï¿½ï¿½ï¿½ï¿½ï¿½Ñ*Ñ¡ï¿½ï¿½jï¿½ï¿½ï¿½zÉ*Ñ¡ï¿½ï¿½ï¿½ï¿½ï¿½ï¿½ï¿½rÕ±ï¿½5R*5ï¿½UJ%ï¿½Jï¿½5
ï¿½ï¿½ï¿½)$Vï¿½-[Yï¿½ï¿½ esp_err_t 0x102 (ESP_ERR_INVALID_ARG) at 0x4200b5b8
file: "./main/main.c" line 125
func: app_main
expression: esp_eth_driver_install(&eth_config, &eth_handle)

abort() was called at PC 0x4037b5cf on core 0


Backtrace: 0x40375bd1:0x3fc9c410 0x4037b5d9:0x3fc9c430 0x40382b35:0x3fc9c450 0x4037b5cf:0x3fc9c4c0 0x4200b5b8:0x3fc9c4f0 0x42035fa3:0x3fc9c600 0x4037bfb9:0x3fc9c630




ELF file SHA256: 44e91ac3d

Rebooting...
ESP-ROM:esp32s3-20210327
Build:Mar 27 2021
rst:0xc (RTC_SW_CPU_RST),boot:0x8 (SPI_FAST_FLASH_BOOT)
Saved PC:0x40375b10
SPIWP:0xee
mode:DIO, clock div:1
load:0x3fce2810,len:0x15a0
load:0x403c8700,len:0x4
load:0x403c8704,len:0xd20
load:0x403cb700,len:0x2ee4
entry 0x403c8928
[0;32mI (31) boot: ESP-IDF HEAD-HASH-NOTFOUND 2nd stage bootloader[0m
[0;32mI (31) boot: compile time Apr 21 2025 15:45:26[0m
[0;32mI (31) boot: Multicore bootloader[0m
[0;32mI (32) boot: chip revision: v0.2[0m
[0;32mI (35) boot: efuse block revision: v1.3[0m
[0;32mI (39) boot.esp32s3: Boot SPI Speed : 80MHz[0m
[0;32mI (43) boot.esp32s3: SPI Mode       : DIO[0m
[0;32mI (46) boot.esp32s3: SPI Flash Size : 2MB[0m
[0;32mI (50) boot: Enabling RNG early entropy source...[0m
[0;32mI (55) boot: Partition Table:[0m
[0;32mI (57) boot: ## Label            Usage          Type ST Offset   Length[0m
[0;32mI (64) boot:  0 nvs              WiFi data        01 02 00009000 00006000[0m
[0;32mI (70) boot:  1 phy_init         RF data          01 01 0000f000 00001000[0m
[0;32mI (77) boot:  2 factory          factory app      00 00 00010000 00100000[0m
[0;32mI (83) boot: End of partition table[0m
[0;32mI (86) esp_image: segment 0: paddr=00010020 vaddr=3c040020 size=13304h ( 78596) map[0m
[0;32mI (108) esp_iï¿½LF file SHA256:  44e91ac3d...[0m
[0;32mI (213) app_init: ESP-IDF:          HEAD-HASH-NOTFOUND[0m
[0;32mI (217) efuse_init: Min chip rev:     v0.0[0m
[0;32mI (221) efuse_init: Max chip rev:     v0.99 [0m
[0;32mI (225) efuse_init: Chip rev:         v0.2[0m
[0;32mI (229) heap_init: Initializing. RAM available for dynamic allocation:[0m
[0;32mI (235) heap_init: At 3FC98B98 len 00050B78 (322 KiB): RAM[0m
[0;32mI (241) heap_init: At 3FCE9710 len 00005724 (21 KiB): RAM[0m
[0;32mI (246) heap_init: At 3FCF0000 len 00008000 (32 KiB): DRAM[0m
[0;32mI (251) heap_init: At 600FE11C len 00001ECC (7 KiB): RTCRAM[0m
[0;32mI (257) spi_flash: detected chip: gd[0m
[0;32mI (259) spi_flash: flash io: dio[0m
[0;33mW (262) spi_flash: Detected size(8192k) larger than the size in the binary image header(2048k). Using the size in the binary image heï¿½E (508) w5500.mac: w5500_spi_init(84): incorrect SPI frame format (command_bits/address_bits)[0m
[1;31mE (508) w5500.mac: esp_eth_mac_new_w5500(915): SPI initialization failed[0m
[1;31mE (508) esp_eth: esp_eth_driver_install(189): can't set eth->mac or eth->phy to null[0m
ESP_ERROR_CHECK failed: esp_err_t 0x102 (ESP_ERR_INVALID_ARG) at 0x4200b5b8
file: "./main/main.c" line 125
func: app_main
expression: esp_eth_driver_install(&eth_config, &eth_handle)

abort() was called at PC 0x4037b5cf on core 0


Backtrace: 0x40375bd1:0x3fc9c410 0x4037b5d9:0x3fc9c430 0x40382b35:0x3fc9c450 0x4037b5cf:0x3fc9c4c0 0x4200b5b8:0x3fc9c4f0 0x42035fa3:0x3fc9c600 0x4037bfb9:0x3fc9c630




ELF file SHA256: 44e91ac3d

Rebooting...
ESP-ROM:esp32s3-20210327
Build:Mar 27 2021
rst:0xc (RTC_SW_CPU_RST),boot:0x8 (SPI_FAST_FLASH_BOOT)
Saved PC:0x40375b10
SPIWP:0xee
mode:DIO, clock div:1
load:0x3fce2810,len:0x15a0
load:0x403c8700,len:0x4
load:0x403c8704,len:0xd20
load:0x403cb700,len:0x2ee4
entry 0x403c8928
[0;32mI (31) boot: ESP-IDF HEAD-HASH-NOTFOUND 2nd stage bootloader[0m
[0;32mI (31) boot: compile time Apr 21 2025 15:45:26[0m
[0;32mI (31) boot: Multicore bootloader[0m
[0;32mI (32) boot: chip revision: v0.2[0m
[0;32mI (35) boot: efuse block revision: v1.3[0m
[0;32mI (39) boot.esp32s3: Boot SPI Speed : 80MHz[0m
[0;32mI (43) boot.esp32s3: SPI Mode       : DIO[0m
[0;32mI (46) boot.esp32s3: SPI Flash Size : 2MB[0m
[0;32mI (50) boot: Enabling RNG early entropy source...[0m
[0;32mI (55) boot: Partition Table:[0m
[0;32mI (57) boot: ## Label            Usage          Type ST Offset   Length[0m
[0;32mI (64) boot:  0 nvs              WiFi data        01 02 00009000 00006000[0m
[0;32mI (70) boot:  1 phy_init         RF data          01 01 0000f000 00001000[0m
[0;32mI (77) boot:  2 factory          factory app      00 00 00010000 00100000[0m
[0;32mI (83) boot: End of partition table[0m
[0;32mI (86) esp_image: segment 0: paddr=00010020 vaddr=3c040020 size=13304h ( 78596) map[0m
[0;32mI (108) esp_image: segment 1: paddr=0002332c vaddr=3fc94d00 size=02bc4h ( 11204) load[0m
[0;32mI (110) esp_image: segment 2: paddr=00025ef8 vaddr=40374000 size=0a120h ( 41248) load[0m
[0;32mI (121) esp_image: segment 3: paddr=00030020 vaddr=42000020 size=36b54h (224084) map[0m
[0;32mI (160) esp_image: segment 4: paddr=00066b7c vaddr=4037e120 size=06ad4h ( 27348) load[0m
[0;32mI (167) esp_image: segment 5: paddr=0006d658 vaddr=600fe100 size=0001ch (    28) load[0m
[0;32mI (173) boot: Loaded app from partition at offset 0x10000[0m
[0;32mI (174) boot: Disabling RNG early entropy source...[0m
[0;32mI (186) cpu_start: Multicore app[0m
[0;32mI (195) cpu_start: Pro cpu start user code[0m
[0;32mI (195) cpu_start: cpu freq: 160000000 Hz[0m
[0;32mI (195) app_init: Application information:[0m
[0;32mI (195) app_init: Project name:     app-template[0m
[0;32mI (199) app_init: App version:      6d4ace7[0m
[0;32mI (203) app_init: Compile time:     Apr 25 2025 15:14:48[0m
[0;32mI (208) app_init: ELF file SHA256:  44e91ac3d...[0m
[0;32mI (213) app_init: ESP-IDF:          HEAD-HASH-NOTFOUND[0m
[0;32mI (217) efuse_init: Min chip rev:     v0.0[0m
[0;32mI (221) efuse_init: Max chip rev:     v0.99 [0m
[0;32mI (225) efuse_init: Chip rev:         v0.2[0m
[0;32mI (229) heap_init: Initializing. RAM available for dynamic allocation:[0m
[0;32mI (235) heap_init: At 3FC98B98 len 00050B78 (322 KiB): RAM[0m
[0;32mI (241) heap_init: At 3FCE9710 len 00005724 (21 KiB): RAM[0m
[0;32mI (246) heap_init: At 3FCF0000 len 00008000 (32 KiB): DRAM[0m
[0;32mI (251) heap_init: At 600FE11C len 00001ECC (7 KiB): RTCRAM[0m
[0;32mI (257) spi_flash: detected chip: gd[0m
[0;32mI (259) spi_flash: flash io: dio[0m
[0;33mW (262) spi_flash: Detected size(8192k) larger than the size in the binary image header(2048k). Using the size in the binary image header.[0m
[0;32mI (275) sleep_gpio: Configure to isolate all GPIO pins in sleep state[0m
[0;32mI (281) sleep_gpio: Enable automatic switching of GPIO sleep configuration[0m
[0;32mI (288) main_task: Started on CPU0[0m
[0;32mI (308) main_task: Calling app_main()[0m
[1;31mE (508) w5500.mac: w5500_spi_init(84): incorrect SPI frame format (command_bits/address_bits)[0m
[1;31mE (508) w5500.mac: esp_eth_mac_new_w5500(915): SPI initialization failed[0m
[1;31mE (508) esp_eth: esp_eth_driver_install(189): can't set eth->mac or eth->phy to null[0m
ESP_ERROR_CHECK failed: esp_err_t 0x102 (ESP_ERR_INVALID_ARG) at 0x4200b5b8
file: "./main/main.c" line 125
func: app_main
expression: esp_eth_driver_install(&eth_config, &eth_handle)

abort() was called at PC 0x4037b5cf on core 0


Backtrace: 0x40375bd1:0x3fc9c410 0x4037b5d9:0x3fc9c430 0x40382b35:0x3fc9c450 0x4037b5cf:0x3fc9c4c0 0x4200b5b8:0x3fc9c4f0 0x42035fa3:0x3fc9c600 0x4037bfb9:0x3fc9c630




ELF file SHA256: 44e91ac3d

Rebooting...
ESP-ROM:esp32s3-20210327
Build:Mar 27 2021
rst:0xc (RTC_SW_CPU_RST),boot:0x8 (SPI_FAST_FLASH_BOOT)
Saved PC:0x40375b10
SPIWP:0xee
mode:DIO, clock div:1
load:0x3fce2810,len:0x15a0
load:0x403c8700,len:0x4
load:0x403c8704,len:0xd20
load:0x403cb700,len:0x2ee4
entry 0x403c8928
[0;32mI (31) boot: ESP-IDF HEAD-HASH-NOTFOUND 2nd stage bootloader[0m
[0;32mI (31) boot: compile time Apr 21 2025 15:45:26[0m
[0;32mI (31) boot: Multicore bootloader[0m
[0;32mI (32) boot: chip revision: v0.2[0m
[0;32mI (35) boot: efuse block revision: v1.3[0m
[0;32mI (39) boot.esp32s3: Boot SPI Speed : 80MHz[0m
[0;32mI (43) boot.esp32s3: SPI Mode       : DIO[0m
[0;32mI (46) boot.esp32s3: SPI Flash Size : 2MB[0m
[0;32mI (50) boot: Enabling RNG early entropy source...[0m
[0;32mI (55) boot: Partition Table:[0m
[0;32mI (57) boot: ## Label            Usage          Type ST Offset   Length[0m
[0;32mI (64) boot:  0 nvs              WiFi data        01 02 00009000 00006000[0m
[0;32mI (70) boot:  1 phy_init         RF data          01 01 0000f000 00001000[0m
[0;32mI (77) boot:  2 factory          factory app      00 00 00010000 00100000[0m
[0;32mI (83) boot: End of partition table[0m
[0;32mI (86) esp_image: segment 0: paddr=00010020 vaddr=3c040020 size=13304h ( 78596) map[0m
[0;32mI (108) esp_image: segment 1: paddr=0002332c vaddr=3fc94d00 size=02bc4h ( 11204) load[0m
[0;32mI (110) esp_image: segment 2: paddr=00025ef8 vaddr=40374000 size=0a120h ( 41248) load[0m
[0;32mI (121) esp_image: segment 3: paddr=00030020 vaddr=42000020 size=36b54h (224084) map[0m
[0;32mI (160) esp_image: segment 4: paddr=00066b7c vaddr=4037e120 size=06ad4h ( 27348) load[0m
[0;32mI (167) esp_image: segment 5: paddr=0006d658 vaddr=600fe100 size=0001ch (    28) load[0m
[0;32mI (173) boot: Loaded app from partition at offset 0x10000[0m
[0;32mI (174) boot: Disabling RNG early entropy source...[0m
[0;32mI (186) cpu_start: Multicore app[0m
[0;32mI (195) cpu_start: Pro cpu start user code[0m
[0;32mI (195) cpu_start: cpu freq: 160000000 Hz[0m
[0;32mI (195) app_init: Application information:[0m
[0;32mI (195) app_init: Project name:     app-template[0m
[0;32mI (199) app_init: App version:      6d4ace7[0m
[0;32mI (203) app_init: Compile time:     Apr 25 2025 15:14:48[0m
[0;32mI (208) app_init: ELF file SHA256:  44e91ac3d...[0m
[0;32mI (213) app_init: ESP-IDF:          HEAD-HASH-NOTFOUND[0m
[0;32mI (217) efuse_init: Min chip rev:     v0.0[0m
[0;32mI (221) efuse_init: Max chip rev:     v0.99 [0m
[0;32mI (225) efuse_init: Chip rev:         v0.2[0m
[0;32mI (229) heap_init: Initializing. RAM available for dynamic allocation:[0m
[0;32mI (235) heap_init: At 3FC98B98 len 00050B78 (322 KiB): RAM[0m
[0;32mI (241) heap_init: At 3FCE9710 len 00005724 (21 KiB): RAM[0m
[0;32mI (246) heap_init: At 3FCF0000 len 00008000 (32 KiB): DRAM[0m
[0;32mI (251) heap_init: At 600FE11C len 00001ECC (7 KiB): RTCRAM[0m
[0;32mI (257) spi_flash: detected chip: gd[0m
[0;32mI (259) spi_flash: flash io: dio[0m
[0;33mW (262) spi_flash: Detected size(8192k) larger than the size in the binary image header(2048k). Using the size in the binary image header.[0m
[0;32mI (275) sleep_gpio: Configure to isolate all GPIO pins in sleep state[0m
[0;32mI (281) sleep_gpio: Enable automatic switching of GPIO sleep configuration[0m
[0;32mI (288) main_task: Started on CPU0[0m
[0;32mI (308) main_task: Calling app_main()[0m
[1;31mE (508) w5500.mac: w5500_spi_init(84): incorrect SPI frame format (command_bits/address_bits)[0m
[1;31mE (508) w5500.mac: esp_eth_mac_new_w5500(915): SPI initialization failed[0m
[1;31mE (508) esp_eth: esp_eth_driver_install(189): can't set eth->mac or eth->phy to null[0m
ESP_ERROR_CHECK failed: esp_err_t 0x102 (ESP_ERR_INVALID_ARG) at 0x4200b5b8
file: "./main/main.c" line 125
func: app_main
expression: esp_eth_driver_install(&eth_config, &eth_handle)

abort() was called at PC 0x4037b5cf on core 0


Backtrace: 0x40375bd1:0x3fc9c410 0x4037b5d9:0x3fc9c430 0x40382b35:0x3fc9c450 0x4037b5cf:0x3fc9c4c0 0x4200b5b8:0x3fc9c4f0 0x42035fa3:0x3fc9c600 0x4037bfb9:0x3fc9c630




ELF file SHA256: 44e91ac3d

Rebooting...
ESP-ROM:esp32s3-20210327
Build:Mar 27 2021
rst:0xc (RTC_SW_CPU_RST),boot:0x8 (SPI_FAST_FLASH_BOOT)
Saved PC:0x40375b10
SPIWP:0xee
mode:DIO, clock div:1
load:0x3fce2810,len:0x15a0
load:0x403c8700,len:0x4
load:0x403c8704,len:0xd20
load:0x403cb700,len:0x2ee4
entry 0x403c8928
[0;32mI (31) boot: ESP-IDF HEAD-HASH-NOTFOUND 2nd stage bootloader[0m
[0;32mI (31) boot: compile time Apr 21 2025 15:45:26[0m
[0;32mI (31) boot: Multicore bootloader[0m
[0;32mI (32) boot: chip revision: v0.2[0m
[0;32mI (35) boot: efuse block revision: v1.3[0m
[0;32mI (39) boot.esp32s3: Boot SPI Speed : 80MHz[0m
[0;32mI (43) boot.esp32s3: SPI Mode       : DIO[0m
[0;32mI (46) boot.esp32s3: SPI Flash Size : 2MB[0m
[0;32mI (50) boot: Enabling RNG early entropy source...[0m
[0;32mI (55) boot: Partition Table:[0m
[0;32mI (57) boot: ## Label            Usage          Type ST Offset   Length[0m
[0;32mI (64) boot:  0 nvs              WiFi data        01 02 00009000 00006000[0m
[0;32mI (70) boot:  1 phy_init         RF data          01 01 0000f000 00001000[0m
[0;32mI (77) boot:  2 factory          factory app      00 00 00010000 00100000[0m
[0;32mI (83) boot: End of partition table[0m
[0;32mI (86) esp_image: segment 0: paddr=00010020 vaddr=3c040020 size=13304h ( 78596) map[0m
[0;32mI (108) esp_image: segment 1: paddr=0002332c vaddr=3fc94d00 size=02bc4h ( 11204) load[0m
[0;32mI (110) esp_image: segment 2: paddr=00025ef8 vaddr=40374000 size=0a120h ( 41248) load[0m
[0;32mI (121) esp_image: segment 3: paddr=00030020 vaddr=42000020 size=36b54h (224084) map[0m
[0;32mI (160) esp_image: segment 4: paddr=00066b7c vaddr=4037e120 size=06ad4h ( 27348) load[0m
[0;32mI (167) esp_image: segment 5: paddr=0006d658 vaddr=600fe100 size=0001ch (    28) load[0m
[0;32mI (173) boot: Loaded app from partition at offset 0x10000[0m
[0;32mI (174) boot: Disabling RNG early entropy source...[0m
[0;32mI (186) cpu_start: Multicore app[0m
[0;32mI (195) cpu_start: Pro cpu start user code[0m
[0;32mI (195) cpu_start: cpu freq: 160000000 Hz[0m
[0;32mI (195) app_init: Application information:[0m
[0;32mI (195) app_init: Project name:     app-template[0m
[0;32mI (199) app_init: App version:      6d4ace7[0m
[0;32mI (203) app_init: Compile time:     Apr 25 2025 15:14:48[0m
[0;32mI (208) app_init: ELF file SHA256:  44e91ac3d...[0m
[0;32mI (213) app_init: ESP-IDF:          HEAD-HASH-NOTFOUND[0m
[0;32mI (217) efuse_init: Min chip rev:     v0.0[0m
[0;32mI (221) efuse_init: Max chip rev:     v0.99 [0m
[0;32mI (225) efuse_init: Chip rev:         v0.2[0m
[0;32mI (229) heap_init: Initializing. RAM available for dynamic allocation:[0m
[0;32mI (235) heap_init: At 3FC98B98 len 00050B78 (322 KiB): RAM[0m
[0;32mI (241) heap_init: At 3FCE9710 len 00005724 (21 KiB): RAM[0m
[0;32mI (246) heap_init: At 3FCF0000 len 00008000 (32 KiB): DRAM[0m
[0;32mI (251) heap_init: At 600FE11C len 00001ECC (7 KiB): RTCRAM[0m
[0;32mI (257) spi_flash: detected chip: gd[0m
[0;32mI (259) spi_flash: flash io: dio[0m
[0;33mW (262) spi_flash: Detected size(8192k) larger than the size in the binary image header(2048k). Using the size in the binary image header.[0m
[0;32mI (275) sleep_gpio: Configure to isolate all GPIO pins in sleep state[0m
[0;32mI (281) sleep_gpio: Enable automatic switching of GPIO sleep configuration[0m
[0;32mI (288) main_task: Started on CPU0[0m
[0;32mI (308) main_task: Calling app_main()[0m
[1;31mE (508) w5500.mac: w5500_spi_init(84): incorrect SPI frame format (command_bits/address_bits)[0m
[1;31mE (508) w5500.mac: esp_eth_mac_new_w5500(915): SPI initialization failed[0m
[1;31mE (508) esp_eth: esp_eth_driver_install(189): can't set eth->mac or eth->phy to null[0m
ESP_ERROR_CHECK failed: esp_err_t 0x102 (ESP_ERR_INVALID_ARG) at 0x4200b5b8
file: "./main/main.c" line 125
func: app_main
expression: esp_eth_driver_install(&eth_config, &eth_handle)

abort() was called at PC 0x4037b5cf on core 0


Backtrace: 0x40375bd1:0x3fc9c410 0x4037b5d9:0x3fc9c430 0x40382b35:0x3fc9c450 0x4037b5cf:0x3fc9c4c0 0x4200b5b8:0x3fc9c4f0 0x42035fa3:0x3fc9c600 0x4037bfb9:0x3fc9c630




ELF file SHA256: 44e91ac3d

Rebooting...
ESP-ROM:esp32s3-20210327
Build:Mar 27 2021
rst:0xc (RTC_SW_CPU_RST),boot:0x8 (SPI_FAST_FLASH_BOOT)
Saved PC:0x40375b10
SPIWP:0xee
mode:DIO, clock div:1
load:0x3fce2810,len:0x15a0
load:0x403c8700,len:0x4
load:0x403c8704,len:0xd20
load:0x403cb700,len:0x2ee4
entry 0x403c8928
[0;32mI (31) boot: ESP-IDF HEAD-HASH-NOTFOUND 2nd stage bootloader[0m
[0;32mI (31) boot: compile time Apr 21 2025 15:45:26[0m
[0;32mI (31) boot: Multicore bootloader[0m
[0;32mI (32) boot: chip revision: v0.2[0m
[0;32mI (35) boot: efuse block revision: v1.3[0m
[0;32mI (39) boot.esp32s3: Boot SPI Speed : 80MHz[0m
[0;32mI (43) boot.esp32s3: SPI Mode       : DIO[0m
[0;32mI (46) boot.esp32s3: SPI Flash Size : 2MB[0m
[0;32mI (50) boot: Enabling RNG early entropy source...[0m
[0;32mI (55) boot: Partition Table:[0m
[0;32mI (57) boot: ## Label            Usage          Type ST Offset   Length[0m
[0;32mI (64) boot:  0 nvs              WiFi data        01 02 00009000 00006000[0m
[0;32mI (70) boot:  1 phy_init         RF data          01 01 0000f000 00001000[0m
[0;32mI (77) boot:  2 factory          factory app      00 00 00010000 00100000[0m
[0;32mI (83) boot: End of partition table[0m
[0;32mI (86) esp_image: segment 0: paddr=00010020 vaddr=3c040020 size=13304h ( 78596) map[0m
[0;32mI (108) esp_image: segment 1: paddr=0002332c vaddr=3fc94d00 size=02bc4h ( 11204) load[0m
[0;32mI (110) esp_image: segment 2: paddr=00025ef8 vaddr=40374000 size=0a120h ( 41248) load[0m
[0;32mI (121) esp_image: segment 3: paddr=00030020 vaddr=42000020 size=36b54h (224084) map[0m
[0;32mI (160) esp_image: segment 4: paddr=00066b7c vaddr=4037e120 size=06ad4h ( 27348) load[0m
[0;32mI (167) esp_image: segment 5: paddr=0006d658 vaddr=600fe100 size=0001ch (    28) load[0m
[0;32mI (173) boot: Loaded app from partition at offset 0x10000[0m
[0;32mI (174) boot: Disabling RNG early entropy source...[0m
[0;32mI (186) cpu_start: Multicore app[0m
[0;32mI (195) cpu_start: Pro cpu start user code[0m
[0;32mI (195) cpu_start: cpu freq: 160000000 Hz[0m
[0;32mI (195) app_init: Application information:[0m
[0;32mI (195) app_init: Project name:     app-template[0m
[0;32mI (199) app_init: App version:      6d4ace7[0m
[0;32mI (203) app_init: Compile time:     Apr 25 2025 15:14:48[0m
[0;32mI (208) app_init: ELF file SHA256:  44e91ac3d...[0m
[0;32mI (213) app_init: ESP-IDF:          HEAD-HASH-NOTFOUND[0m
[0;32mI (217) efuse_init: Min chip rev:     v0.0[0m
[0;32mI (221) efuse_init: Max chip rev:     v0.99 [0m
[0;32mI (225) efuse_init: Chip rev:         v0.2[0m
[0;32mI (229) heap_init: Initializing. RAM available for dynamic allocation:[0m
[0;32mI (235) heap_init: At 3FC98B98 len 00050B78 (322 KiB): RAM[0m
[0;32mI (241) heap_init: At 3FCE9710 len 00005724 (21 KiB): RAM[0m
[0;32mI (246) heap_init: At 3FCF0000 len 00008000 (32 KiB): DRAM[0m
[0;32mI (251) heap_init: At 600FE11C len 00001ECC (7 KiB): RTCRAM[0m
[0;32mI (257) spi_flash: detected chip: gd[0m
[0;32mI (259) spi_flash: flash io: dio[0m
[0;33mW (262) spi_flash: Detected size(8192k) larger than the size in the binary image header(2048k). Using the size in the binary image header.[0m
[0;32mI (275) sleep_gpio: Configure to isolate all GPIO pins in sleep state[0m
[0;32mI (281) sleep_gpio: Enable automatic switching of GPIO sleep configuration[0m
[0;32mI (288) main_task: Started on CPU0[0m
[0;32mI (308) main_task: Calling app_main()[0m
[1;31mE (508) w5500.mac: w5500_spi_init(84): incorrect SPI frame format (command_bits/address_bits)[0m
[1;31mE (508) w5500.mac: esp_eth_mac_new_w5500(915): SPI initialization failed[0m
[1;31mE (508) esp_eth: esp_eth_driver_install(189): can't set eth->mac or eth->phy to null[0m
ESP_ERROR_CHECK failed: esp_err_t 0x102 (ESP_ERR_INVALID_ARG) at 0x4200b5b8
file: "./main/main.c" line 125
func: app_main
expression: esp_eth_driver_install(&eth_config, &eth_handle)

abort() was called at PC 0x4037b5cf on core 0


Backtrace: 0x40375bd1:0x3fc9c410 0x4037b5d9:0x3fc9c430 0x40382b35:0x3fc9c450 0x4037b5cf:0x3fc9c4c0 0x4200b5b8:0x3fc9c4f0 0x42035fa3:0x3fc9c600 0x4037bfb9:0x3fc9c630




ELF file SHA256: 44e91ac3d

Rebooting...
ESP-ROM:esp32s3-20210327
Build:Mar 27 2021
rst:0xc (RTC_SW_CPU_RST),boot:0x8 (SPI_FAST_FLASH_BOOT)
Saved PC:0x40375b10
SPIWP:0xee
mode:DIO, clock div:1
load:0x3fce2810,len:0x15a0
load:0x403c8700,len:0x4
load:0x403c8704,len:0xd20
load:0x403cb700,len:0x2ee4
entry 0x403c8928
[0;32mI (31) boot: ESP-IDF HEAD-HASH-NOTFOUND 2nd stage bootloader[0m
[0;32mI (31) boot: compile time Apr 21 2025 15:45:26[0m
[0;32mI (31) boot: Multicore bootloader[0m
[0;32mI (32) boot: chip revision: v0.2[0m
[0;32mI (35) boot: efuse block revision: v1.3[0m
[0;32mI (39) boot.esp32s3: Boot SPI Speed : 80MHz[0m
[0;32mI (43) boot.esp32s3: SPI Mode       : DIO[0m
[0;32mI (46) boot.esp32s3: SPI Flash Size : 2MB[0m
[0;32mI (50) boot: Enabling RNG early entropy source...[0m
[0;32mI (55) boot: Partition Table:[0m
[0;32mI (57) boot: ## Label            Usage          Type ST Offset   Length[0m
[0;32mI (64) boot:  0 nvs              WiFi data        01 02 00009000 00006000[0m
[0;32mI (70) boot:  1 phy_init         RF data          01 01 0000f000 00001000[0m
[0;32mI (77) boot:  2 factory          factory app      00 00 00010000 00100000[0m
[0;32mI (83) boot: End of partition table[0m
[0;32mI (86) esp_image: segment 0: paddr=00010020 vaddr=3c040020 size=13304h ( 78596) map[0m
[0;32mI (108) esp_image: segment 1: paddr=0002332c vaddr=3fc94d00 size=02bc4h ( 11204) load[0m
[0;32mI (110) esp_image: segment 2: paddr=00025ef8 vaddr=40374000 size=0a120h ( 41248) load[0m
[0;32mI (121) esp_image: segment 3: paddr=00030020 vaddr=42000020 size=36b54h (224084) map[0m
[0;32mI (160) esp_image: segment 4: paddr=00066b7c vaddr=4037e120 size=06ad4h ( 27348) load[0m
[0;32mI (167) esp_image: segment 5: paddr=0006d658 vaddr=600fe100 size=0001ch (    28) load[0m
[0;32mI (173) boot: Loaded app from partition at offset 0x10000[0m
[0;32mI (174) boot: Disabling RNG early entropy source...[0m
[0;32mI (186) cpu_start: Multicore app[0m
[0;32mI (195) cpu_start: Pro cpu start user code[0m
[0;32mI (195) cpu_start: cpu freq: 160000000 Hz[0m
[0;32mI (195) app_init: Application information:[0m
[0;32mI (195) app_init: Project name:     app-template[0m
[0;32mI (199) app_init: App version:      6d4ace7[0m
[0;32mI (203) app_init: Compile time:     Apr 25 2025 15:14:48[0m
[0;32mI (208) app_init: ELF file SHA256:  44e91ac3d...[0m
[0;32mI (213) app_init: ESP-IDF:          HEAD-HASH-NOTFOUND[0m
[0;32mI (217) efuse_init: Min chip rev:     v0.0[0m
[0;32mI (221) efuse_init: Max chip rev:     v0.99 [0m
[0;32mI (225) efuse_init: Chip rev:         v0.2[0m
[0;32mI (229) heap_init: Initializing. RAM available for dynamic allocation:[0m
[0;32mI (235) heap_init: At 3FC98B98 len 00050B78 (322 KiB): RAM[0m
[0;32mI (241) heap_init: At 3FCE9710 len 00005724 (21 KiB): RAM[0m
[0;32mI (246) heap_init: At 3FCF0000 len 00008000 (32 KiB): DRAM[0m
[0;32mI (251) heap_init: At 600FE11C len 00001ECC (7 KiB): RTCRAM[0m
[0;32mI (257) spi_flash: detected chip: gd[0m
[0;32mI (259) spi_flash: flash io: dio[0m
[0;33mW (262) spi_flash: Detected size(8192k) larger than the size in the binary image header(2048k). Using the size in the binary image header.[0m
[0;32mI (275) sleep_gpio: Configure to isolate all GPIO pins in sleep state[0m
[0;32mI (281) sleep_gpio: Enable automatic switching of GPIO sleep configuration[0m
[0;32mI (288) main_task: Started on CPU0[0m
[0;32mI (308) main_task: Calling app_main()[0m
[1;31mE (508) w5500.mac: w5500_spi_init(84): incorrect SPI frame format (command_bits/address_bits)[0m
[1;31mE (508) w5500.mac: esp_eth_mac_new_w5500(915): SPI initialization failed[0m
[1;31mE (508) esp_eth: esp_eth_driver_install(189): can't set eth->mac or eth->phy to null[0m
ESP_ERROR_CHECK failed: esp_err_t 0x102 (ESP_ERR_INVALID_ARG) at 0x4200b5b8
file: "./main/main.c" line 125
func: app_main
expression: esp_eth_driver_install(&eth_config, &eth_handle)

abort() was called at PC 0x4037b5cf on core 0


Backtrace: 0x40375bd1:0x3fc9c410 0x4037b5d9:0x3fc9c430 0x40382b35:0x3fc9c450 0x4037b5cf:0x3fc9c4c0 0x4200b5b8:0x3fc9c4f0 0x42035fa3:0x3fc9c600 0x4037bfb9:0x3fc9c630




ELF file SHA256: 44e91ac3d

Rebooting...
ESP-ROM:esp32s3-20210327
Build:Mar 27 2021
rst:0xc (RTC_SW_CPU_RST),boot:0x8 (SPI_FAST_FLASH_BOOT)
Saved PC:0x40375b10
SPIWP:0xee
mode:DIO, clock div:1
load:0x3fce2810,len:0x15a0
load:0x403c8700,len:0x4
load:0x403c8704,len:0xd20
load:0x403cb700,len:0x2ee4
entry 0x403c8928
[0;32mI (31) boot: ESP-IDF HEAD-HASH-NOTFOUND 2nd stage bootloader[0m
[0;32mI (31) boot: compile time Apr 21 2025 15:45:26[0m
[0;32mI (31) boot: Multicore bootloader[0m
[0;32mI (32) boot: chip revision: v0.2[0m
[0;32mI (35) boot: efuse block revision: v1.3[0m
[0;32mI (39) boot.esp32s3: Boot SPI Speed : 80MHz[0m
[0;32mI (43) boot.esp32s3: SPI Mode       : DIO[0m
[0;32mI (46) boot.esp32s3: SPI Flash Size : 2MB[0m
[0;32mI (50) boot: Enabling RNG early entropy source...[0m
[0;32mI (55) boot: Partition Table:[0m
[0;32mI (57) boot: ## Label            Usage          Type ST Offset   Length[0m
[0;32mI (64) boot:  0 nvs              WiFi data        01 02 00009000 00006000[0m
[0;32mI (70) boot:  1 phy_init         RF data          01 01 0000f000 00001000[0m
[0;32mI (77) boot:  2 factory          factory app      00 00 00010000 00100000[0m
[0;32mI (83) boot: End of partition table[0m
[0;32mI (86) esp_image: segment 0: paddr=00010020 vaddr=3c040020 size=13304h ( 78596) map[0m
[0;32mI (108) esp_image: segment 1: paddr=0002332c vaddr=3fc94d00 size=02bc4h ( 11204) load[0m
[0;32mI (110) esp_image: segment 2: paddr=00025ef8 vaddr=40374000 size=0a120h ( 41248) load[0m
[0;32mI (121) esp_image: segment 3: paddr=00030020 vaddr=42000020 size=36b54h (224084) map[0m
[0;32mI (160) esp_image: segment 4: paddr=00066b7c vaddr=4037e120 size=06ad4h ( 27348) load[0m
[0;32mI (167) esp_image: segment 5: paddr=0006d658 vaddr=600fe100 size=0001ch (    28) load[0m
[0;32mI (173) boot: Loaded app from partition at offset 0x10000[0m
[0;32mI (174) boot: Disabling RNG early entropy source...[0m
[0;32mI (186) cpu_start: Multicore app[0m
[0;32mI (195) cpu_start: Pro cpu start user code[0m
[0;32mI (195) cpu_start: cpu freq: 160000000 Hz[0m
[0;32mI (195) app_init: Application information:[0m
[0;32mI (195) app_init: Project name:     app-template[0m
[0;32mI (199) app_init: App version:      6d4ace7[0m
[0;32mI (203) app_init: Compile time:     Apr 25 2025 15:14:48[0m
[0;32mI (208) app_init: ELF file SHA256:  44e91ac3d...[0m
[0;32mI (213) app_init: ESP-IDF:          HEAD-HASH-NOTFOUND[0m
[0;32mI (217) efuse_init: Min chip rev:     v0.0[0m
[0;32mI (221) efuse_init: Max chip rev:     v0.99 [0m
[0;32mI (225) efuse_init: Chip rev:         v0.2[0m
[0;32mI (229) heap_init: Initializing. RAM available for dynamic allocation:[0m
[0;32mI (235) heap_init: At 3FC98B98 len 00050B78 (322 KiB): RAM[0m
[0;32mI (241) heap_init: At 3FCE9710 len 00005724 (21 KiB): RAM[0m
[0;32mI (246) heap_init: At 3FCF0000 len 00008000 (32 KiB): DRAM[0m
[0;32mI (251) heap_init: At 600FE11C len 00001ECC (7 KiB): RTCRAM[0m
[0;32mI (257) spi_flash: detected chip: gd[0m
[0;32mI (259) spi_flash: flash io: dio[0m
[0;33mW (262) spi_flash: Detected size(8192k) larger than the size in the binary image header(2048k). Using the size in the binary image header.[0m
[0;32mI (275) sleep_gpio: Configure to isolate all GPIO pins in sleep state[0m
[0;32mI (281) sleep_gpio: Enable automatic switching of GPIO sleep configuration[0m
[0;32mI (288) main_task: Started on CPU0[0m
[0;32mI (308) main_task: Calling app_main()[0m
[1;31mE (508) w5500.mac: w5500_spi_init(84): incorrect SPI frame format (command_bits/address_bits)[0m
[1;31mE (508) w5500.mac: esp_eth_mac_new_w5500(915): SPI initialization failed[0m
[1;31mE (508) esp_eth: esp_eth_driver_install(189): can't set eth->mac or eth->phy to null[0m
ESP_ERROR_CHECK failed: esp_err_t 0x102 (ESP_ERR_INVALID_ARG) at 0x4200b5b8
file: "./main/main.c" line 125
func: app_main
expression: esp_eth_driver_install(&eth_config, &eth_handle)
