ESP-ROM:esp32s3-20210327
Build:Mar 27 2021
rst:0x1 (POWERON),boot:0x23 (DOWNLOAD(USB/UART0))
waiting for download
ESP-ROM:esp32s3-20210327
Build:Mar 27 2021
rst:0x1 (POWERON),boot:0x23 (DOWNLESP-ROM:esp32s3-20210327
Build:Mar 27 2021
rst:0x1 (POWERON),boot:0x23 (DOWNLOAD(USB/UART0))
waiting for download
ESP-ROM:esp32s3-20210327
Build:Mar 27 2021
rst:0x1 (POWERON),boot:0x23 (DOWNLOAD(USB/UART0))
waiting for download
ESP-ROï¿½ESP-ROM:esp32s3-20210327
Build:Mar 27 2021
rst:0x1 (POWERON),boot:0x23 (DOWNLOAD(USB/UART0))
waiting for download
ESP-ROM:esp32s3-20210327
Build:Mar 27 2021
rst:0x1 (POWERON),boot:0x23 (DOWNLOAD(USB/UART0))
waiting for download
ESP-ROM:esp32s3-20210327
Build:Mar 27 2021
rst:0x1 (POWERON),boot:0x2b (SPI_FAST_FLASH_BOOT)
SPIWP:0xee
mode:DIO, clock div:1
load:0x3fce2810,len:0x15a0
load:0x403c8700,len:0x4
load:0x403c8704,len:0xd20
load:0x403ï¿½ï¿½en:0x2ee4
entry 0x403c8928
[0;32mI (27) boot: ESP-IDF HEAD-HASH-Nï¿½Jï¿½ï¿½ï¿½:ï¿½Ì«ï¿½ï¿½ï¿½ time Apr 21 2025 1ï¿½32ï¿½2ï¿½ï¿½.Size : 2MB[0m
[0;32mI (46) boot: Enabling RNG early entropy source...[0m
[0;32mI (50) boot: Partition Table:[0m
[0;32mI (53) boot: ## Label            Usage          Type ST Offset   Length[0m
[0;32mI (59) boot:  0 nvs              WiFi data        01 02 00009000 00006000[0m
[0;32mI (66) boot:  1 phy_init         RF data          01 01 0000f000 00001000[0m
[0;32mI (72) boot:  2 factory          factory app      00 00 00010000 00100000[0m
[0;32mI (79) boot: End of partition table[0m
[0;32mI (82) esp_image: segment ï¿½ï¿½[ï¿½ï¿½:DIO, clock div:1[0m
load:0x3fce2810,len:0x15a0
load:0x403c8700,len:0x4
load:0x403c8704,len:0xd20
load:0x403cb700,len:0x2ee4
entry 0x403c8928
[0;32mI (27) boot: ESP-IDF HEAD-HASH-NOTFOUND 2nd stage bootloader[0m
[0;32mI (27) boot: compile time Apr 21 2025 15:45:26[0m
[0;32mI (27) boot: Muï¿½/kï¿½ï¿½ï¿½: v1.3[0m
[0;32mI (35) boot.esp32s3: Boot SPI Speed : 80MHz[0m
[0;32mI (38) boot.esp32s3: SPI Mode       : DIO[0m
[0;32mI (42) boot.esp32s3: SPI Flash Size : 2MB[0m
[0;32mI (46) boot: Enabling RNG early entropy source...[0m
[0;32mI (50) boot: Partition Table:[0m
[0;32mI (53) boot: ## Label            Usage          Type ST Offset   Length[0m
[0;32mI (59) boot:  0 nvs              WiFi data        01 02 00009000 00006000[0m
[0;32mI (66) boot:  1 phy_init         RF data          01 01 0000f000 00001000[0m
[0;32mI (72) boot:  2 factory          factory app      00 00 00010000 00100000[0m
[0;32mI (79) boot: End of partition table[0m
[0;32mI (82) esp_image: segment 0: paddr=00010020 vaddr=3c020020 size=0a248h ( 41544) map[0m
[0;32mI (97) esp_image: segment 1: paddr=0001a270 vaddr=3fc92200 size=02a20h ( 10784) load[0m
[0;32mI (99) esp_image: segment 2: paddr=0001cc98 vaddr=40374000 size=03380h ( 13184) load[0m
[0;32mI (107) esp_image: segment 3: paddr=00020020 vaddr=42000020 size=177a8h ( 96168) map[0m
[0;32mI (129) esp_image: segment 4: paddr=000377d0 vaddr=40377380 size=0ad8ch ( 44428) load[0m
[0;32mI (139) esp_image: segment 5: paddr=00042564 vaddr=600fe100 size=0001ch (    28) load[0m
[0;32mI (145) boot: Loaded app from partition at offset 0x10000[0m
[0;32mI (145) boot: Disabling RNG early entropy source...[0m
[0;32mI (157) cpu_start: Multicore app[0m
[0;32mI (166) cpu_start: Pro cpu start user code[0m
[0;32mI (166) cpu_start: cpu freq: 160000000 Hz[0m
[0;32mI (166) app_init: Application information:[0m
[0;32mI (166) app_init: Project name:     app-template[0m
[0;32mI (170) app_init: App version:      6d4ace7[0m
[0;32mI (174) app_init: Compile time:     Apr 21 2025 16:30:51[0m
[0;32mI (179) app_init: ELF file SHA256:  71a892ea0...[0m
[0;32mI (183) app_init: ESP-IDF:          HEAD-HASH-NOTFOUND[0m
[0;32mI (188) efuse_init: Min chip rev:     v0.0[0m
[0;32mI (192) efuse_init: Max chip rev:     v0.99 [0m
[0;32mI (196) efuse_init: Chip rev:         v0.2[0m
[0;32mI (200) heap_init: Initializing. RAM available for dynamic allocation:[0m
[0;32mI (206) heap_init: At 3FC954E0 len 00054230 (336 KiB): RAM[0m
[0;32mI (211) heap_init: At 3FCE9710 len 00005724 (21 KiB): RAM[0m
[0;32mI (216) heap_init: At 3FCF0000 len 00008000 (32 KiB): DRAM[0m
[0;32mI (222) heap_init: At 600FE11C len 00001ECC (7 KiB): RTCRAM[0m
[0;32mI (228) spi_flash: detected chip: gd[0m
[0;32mI (230) spi_flash: flash io: dio[0m
[0;33mW (233) spi_flash: Detected size(8192k) larger than the size in the binary image header(2048k). Using the size in the binary image header.[0m
[0;32mI (245) sleep_gpio: Configure to isolate all GPIO pins in sleep state[0m
[0;32mI (252) sleep_gpio: Enable automatic switching of GPIO sleep configuration[0m
[0;32mI (259) main_task: Started on CPU0[0m
[0;32mI (279) main_task: Calling app_main()[0m
Hello, World from ESP-IDF!
[0;32mI (279) HELLO: This is an info log[0m
ESP-ROM:esp32s3-20210327
Build:Mar 27 2021
rst:0x1 (POWERON),boot:0x23 (DOWNLOAD(USB/UART0))
waiting for download
-ROM:esp32s3-20210327
Build:Mar 27 2021
rst:0x1 (POWERON),boot:0x23 (DOWNLOAD(USB/UART0))
waiting for download
Eï¿½P[×ªJ*ï¿½ï¿½32s3-20210ï¿½|eader(2048k). Using the size in the binary image header.
[0;32mI (245) sleep_gpio: Configure to isolate all GPIO pins in sleep state[0m
[0;32mI (252) sleep_gpio: Enable automatic switching of GPIO sleep configuration[0m
[0;32mI (259) main_task: Started on CPU0[0m
[0;32mI (279) main_task: Calling app_main()[0m
Hello, World from ESP-IDF!
[0;32mI (279) HELLO: This is an info log[0m
ESP-ROM:esp32s3-20210327
Build:Mar 27 2021
rst:0x1 (POWERON),boot:0x23 (DOWNLOAD(USB/UART0))
waiting for download
ESP-ROM:esp32s3-20210327
Build:Mar 27 2021
rst:0xf (BROWNOUT_RST),boot:0x23 (DOWNLOAD(USB/UART0))
waiting for download
ESP-ROM:esp32s3-20210327
Build:Mar 27 2021
rst:0x1 (POWERON),boot:0x23 (DOWNLOAD(USB/UART0))
waiting for download
ESP-ROM:esp32s3-20210327
Build:Mar 27 2021
rst:0x1 (POWERON),boot:0x23 (DOWNLOAD(USB/UART0))
waiting for download
ESP-ROM:esp32s3-20210327
Build:Mar 27 2021
rst:0x1 (POWERON),boot:0x23 (DOWNLOAD(USB/UART0))
waiting for download
ESP-ROM:esp32s3-20210327
Build:Mar 27 2021
rst:0x1 (POWERON),boot:0x23 (DOWNLOAD(USB/UART0))
waiting for download
ESP-ROM:esp32s3-20210327
Build:Mar 27 2021
rst:0x1 (POWERON),boot:0x23 (DOWNLOAD(USB/UART0))
waiting for download