ï¿½ï¿½ï¿½ESP-ROM:esp32s3-20210327
Build:Mar 27 2021
rst:0x1 (POWERON),boot:0x28 (SPI_FAST_FLASH_BOOT)
SPIWP:0xee
mode:DIO, clock div:1
load:0x3fce2810,len:0x15a0
load:0x403c8700,len:0x4
load:0x403c8704,len:0xd20
load:0x403cb700,len:0x2ee4
entry 0x403c8928
[0;32mI (27) boot: ESP-IDF HEAD-HASH-NOTFOUND 2nd stage bootloader[0m
[0;32mI (27) boot: compile time Apr 21 2025 15:45:26[0m
[0;32mI (27) boot: Multicore bootloader[0m
[0;32mI (28) boot: chip revision: v0.2[0m
[0;32mI (31) boot: efuse block revision: v1.3[0m
[0;32mI (35) boot.esp32s3: Boot SPI Speed : 80MHz[0m
[0;32mI (38) boot.esp32s3: SPI Mode       : DIO[0m
[0;32mI (42) boot.esp32s3: SPI Flash Size : 2MB[0m
[0;32mI (46) boot: Enabling RNG early entropy source...[0m
[0;32mI (50) boot: Partition Table:[0m
[0;32mI (53) boot: ## Label            Usage          Type ST Offset   Length[0m
[0;32mI (59) boot:  0 nvs              WiFi data        01 02 00009000 00006000[0m
[0;32mI (66) boot:  1 phy_init         RF data          01 01 0000f000 00001000[0m
[0;32mI (72) boot:  2 factory          factory app      00 00 00010000 00100000[0m
[0;32mI (79) boot: End of partition table[0m
[0;32mI (82) esp_image: segment 0: paddr=00010020 vaddr=3c030020 size=0eeech ( 61164) map[0m
[0;32mI (100) esp_image: segment 1: paddr=0001ef14 vaddr=3fc93d00 size=01104h (  4356) load[0m
[0;32mI (102) esp_image: segment 2: paddr=00020020 vaddr=42000020 size=2f97ch (194940) map[0m
[0;32mI (139) esp_image: segment 3: paddr=0004f9a4 vaddr=3fc94e04 size=01a34h (  6708) load[0m
[0;32mI (141) esp_image: segment 4: paddr=000513e0 vaddr=40374000 size=0fc88h ( 64648) load[0m
[0;32mI (157) esp_image: segment 5: paddr=00061070 vaddr=600fe100 size=0001ch (    28) load[0m
[0;32mI (163) boot: Loaded app from partition at offset 0x10000[0m
[0;32mI (163) boot: Disabling RNG early entropy source...[0m
[0;32mI (175) cpu_start: Multicore app[0m
[0;32mI (184) cpu_start: Pro cpu start user code[0m
[0;32mI (184) cpu_start: cpu freq: 160000000 Hz[0m
[0;32mI (184) app_init: Application information:[0m
[0;32mI (184) app_init: Project name:     app-template[0m
[0;32mI (188) app_init: App version:      6d4ace7[0m
[0;32mI (192) app_init: Compile time:     Apr 25 2025 15:14:48[0m
[0;32mI (197) app_init: ELF file SHA256:  ccfaab169...[0m
[0;32mI (201) app_init: ESP-IDF:          HEAD-HASH-NOTFOUND[0m
[0;32mI (206) efuse_init: Min chip rev:     v0.0[0m
[0;32mI (210) efuse_init: Max chip rev:     v0.99 [0m
[0;32mI (214) efuse_init: Chip rev:         v0.2[0m
[0;32mI (218) heap_init: Initializing. RAM available for dynamic allocation:[0m
[0;32mI (224) heap_init: At 3FC97848 len 00051EC8 (327 KiB): RAM[0m
[0;32mI (229) heap_init: At 3FCE9710 len 00005724 (21 KiB): RAM[0m
[0;32mI (234) heap_init: At 3FCF0000 len 00008000 (32 KiB): DRAM[0m
[0;32mI (240) heap_init: At 600FE11C len 00001ECC (7 KiB): RTCRAM[0m
[0;32mI (246) spi_flash: detected chip: gd[0m
[0;32mI (248) spi_flash: flash io: dio[0m
[0;33mW (251) spi_flash: Detected size(8192k) larger than the size in the binary image header(2048k). Using the size in the binary image header.[0m
[0;32mI (264) sleep_gpio: Configure to isolate all GPIO pins in sleep state[0m
[0;32mI (270) sleep_gpio: Enable automatic switching of GPIO sleep configuration[0m
[0;32mI (277) main_task: Started on CPU0[0m
[0;32mI (297) main_task: Calling app_main()[0m
[0;32mI (317) RS485_APP: No existing mappings[0m
Client list at boot:
[0] = 0
[1] = 0
[2] = 0
[3] = 0
[4] = 0
[5] = 0
[6] = 0
[7] = 0
[8] = 0
[9] = 0
[0;32mI (317) main_task: Returned from app_main()[0m
I ï¿½ESP-ROM:esp32s3-20210327
Build:Mar 27 2021
rst:0xf (BROWNOUT_RST),boot:0x28 (SPI_FAST_FLASH_BOOT)
SPIWP:0xee
mode:DIO, clock div:1
load:0x3fce2810,len:0x15a0
load:0x403c8700,len:0x4
load:0x403c8704,len:0xd20
load:0x403cb700,len:0x2ee4
entry 0x403c8928
[0;32mI (27) boot: ESP-IDF HEAD-HASH-NOTFOUND 2nd stage bootloader[0m
[0;32mI (27) boot: compile time Apr 21 2025 15:45:26[0m
[0;32mI (27) boot: Multicore bootloader[0m
[0;32mI (29) boot: chip revision: v0.2[0m
[0;32mI (31) boot: efuse block revision: v1.3[0m
[0;32mI (35) boot.esp32s3: Boot SPI Speed : 80MHz[0m
[0;32mI (39) boot.esp32s3: SPI Mode       : DIO[0m
[0;32mI (43) boot.esp32s3: SPI Flash Size : 2MB[0m
[0;32mI (46) boot: Enabling RNG early entropy source...[0m
[0;32mI (51) boot: Partition Table:[0m
[0;32mI (53) boot: ## Label            Usage          Type ST Offset   Length[0m
[0;32mI (60) boot:  0 nvs              WiFi data        01 02 00009000 00006000[0m
[0;32mI (66) boot:  1 phy_init         RF data          01 01 0000f000 00001000[0m
[0;32mI (73) boot:  2 factory          factory app      00 00 00010000 00100000[0m
[0;32mI (79) boot: End of partition table[0m
[0;32mI (83) esp_image: segment 0: paddr=00010020 vaddr=3c030020 size=0eeech ( 61164) map[0m
[0;32mI (101) esp_image: segment 1: paddr=0001ef14 vaddr=3fc93d00 size=01104h (  4356) load[0m
[0;32mI (102) esp_image: segment 2: paddr=00020020 vaddr=42000020 size=2f97ch (194940) map[0m
[0;32mI (139) esp_image: segment 3: paddr=0004f9a4 vaddr=3fc94e04 size=01a34h (  6708) load[0m
[0;32mI (141) esp_image: segment 4: paddr=000513e0 vaddr=40374000 size=0fc88h ( 64648) load[0m
[0;32mI (157) esp_image: segment 5: paddr=00061070 vaddr=600fe100 size=0001ch (    28) load[0m
[0;32mI (164) boot: Loaded app from partition at offset 0x10000[0m
[0;32mI (164) boot: Disabling RNG early entropy source...[0m
[0;32mI (175) cpu_start: Multicore app[0m
[0;32mI (184) cpu_start: Pro cpu start user code[0m
[0;32mI (184) cpu_start: cpu freq: 160000000 Hz[0m
[0;32mI (184) app_init: Application information:[0m
[0;32mI (184) app_init: Project name:     app-template[0m
[0;32mI (188) app_init: App version:      6d4ace7[0m
[0;32mI (192) app_init: Compile time:     Apr 25 2025 15:14:48[0m
[0;32mI (197) app_init: ELF file SHA256:  ccfaab169...[0m
[0;32mI (202) app_init: ESP-IDF:          HEAD-HASH-NOTFOUND[0m
[0;32mI (207) efuse_init: Min chip rev:     v0.0[0m
[0;32mI (210) efuse_init: Max chip rev:     v0.99 [0m
[0;32mI (214) efuse_init: Chip rev:         v0.2[0m
[0;32mI (218) heap_init: Initializing. RAM available for dynamic allocation:[0m
[0;32mI (225) heap_init: At 3FC97848 len 00051EC8 (327 KiB): RAM[0m
[0;32mI (230) heap_init: At 3FCE9710 len 00005724 (21 KiB): RAM[0m
[0;32mI (235) heap_init: At 3FCF0000 len 00008000 (32 KiB): DRAM[0m
[0;32mI (240) heap_init: At 600FE11C len 00001ECC (7 KiB): RTCRAM[0m
[0;32mI (246) spi_flash: detected chip: gd[0m
[0;32mI (249) spi_flash: flash io: dio[0m
[0;33mW (252) spi_flash: Detected size(8192k) larger than the size in the binary image header(2048k). Using the size in the binary image header.[0m
[0;32mI (264) sleep_gpio: Configure to isolate all GPIO pins in sleep state[0m
[0;32mI (270) sleep_gpio: Enable automatic switching of GPIO sleep configuration[0m
[0;32mI (277) main_task: Started on CPU0[0m
[0;32mI (297) main_task: Calling app_main()[0m
[0;32mI (317) RS485_APP: No existing mappings[0m
Client list at boot:
[0] = 0
[1] = 0
[2] = 0
[3] = 0
[4] = 0
[5] = 0
[6] = 0
[7] = 0
[8] = 0
[9] = 0
[0;32mI (317) main_task: Returned from app_main()[0m
Raw Response and len 13: 8D B6 25 FD FF 8B 66 87 13 10 4D F4 95 
-->Received Button/Knob 1 state : 1
Decrypted Response: 84 BA 20 FF FE 92 5D 89 02 01 01 EE 98 
Processed Response: -0-84 -1-BA -2-20 -3-FF -4-FE -5-92 -6-5D -7-89 -8-02 -9-01 -10-01 -11-EE -12-98 

CRC Calculated: EE 98

--CRC is in correct Format--[DEBUG] Client count after processing RS485: 0
Raw Response and len 13: 8D B6 25 FD FF 8B 66 87 0F 06 57 F4 95 
-->Received Button/Knob 1 state : 1
Decrypted Response: 84 BA 20 FF FE 92 5D 89 02 01 01 EE 98 
Processed Response: -0-84 -1-BA -2-20 -3-FF -4-FE -5-92 -6-5D -7-89 -8-02 -9-01 -10-01 -11-EE -12-98 

CRC Calculated: EE 98

--CRC is in correct Format--[DEBUG] Client count after processing RS485: 0
Raw Response and len 13: 8D B6 25 FD FF 8B 66 87 0D 09 35 F4 95 
-->Received Button/Knob 1 state : 1
Decrypted Response: 84 BA 20 FF FE 92 5D 89 02 01 01 EE 98 
Processed Response: -0-84 -1-BA -2-20 -3-FF -4-FE -5-92 -6-5D -7-89 -8-02 -9-01 -10-01 -11-EE -12-98 

CRC Calculated: EE 98

--CRC is in correct Format--[DEBUG] Client count after processing RS485: 0
Raw Response and len 13: 8D B6 25 FD FF 8B 66 87 03 05 36 24 95 
-->Received Button/Knob 1 state : 1
Decrypted Response: 84 BA 20 FF FE 92 5D 89 01 01 01 1E 98 
Processed Response: -0-84 -1-BA -2-20 -3-FF -4-FE -5-92 -6-5D -7-89 -8-01 -9-01 -10-01 -11-1E -12-98 

CRC Calculated: 1E 98

--CRC is in correct Format--[DEBUG] Client count after processing RS485: 0
Raw Response and len 13: 8D B6 25 FD FF 8B 66 87 05 49 3B 23 C5 
-->Received Button/Knob 4 state : 1
Decrypted Response: 84 BA 20 FF FE 92 5D 89 01 04 01 1D C8 
Processed Response: -0-84 -1-BA -2-20 -3-FF -4-FE -5-92 -6-5D -7-89 -8-01 -9-04 -10-01 -11-1D -12-C8 

CRC Calculated: 1D C8

--CRC is in correct Format--
DEVICE INCLUSION PROCESSING

Encrypted Frame:
8D B6 25 FD FF 8B 66 87 08 3F 50 23 C5 
Slot 0 -> Client: 0 | Device ID: SUCCESS: Paired device 84BA... with client 0 in slot 0
Checking Device ID list [0]: 84 BA 20 FF FE 92 5D 89  | Client: 0
Device ID matched for client 0
Sent data to client 0
[DEBUG] Client count after processing RS485: 1
