ESP-ROM:esp32s3-20210327
ï¿½ï¿½ï¿½ï¿½ï¿½ï¿½0ESP-ROM:esp32s3-20210327
Build:Mar 27 2021
rst:0x1 (POWERON),boot:0x8 (SPI_FAST_FLASH_BOOT)
SPIWP:0xee
mode:DIO, clock div:1
load:0x3fce2810,len:0x15a0
load:0x403c8700,len:0x4
load:0x403c8704,len:0xd20
load:0x403cb700,len:0x2ee4
entry 0x403c8928
[0;32mI (27) boot: ESP-IDF HEAD-HASH-NOTFOUND 2nd stage bootloader[0m
[0;32mI (27) boot: compile time Apr 21 2025 15:45:26[0m
[0;32mI (27) boot: Multicore bootloader[0m
[0;32mI (28) boot: chip revision: v0.2[0m
[0;32mI (31) boot: efuse block revision: v1.3[0m
[0;32mI (34) boot.esp32s3: Boot SPI Speed : 80MHz[0m
[0;32mI (38) boot.esp32s3: SPI Mode       : DIO[0m
[0;32mI (42) boot.esp32s3: SPI Flash Size : 2MB[0m
[0;32mI (46) boot: Enabling RNG early entropy source...[0m
[0;32mI (50) boot: Partition Table:[0m
[0;32mI (53) boot: ## Label            Usage          Type ST Offset   Length[0m
[0;32mI (59) boot:  0 nvs              WiFi data        01 02 00009000 00006000[0m
[0;32mI (66) boot:  1 phy_init         RF data          01 01 0000f000 00001000[0m
[0;32mI (72) boot:  2 factory          factory app      00 00 00010000 00100000[0m
[0;32mI (79) boot: End of partition table[0m
[0;32mI (82) esp_image: segment 0: paddr=00010020 vaddr=3c050020 size=15878h ( 88184) map[0m
[0;32mI (105) esp_image: segment 1: paddr=000258a0 vaddr=3fc96700 size=02d28h ( 11560) load[0m
[0;32mI (108) esp_image: segment 2: paddr=000285d0 vaddr=40374000 size=07a48h ( 31304) load[0m
ï¿½ï¿½ï¿½ï¿½ESP-ROM:esp32s3-20210327
Build:Mar 27 2021
rst:0x1 (POWERON),boot:0x28 (SPI_FAST_FLASH_BOOT)
SPIWP:0xee
mode:DIO, clock div:1
load:0x3fce2810,len:0x15a0
load:0x403c8700,len:0x4
load:0x403c8704,len:0xd20
load:0x403cb700,len:0x2ee4
entry 0x403c8928
[0;32mI (27) boot: ESP-IDF HEAD-HASH-NOTFOUND 2nd stage bootloader[0m
[0;32mI (27) boot: compile time Apr 21 2025 15:45:26[0m
[0;32mI (27) boot: Multicore bootloader[0m
[0;32mI (28) boot: chip revision: v0.2[0m
[0;32mI (31) boot: efuse block revision: v1.3[0m
[0;32mI (35) boot.esp32s3: Boot SPI Speed : 80MHz[0m
[0;32mI (38) boot.esp32s3: SPI Mode       : DIO[0m
[0;32mI (42) boot.esp32s3: SPI Flash Size : 2MB[0m
[0;32mI (46) boot: Enabling RNG early entropy source...[0m
[0;32mI (50) boot: Partition Table:[0m
[0;32mI (53) boot: ## Label            Usage          Type ST Offset   Length[0m
[0;32mI (59) boot:  0 nvs              WiFi data        01 02 00009000 00006000[0m
[0;32mI (66) boot:  1 phy_init         RF data          01 01 0000f000 00001000[0m
[0;32mI (72) boot:  2 factory          factory app      00 00 00010000 00100000[0m
[0;32mI (79) boot: End of partition table[0m
[0;32mI (82) esp_image: segment 0: paddr=00010020 vaddr=3c050020 size=15878h ( 88184) map[0m
[0;32mI (105) esp_image: segment 1: paddr=000258a0 vaddr=3fc96700 size=02d28h ( 11560) load[0m
[0;32mI (108) esp_image: segment 2: paddr=000285d0 vaddr=40374000 size=07a48h ( 31304) load[0m
[0;32mI (116) esp_image: segment 3: paddr=00030020 vaddr=42000020 size=4a600h (304640) map[0m
[0;32mI (170) esp_image: segment 4: paddr=0007a628 vaddr=4037ba48 size=0abd8h ( 43992) load[0m
[0;32mI (180) esp_image: segment 5: paddr=00085208 vaddr=600fe100 size=0001ch (    28) load[0m
[0;32mI (187) boot: Loaded app from partition at offset 0x10000[0m
[0;32mI (187) boot: Disabling RNG early entropy source...[0m
[0;32mI (198) cpu_start: Multicore app[0m
[0;32mI (208) cpu_start: Pro cpu start user code[0m
[0;32mI (208) cpu_start: cpu freq: 160000000 Hz[0m
[0;32mI (208) app_init: Application information:[0m
[0;32mI (208) app_init: Project name:     app-template[0m
[0;32mI (212) app_init: App version:      6d4ace7[0m
[0;32mI (216) app_init: Compile time:     Apr 25 2025 15:14:48[0m
[0;32mI (221) app_init: ELF file SHA256:  6ab867226...[0m
[0;32mI (225) app_init: ESP-IDF:          HEAD-HASH-NOTFOUND[0m
[0;32mI (230) efuse_init: Min chip rev:     v0.0[0m
[0;32mI (234) efuse_init: Max chip rev:     v0.99 [0m
[0;32mI (238) efuse_init: Chip rev:         v0.2[0m
[0;32mI (242) heap_init: Initializing. RAM available for dynamic allocation:[0m
[0;32mI (248) heap_init: At 3FC9C700 len 0004D010 (308 KiB): RAM[0m
[0;32mI (253) heap_init: At 3FCE9710 len 00005724 (21 KiB): RAM[0m
[0;32mI (258) heap_init: At 3FCF0000 len 00008000 (32 KiB): DRAM[0m
[0;32mI (264) heap_init: At 600FE11C len 00001ECC (7 KiB): RTCRAM[0m
[0;32mI (270) spi_flash: detected chip: gd[0m
[0;32mI (272) spi_flash: flash io: dio[0m
[0;33mW (275) spi_flash: Detected size(8192k) larger than the size in the binary image header(2048k). Using the size in the binary image header.[0m
[0;32mI (288) sleep_gpio: Configure to isolate all GPIO pins in sleep state[0m
[0;32mI (294) sleep_gpio: Enable automatic switching of GPIO sleep configuration[0m
[0;32mI (301) main_task: Started on CPU0[0m
[0;32mI (321) main_task: Calling app_main()[0m
[0;32mI (351) RS485_APP: Generated ETH MAC: 02:ba:97:01:ca:cd[0m
[0;32mI (351) esp_eth.netif.netif_glue: 02:ba:97:01:ca:cd[0m
[0;32mI (351) esp_eth.netif.netif_glue: ethernet attached to netif[0m
[0;32mI (361) RS485_APP: Ethernet initialized[0m
TCP server listening on port 5000
Waiting for new client...
[0;32mI (1361) main_task: Returned from app_main()[0m
[0;32mI (2361) RS485_APP: Ethernet Link Up[0m
[0;32mI (2361) RS485_APP: MAC: 02:ba:97:01:ca:cd[0m
[0;32mI (3871) esp_netif_handlers: eth ip: 192.168.0.166, mask: 255.255.255.0, gw: 192.168.0.1[0m
[0;32mI (3871) RS485_APP: Got IP: 192.168.0.166[0m
[0;32mI (3871) mdns_mem: mDNS task will be created from internal RAM[0m
mDNS service started with hostname 'confiors485' on port 5000
New client connected, socket 55
Waiting for new client...
Client connected on socket 55
Client disconnected from socket 55
New client connected, socket 55
Waiting for new client...
Client connected on socket 55
Raw Response and len 14: 8D B6 25 FD FF 8B 6B FD 2D 01 10 63 10 75 
-->Received Btn/Knob 1 btn state 1
Decrypted Response: 84 BA 20 FF FE 92 62 FF 66 01 01 01 0A 78 
Processed Response: -0-84 -1-BA -2-20 -3-FF -4-FE -5-92 -6-62 -7-FF -8-66 -9-01 -10-01 -11-01 -12-0A -13-78 

CRC Calculated: 0A 78

--CRC is in correct Format--

BTN PROCESSING
Sent data to client 55
Raw Response and len 14: 5D 0B 5C FD FF 03 C5 C1 43 07 0E 4B 6E 0C 
-->Received Btn/Knob 1 btn state 1
Decrypted Response: 54 0F 57 FF FE 0A BC C3 55 01 01 01 68 0F 
Processed Response: -0-54 -1-0F -2-57 -3-FF -4-FE -5-0A -6-BC -7-C3 -8-55 -9-01 -10-01 -11-01 -12-68 -13-0F 

CRC Calculated: 68 0F

--CRC is in correct Format--

BTN PROCESSING
Sent data to client 55

---Remote Data---
No matching key found in NVM.
Received 26 bytes from client: 54 0F 57 FF FE 0A BC C3 55 01 01 01 84 BA 20 FF FE 92 62 FF 66 01 01 01 75 88 
Storing Key: 54 0F 57 FF FE 0A BC C3 55 01 01 01 
Storing Value: 84 BA 20 FF FE 92 62 FF 66 01 01 01 75 88 84 BA 
Stored key-value in NVM at index 0
Sent heartbeat to client.
Received 4 bytes from client: 50 4F 4E 47 
Sent heartbeat to client.
Received 4 bytes from client: 50 4F 4E 47 
Sent heartbeat to client.
Received 4 bytes from client: 50 4F 4E 47 
Sent heartbeat to client.
Received 4 bytes from client: 50 4F 4E 47 
Raw Response and len 14: 8D B6 25 FD FF 8B 6B FD 2F 01 0E 55 10 75 
-->Received Btn/Knob 1 btn state 1
Decrypted Response: 84 BA 20 FF FE 92 62 FF 66 01 01 01 0A 78 
Processed Response: -0-84 -1-BA -2-20 -3-FF -4-FE -5-92 -6-62 -7-FF -8-66 -9-01 -10-01 -11-01 -12-0A -13-78 

CRC Calculated: 0A 78

--CRC is in correct Format--

BTN PROCESSING
Sent data to client 55
Raw Response and len 14: 5D 0B 5C FD FF 03 C5 C1 43 04 14 49 6E 0C 
-->Received Btn/Knob 1 btn state 1
Decrypted Response: 54 0F 57 FF FE 0A BC C3 55 01 01 01 68 0F 
Processed Response: -0-54 -1-0F -2-57 -3-FF -4-FE -5-0A -6-BC -7-C3 -8-55 -9-01 -10-01 -11-01 -12-68 -13-0F 

CRC Calculated: 68 0F

--CRC is in correct Format--

BTN PROCESSING
Sent data to client 55

---Remote Data---
Mapped value from NVM: 84 BA 20 FF FE 92 62 FF 66 01 01 01 75 88 84 BA 
Sent mapped value to client.
Sent heartbeat to client.
Received 4 bytes from client: 50 4F 4E 47 
