ï¿½ï¿½ [ï¿½ï¿½ï¿½-ï¿½{ESP-ROM:esp32s3-20210327
Build:Mar 27 2021
rst:0x1 (POWERON),boot:0x8 (SPI_FAST_FLASH_BOOT)
SPIWP:0xee
mode:DIO, clock div:1
load:0x3fce2810,len:0x15a0
load:0x403c8700,len:0x4
load:0x403c8704,len:0xd20
load:0x403cb700,len:0x2ee4
entry 0x403c8928
[0;32mI (27) boot: ESP-IDF HEAD-HASH-NOTFOUND 2nd stage bootloader[0m
[0;32mI (27) boot: compile time Apr 21 2025 15:45:26[0m
[0;32mI (27) boot: Multicore bootloader[0m
[0;32mI (28) boot: chip revision: v0.2[0m
[0;32mI (31) boot: efuse block revision: v1.3[0m
[0;32mI (34) boot.esp32s3: Boot SPI Speed : 80MHz[0m
[0;32mI (38) boot.esp32s3: SPI Mode       : DIO[0m
[0;32mI (42) boot.esp32s3: SPI Flash Size : 2MB[0m
[0;32mI (46) boot: Enabling RNG early entropy source...[0m
[0;32mI (50) boot: Partition Table:[0m
[0;32mI (53) boot: ## Label            Usage          Type ST Offset   Length[0m
[0;32mI (59) boot:  0 nvs              WiFi data        01 02 00009000 00006000[0m
[0;32mI (66) boot:  1 phy_init         RF data          01 01 0000f000 00001000[0m
[0;32mI (72) boot:  2 factory          factory app      00 00 00010000 00100000[0m
[0;32mI (79) boot: End of partition table[0m
[0;32mI (82) esp_image: segment 0: paddr=00010020 vaddr=3c050020 size=15918h ( 88344) map[0m
[0;32mI (105) esp_image: segment 1: paddr=00025940 vaddr=3fc96700 size=02d28h ( 11560) load[0m
[0;32mI (108) esp_image: segment 2: paddr=00028670 vaddr=40374000 size=079a8h ( 31144) load[0m
[0;32mI (116) esp_image: segment 3: paddr=00030020 vaddr=42000020 size=4c174h (311668) map[0m
[0;32mI (171) esp_image: segment 4: paddr=0007c19c vaddr=4037b9a8 size=0ac78h ( 44152) load[0m
[0;32mI (181) esp_image: segment 5: paddr=00086e1c vaddr=600fe100 size=0001ch (    28) load[0m
[0;32mI (189) boot: Loaded app from partition at offset 0x10000[0m
[0;32mI (189) boot: Disabling RNG early entropy source...[0m
[0;32mI (199) cpu_start: Multicore app[0m
[0;32mI (209) cpu_start: Pro cpu start user code[0m
[0;32mI (209) cpu_start: cpu freq: 160000000 Hz[0m
[0;32mI (209) app_init: Application information:[0m
[0;32mI (209) app_init: Project name:     app-template[0m
[0;32mI (213) app_init: App version:      6d4ace7[0m
[0;32mI (217) app_init: Compile time:     Apr 25 2025 15:14:48[0m
[0;32mI (222) app_init: ELF file SHA256:  1b747944c...[0m
[0;32mI (226) app_init: ESP-IDF:          HEAD-HASH-NOTFOUND[0m
[0;32mI (231) efuse_init: Min chip rev:     v0.0[0m
[0;32mI (235) efuse_init: Max chip rev:     v0.99 [0m
[0;32mI (239) efuse_init: Chip rev:         v0.2[0m
[0;32mI (243) heap_init: Initializing. RAM available for dynamic allocation:[0m
[0;32mI (249) heap_init: At 3FC9C648 len 0004D0C8 (308 KiB): RAM[0m
[0;32mI (254) heap_init: At 3FCE9710 len 00005724 (21 KiB): RAM[0m
[0;32mI (260) heap_init: At 3FCF0000 len 00008000 (32 KiB): DRAM[0m
[0;32mI (265) heap_init: At 600FE11C len 00001ECC (7 KiB): RTCRAM[0m
[0;32mI (271) spi_flash: detected chip: gd[0m
[0;32mI (273) spi_flash: flash io: dio[0m
[0;33mW (276) spi_flash: Detected size(8192k) larger than the size in the binary image header(2048k). Using the size in the binary image header.[0m
[0;32mI (289) sleep_gpio: Configure to isolate all GPIO pins in sleep state[0m
[0;32mI (295) sleep_gpio: Enable automatic switching of GPIO sleep configuration[0m
[0;32mI (302) main_task: Started on CPU0[0m
[0;32mI (322) main_task: Calling app_main()[0m
[0;32mI (352) RS485_APP: Generated ETH MAC: 02:ba:97:01:ca:cd[0m
[0;32mI (352) esp_eth.netif.netif_glue: 02:ba:97:01:ca:cd[0m
[0;32mI (352) esp_eth.netif.netif_glue: ethernet attached to netif[0m
[0;32mI (362) RS485_APP: Ethernet initialized[0m
TCP server listening on port 5000
Waiting for new client...
[0;32mI (1362) main_task: Returned from app_main()[0m
[Û…ï¿½-ï¿½{!ESP-ROM:esp32s3-20210327
Build:Mar 27 2021
rst:0x1 (POWERON),boot:0x8 (SPI_FAST_FLASH_BOOT)
SPIWP:0xee
mode:DIO, clock div:1
load:0x3fce2810,len:0x15a0
load:0x403c8700,len:0x4
load:0x403c8704,len:0xd20
load:0x403cb700,len:0x2ee4
entry 0x403c8928
[0;32mI (27) boot: ESP-IDF HEAD-HASH-NOTFOUND 2nd stage bootloader[0m
[0;32mI (27) boot: compile time Apr 21 2025 15:45:26[0m
[0;32mI (27) boot: Multicore bootloader[0m
[0;32mI (28) boot: chip revision: v0.2[0m
[0;32mI (31) boot: efuse block revision: v1.3[0m
[0;32mI (34) boot.esp32s3: Boot SPI Speed : 80MHz[0m
[0;32mI (38) boot.esp32s3: SPI Mode       : DIO[0m
[0;32mI (42) boot.esp32s3: SPI Flash Size : 2MB[0m
[0;32mI (46) boot: Enabling RNG early entropy source...[0m
[0;32mI (50) boot: Partition Table:[0m
[0;32mI (53) boot: ## Label            Usage          Type ST Offset   Length[0m
[0;32mI (59) boot:  0 nvs              WiFi data        01 02 00009000 00006000[0m
[0;32mI (66) boot:  1 phy_init         RF data          01 01 0000f000 00001000[0m
[0;32mI (72) boot:  2 factory          factory app      00 00 00010000 00100000[0m
[0;32mI (79) boot: End of partition table[0m
[0;32mI (82) esp_image: segment 0: paddr=00010020 vaddr=3c050020 size=15918h ( 88344) map[0m
[0;32mI (105) esp_image: segment 1: paddr=00025940 vaddr=3fc96700 size=02d28h ( 11560) load[0m
[0;32mI (108) esp_image: segment 2: paddr=00028670 vaddr=40374000 size=079a8h ( 31144) load[0m
[0;32mI (116) esp_image: segment 3: paddr=00030020 vaddr=42000020 size=4c174h (311668) map[0m
[0;32mI (171) esp_image: segment 4: paddr=0007c19c vaddr=4037b9a8 size=0ac78h ( 44152) load[0m
[0;32mI (181) esp_image: segment 5: paddr=00086e1c vaddr=600fe100 size=0001ch (    28) load[0m
[0;32mI (189) boot: Loaded app from partition at offset 0x10000[0m
[0;32mI (189) boot: Disabling RNG early entropy source...[0m
[0;32mI (199) cpu_start: Multicore app[0m
[0;32mI (209) cpu_start: Pro cpu start user code[0m
[0;32mI (209) cpu_start: cpu freq: 160000000 Hz[0m
[0;32mI (209) app_init: Application information:[0m
[0;32mI (209) app_init: Project name:     app-template[0m
[0;32mI (213) app_init: App version:      6d4ace7[0m
[0;32mI (217) app_init: Compile time:     Apr 25 2025 15:14:48[0m
[0;32mI (222) app_init: ELF file SHA256:  1b747944c...[0m
[0;32mI (226) app_init: ESP-IDF:          HEAD-HASH-NOTFOUND[0m
[0;32mI (231) efuse_init: Min chip rev:     v0.0[0m
[0;32mI (235) efuse_init: Max chip rev:     v0.99 [0m
[0;32mI (239) efuse_init: Chip rev:         v0.2[0m
[0;32mI (243) heap_init: Initializing. RAM available for dynamic allocation:[0m
[0;32mI (249) heap_init: At 3FC9C648 len 0004D0C8 (308 KiB): RAM[0m
[0;32mI (254) heap_init: At 3FCE9710 len 00005724 (21 KiB): RAM[0m
[0;32mI (260) heap_init: At 3FCF0000 len 00008000 (32 KiB): DRAM[0m
[0;32mI (265) heap_init: At 600FE11C len 00001ECC (7 KiB): RTCRAM[0m
[0;32mI (271) spi_flash: detected chip: gd[0m
[0;32mI (273) spi_flash: flash io: dio[0m
[0;33mW (276) spi_flash: Detected size(8192k) larger than the size in the binary image header(2048k). Using the size in the binary image header.[0m
[0;32mI (289) sleep_gpio: Configure to isolate all GPIO pins in sleep state[0m
[0;32mI (295) sleep_gpio: Enable automatic switching of GPIO sleep configuration[0m
[0;32mI (302) main_task: Started on CPU0[0m
[0;32mI (322) main_task: Calling app_main()[0m
[0;32mI (352) RS485_APP: Generated ETH MAC: 02:ba:97:01:ca:cd[0m
[0;32mI (352) esp_eth.netif.netif_glue: 02:ba:97:01:ca:cd[0m
[0;32mI (352) esp_eth.netif.netif_glue: ethernet attached to netif[0m
[0;32mI (362) RS485_APP: Ethernet initialized[0m
TCP server listening on port 5000
Waiting for new client...
[0;32mI (1362) main_task: Returned from app_main()[0m
[0;32mI (2362) RS485_APP: Ethernet Link Up[0m
[0;32mI (2362) RS485_APP: MAC: 02:ba:97:01:ca:cd[0m
[0;32mI (3952) esp_netif_handlers: eth ip: 192.168.0.136, mask: 255.255.255.0, gw: 192.168.0.1[0m
[0;32mI (3952) RS485_APP: Got IP: 192.168.0.136[0m
[0;32mI (3952) mdns_mem: mDNS task will be created from internal RAM[0m
mDNS service started with hostname 'confiors485' on port 5000
New client connected, socket 55
Waiting for new client...
Client connected on socket 55
Client disconnected from socket 55
New client connected, socket 55
Client connected on socket 55
Waiting for new client...
Sent heartbeat to client.
Received 4 bytes from client: 50 4F 4E 47 
Client disconnected from socket 55
