ESP-ROM:esp32s3-20210327
Build:Mar 27 2021
rst:0xf (BROWNOUT_RST),boot:0x0 (DOWï¿½ESP-ROM:esp32s3-20210327
Build:Mar 27 2021
rst:0x1 (POWERON),boot:0x8 (SPI_FAST_FLASH_BOOT)
SPIWP:0xee
mode:DIO, clock div:1
load:0x3fce2810,len:0x15a0
load:0x403c8700,len:0x4
load:0x403c8704,len:0xd20
load:0x403cb700,len:0x2ee4
entry 0x403c8928
[0;32mI (27) boot: ESP-IDF HEAD-HASH-NOTFOUND 2nd stage bootloader[0m
[0;32mI (27) boot: compile time Apr 21 2025 15:45:26[0m
[0;32mI (27) boot: Multicore bootloader[0m
[0;32mI (28) boot: chip revision: v0.2[0m
[0;32mI (31) boot: efuse block revision: v1.3[0m
[0;32mI (34) boot.esp32s3: Boot SPI Speed : 80MHz[0m
[0;32mI (38) boot.esp32s3: SPI Mode       : DIO[0m
[0;32mI (42) boot.esp32s3: SPI Flash Size : 2MB[0m
[0;32mI (46) boot: Enabling RNG early entropy source...[0m
[0;32mI (50) boot: Partition Table:[0m
[0;32mI (53) boot: ## Label            Usage          Type ST Offset   Length[0m
[0;32mI (59) boot:  0 nvs              WiFi data        01 02 00009000 00006000[0m
[0;32mI (66) boot:  1 phy_init         RF data          01 01 0000f000 00001000[0m
[0;32mI (72) boot:  2 factory          factory app      00 00 00010000 00100000[0m
[0;32mI (79) boot: End of partition table[0m
[0;32mI (82) esp_image: segment 0: paddr=00010020 vaddr=3c090020 size=1b7c4h (112580) map[0m
[0;32mI (109) esp_image: segment 1: paddr=0002b7ec vaddr=3fc9a800 size=0482ch ( 18476) load[0m
[0;32mI (113) esp_image: segment 2: paddr=00030020 vaddr=42000020 size=8f370h (586608) map[0m
[0;32mI (217) esp_image: segment 3: paddr=000bf398 vaddr=3fc9f02c size=0015ch (   348) load[0m
[0;32mI (218) esp_image: segment 4: paddr=000bf4fc vaddr=40374000 size=167cch ( 92108) load[0m
[0;32mI (241) esp_image: segment 5: paddr=000d5cd0 vaddr=600fe100 size=0001ch (    28) load[0m
[0;32mI (250) boot: Loaded app from partition at offset 0x10000[0m
[0;32mI (250) boot: Disabling RNG early entropy source...[0m
[0;32mI (260) cpu_start: Multicore app[0m
[0;32mI (269) cpu_start: Pro cpu start user code[0m
[0;32mI (269) cpu_start: cpu freq: 160000000 Hz[0m
[0;32mI (269) app_init: Application information:[0m
[0;32mI (269) app_init: Project name:     app-template[0m
[0;32mI (274) app_init: App version:      6d4ace7[0m
[0;32mI (278) app_init: Compile time:     Apr 25 2025 15:14:48[0m
[0;32mI (283) app_init: ELF file SHA256:  f1a639524...[0m
[0;32mI (287) app_init: ESP-IDF:          HEAD-HASH-NOTFOUND[0m
[0;32mI (292) efuse_init: Min chip rev:     v0.0[0m
[0;32mI (296) efuse_init: Max chip rev:     v0.99 [0m
[0;32mI (300) efuse_init: Chip rev:         v0.2[0m
[0;32mI (304) heap_init: Initializing. RAM available for dynamic allocation:[0m
[0;32mI (310) heap_init: At 3FCA3818 len 00045EF8 (279 KiB): RAM[0m
[0;32mI (315) heap_init: At 3FCE9710 len 00005724 (21 KiB): RAM[0m
[0;32mI (320) heap_init: At 3FCF0000 len 00008000 (32 KiB): DRAM[0m
[0;32mI (325) heap_init: At 600FE11C len 00001ECC (7 KiB): RTCRAM[0m
[0;32mI (332) spi_flash: detected chip: gd[0m
[0;32mI (334) spi_flash: flash io: dio[0m
[0;33mW (337) spi_flash: Detected size(8192k) larger than the size in the binary image header(2048k). Using the size in the binary image header.[0m
[0;32mI (349) sleep_gpio: Configure to isolate all GPIO pins in sleep state[0m
[0;32mI (356) sleep_gpio: Enable automatic switching of GPIO sleep configuration[0m
[0;32mI (362) main_task: Started on CPU0[0m
[0;32mI (382) main_task: Calling app_main()[0m
[0;32mI (1382) WIFI: Initializing WiFi...[0m
[0;32mI (1402) pp: pp rom version: e7ae62f[0m
[0;32mI (1402) net80211: net80211 rom version: e7ae62f[0m
[0;32mI (1412) wifi:wifi driver task: 3fcad8b0, prio:23, stack:6656, core=0[0m
[0;32mI (1422) wifi:wifi firmware version: 48ea317a7[0m
[0;32mI (1422) wifi:wifi certification version: v7.0[0m
[0;32mI (1422) wifi:config NVS flash: enabled[0m
[0;32mI (1422) wifi:config nano formatting: disabled[0m
[0;32mI (1422) wifi:Init data frame dynamic rx buffer num: 32[0m
[0;32mI (1432) wifi:Init static rx mgmt buffer num: 5[0m
[0;32mI (1432) wifi:Init management short buffer num: 32[0m
[0;32mI (1432) wifi:Init dynamic tx buffer num: 32[0m
[0;32mI (1442) wifi:Init static tx FG buffer num: 2[0m
[0;32mI (1442) wifi:Init static rx buffer size: 1600[0m
[0;32mI (1452) wifi:Init static rx buffer num: 10[0m
[0;32mI (1452) wifi:Init dynamic rx buffer num: 32[0m
[0;32mI (1452) wifi_init: rx ba win: 6[0m
[0;32mI (1462) wifi_init: accept mbox: 6[0m
[0;32mI (1462) wifi_init: tcpip mbox: 32[0m
[0;32mI (1462) wifi_init: udp mbox: 6[0m
[0;32mI (1472) wifi_init: tcp mbox: 6[0m
[0;32mI (1472) wifi_init: tcp tx win: 5760[0m
[0;32mI (1472) wifi_init: tcp rx win: 5760[0m
[0;32mI (1482) wifi_init: tcp mss: 1440[0m
[0;32mI (1482) wifi_init: WiFi IRAM OP enabled[0m
[0;32mI (1482) wifi_init: WiFi RX IRAM OP enabled[0m
[0;32mI (3492) phy_init: phy_version 680,a6008b2,Jun  4 2024,16:41:10[0m
[0;32mI (3532) wifi:mode : sta (cc:ba:97:01:ca:b0)[0m
[0;32mI (3532) wifi:enable tsf[0m
ESP32 IP Address: 0.0.0.0
[0;32mI (3532) WIFI: wifi_init finished.[0m
[0;32mI (3542) RS485_APP: Loaded [0]: Client 0 | Device 84BA20FFFE925D89[0m
Client list at boot:
[0] = 0
[1] = -1
[2] = -1
[3] = -1
[4] = -1
[5] = -1
[6] = -1
[7] = -1
[8] = -1
[9] = -1
[0;32mI (3552) main_task: Returned from app_main()[0m
[0;32mI (4032) mdns_mem: mDNS task will be created from internal RAM[0m
mdns hostname set to: [confiors485]
TCP server listening on port 5000
[0;32mI (4532) WIFI: Wi-Fi STA started, trying to connect...[0m
ESP32 IP Address: 0.0.0.0
[0;32mI (4532) wifi:new:<3,0>, old:<1,0>, ap:<255,255>, sta:<3,0>, prof:1, snd_ch_cfg:0x0[0m
[0;32mI (4532) wifi:state: init -> auth (0xb0)[0m
[0;32mI (4542) wifi:state: auth -> assoc (0x0)[0m
[0;32mI (4552) wifi:state: assoc -> run (0x10)[0m
[0;32mI (4762) wifi:<ba-add>idx:0 (ifx:0, 2a:87:ba:d1:c4:54), tid:0, ssn:2, winSize:64[0m
[0;32mI (4762) wifi:connected with CONFIO_5G, aid = 6, channel 3, BW20, bssid = 2a:87:ba:d1:c4:54[0m
[0;32mI (4772) wifi:security: WPA2-PSK, phy: bgn, rssi: -50[0m
[0;32mI (4772) wifi:pm start, type: 1[0m

[0;32mI (4772) wifi:dp: 1, bi: 102400, li: 3, scale listen interval from 307200 us to 307200 us[0m
[0;32mI (4782) wifi:set rx beacon pti, rx_bcn_pti: 0, bcn_timeout: 25000, mt_pti: 0, mt_time: 10000[0m
[0;32mI (4802) wifi:AP's beacon interval = 102400 us, DTIM period = 1[0m
mdns hostname set to: [confiors485]
[1;31mE (5032) mdns: mdns_service_add_for_host(6007): Service already exists[0m
ESP_ERROR_CHECK failed: esp_err_t 0x102 (ESP_ERR_INVALID_ARG) at 0x4200e805
file: "./main/main.c" line 823
func: start_mdns_service
expression: mdns_service_add(NULL, "_confiors485", "_tcp", 80, NULL, 0)

abort() was called at PC 0x4037d437 on core 0


Backtrace: 0x40375cf5:0x3fcaa9a0 0x4037d441:0x3fcaa9c0 0x403854d9:0x3fcaa9e0 0x4037d437:0x3fcaaa50 0x4200e805:0x3fcaaa80 0x4200e8a5:0x3fcaaaa0 0x4208c4d5:0x3fcaaad0 0x4208c007:0x3fcaab00 0x4208c0d9:0x3fcaab40 0x4037df4d:0x3fcaab60




ELF file SHA256: f1a639524

Rebooting...
ï¿½ï¿½ï¿½ESP-ROM:esp32s3-20210327
Build:Mar 27 2021
rst:0xc (RTC_SW_CPU_RST),boot:0x8 (SPI_FAST_FLASH_BOOT)
Saved PC:0x40375c34
SPIWP:0xee
mode:DIO, clock div:1
load:0x3fce2810,len:0x15a0
load:0x403c8700,len:0x4
load:0x403c8704,len:0xd20
load:0x403cb700,len:0x2ee4
entry 0x403c8928
[0;32mI (31) boot: ESP-IDF HEAD-HASH-NOTFOUND 2nd stage bootloader[0m
[0;32mI (31) boot: compile time Apr 21 2025 15:45:26[0m
[0;32mI (31) boot: Multicore bootloader[0m
[0;32mI (32) boot: chip revision: v0.2[0m
[0;32mI (35) boot: efuse block revision: v1.3[0m
[0;32mI (39) boot.esp32s3: Boot SPI Speed : 80MHz[0m
[0;32mI (43) boot.esp32s3: SPI Mode       : DIO[0m
[0;32mI (46) boot.esp32s3: SPI Flash Size : 2MB[0m
[0;32mI (50) boot: Enabling RNG early entropy source...[0m
[0;32mI (55) boot: Partition Table:[0m
[0;32mI (57) boot: ## Label            Usage          Type ST Offset   Length[0m
[0;32mI (64) boot:  0 nvs              WiFi data        01 02 00009000 00006000[0m
[0;32mI (70) boot:  1 phy_init         RF data          01 01 0000f000 00001000[0m
[0;32mI (77) boot:  2 factory          factory app      00 00 00010000 00100000[0m
[0;32mI (83) boot: End of partition table[0m
[0;32mI (86) esp_image: segment 0: paddr=00010020 vaddr=3c090020 size=1b7c4h (112580) map[0m
[0;32mI (114) esp_image: segment 1: paddr=0002b7ec vaddr=3fc9a800 size=0482ch ( 18476) load[0m
[0;32mI (118) esp_image: segment 2: paddr=00030020 vaddr=42000020 size=8f370h (586608) map[0m
[0;32mI (222) esp_image: segment 3: paddr=000bf398 vaddr=3fc9f02c size=0015ch (   348) load[0m
[0;32mI (222) esp_image: segment 4: paddr=000bf4fc vaddr=40374000 size=167cch ( 92108) load[0m
[0;32mI (245) esp_image: segment 5: paddr=000d5cd0 vaddr=600fe100 size=0001ch (    28) load[0m
[0;32mI (254) boot: Loaded app from partition at offset 0x10000[0m
[0;32mI (255) boot: Disabling RNG early entropy source...[0m
[0;32mI (265) cpu_start: Multicore app[0m
[0;32mI (274) cpu_start: Pro cpu start user code[0m
[0;32mI (274) cpu_start: cpu freq: 160000000 Hz[0m
[0;32mI (274) app_init: Application information:[0m
[0;32mI (274) app_init: Project name:     app-template[0m
[0;32mI (278) app_init: App version:      6d4ace7[0m
[0;32mI (282) app_init: Compile time:     Apr 25 2025 15:14:48[0m
[0;32mI (287) app_init: ELF file SHA256:  f1a639524...[0m
[0;32mI (291) app_init: ESP-IDF:          HEAD-HASH-NOTFOUND[0m
[0;32mI (296) efuse_init: Min chip rev:     v0.0[0m
[0;32mI (300) efuse_init: Max chip rev:     v0.99 [0m
[0;32mI (304) efuse_init: Chip rev:         v0.2[0m
[0;32mI (308) heap_init: Initializing. RAM available for dynamic allocation:[0m
[0;32mI (314) heap_init: At 3FCA3818 len 00045EF8 (279 KiB): RAM[0m
[0;32mI (319) heap_init: At 3FCE9710 len 00005724 (21 KiB): RAM[0m
[0;32mI (325) heap_init: At 3FCF0000 len 00008000 (32 KiB): DRAM[0m
[0;32mI (330) heap_init: At 600FE11C len 00001ECC (7 KiB): RTCRAM[0m
[0;32mI (336) spi_flash: detected chip: gd[0m
[0;32mI (338) spi_flash: flash io: dio[0m
[0;33mW (341) spi_flash: Detected size(8192k) larger than the size in the binary image header(2048k). Using the size in the binary image header.[0m
[0;32mI (354) sleep_gpio: Configure to isolate all GPIO pins in sleep state[0m
[0;32mI (360) sleep_gpio: Enable automatic switching of GPIO sleep configuration[0m
[0;32mI (367) main_task: Started on CPU0[0m
[0;32mI (387) main_task: Calling app_main()[0m
[0;32mI (1387) WIFI: Initializing WiFi...[0m
[0;32mI (1407) pp: pp rom version: e7ae62f[0m
[0;32mI (1407) net80211: net80211 rom version: e7ae62f[0m
[0;32mI (1417) wifi:wifi driver task: 3fcad8b0, prio:23, stack:6656, core=0[0m
[0;32mI (1427) wifi:wifi firmware version: 48ea317a7[0m
[0;32mI (1427) wifi:wifi certification version: v7.0[0m
[0;32mI (1427) wifi:config NVS flash: enabled[0m
[0;32mI (1427) wifi:config nano formatting: disabled[0m
[0;32mI (1427) wifi:Init data frame dynamic rx buffer num: 32[0m
[0;32mI (1437) wifi:Init static rx mgmt buffer num: 5[0m
[0;32mI (1437) wifi:Init management short buffer num: 32[0m
[0;32mI (1437) wifi:Init dynamic tx buffer num: 32[0m
[0;32mI (1447) wifi:Init static tx FG buffer num: 2[0m
[0;32mI (1447) wifi:Init static rx buffer size: 1600[0m
[0;32mI (1457) wifi:Init static rx buffer num: 10[0m
[0;32mI (1457) wifi:Init dynamic rx buffer num: 32[0m
[0;32mI (1457) wifi_init: rx ba win: 6[0m
[0;32mI (1467) wifi_init: accept mbox: 6[0m
[0;32mI (1467) wifi_init: tcpip mbox: 32[0m
[0;32mI (1467) wifi_init: udp mbox: 6[0m
[0;32mI (1477) wifi_init: tcp mbox: 6[0m
[0;32mI (1477) wifi_init: tcp tx win: 5760[0m
[0;32mI (1477) wifi_init: tcp rx win: 5760[0m
[0;32mI (1487) wifi_init: tcp mss: 1440[0m
[0;32mI (1487) wifi_init: WiFi IRAM OP enabled[0m
[0;32mI (1487) wifi_init: WiFi RX IRAM OP enabled[0m
[0;32mI (3497) phy_init: phy_version 680,a6008b2,Jun  4 2024,16:41:10[0m
[0;32mI (3527) wifi:mode : sta (cc:ba:97:01:ca:b0)[0m
[0;32mI (3527) wifi:enable tsf[0m
ESP32 IP Address: 0.0.0.0
[0;32mI (3527) WIFI: wifi_init finished.[0m
[0;32mI (3537) RS485_APP: Loaded [0]: Client 0 | Device 84BA20FFFE925D89[0m
Client list at boot:
[0] = 0
[1] = -1
[2] = -1
[3] = -1
[4] = -1
[5] = -1
[6] = -1
[7] = -1
[8] = -1
[9] = -1
[0;32mI (3547) main_task: Returned from app_main()[0m
[0;32mI (4027) mdns_mem: mDNS task will be created from internal RAM[0m
mdns hostname set to: [confiors485]
TCP server listening on port 5000
[0;32mI (4527) WIFI: Wi-Fi STA started, trying to connect...[0m
ESP32 IP Address: 0.0.0.0
[0;32mI (4527) wifi:new:<3,0>, old:<1,0>, ap:<255,255>, sta:<3,0>, prof:1, snd_ch_cfg:0x0[0m
[0;32mI (4527) wifi:state: init -> auth (0xb0)[0m
[0;32mI (4537) wifi:state: auth -> assoc (0x0)[0m
[0;32mI (4547) wifi:state: assoc -> run (0x10)[0m
[0;32mI (4757) wifi:<ba-add>idx:0 (ifx:0, 2a:87:ba:d1:c4:54), tid:0, ssn:2, winSize:64[0m
[0;32mI (4757) wifi:connected with CONFIO_5G, aid = 6, channel 3, BW20, bssid = 2a:87:ba:d1:c4:54[0m
[0;32mI (4767) wifi:security: WPA2-PSK, phy: bgn, rssi: -44[0m
[0;32mI (4767) wifi:pm start, type: 1[0m

[0;32mI (4777) wifi:dp: 1, bi: 102400, li: 3, scale listen interval from 307200 us to 307200 us[0m
[0;32mI (4777) wifi:set rx beacon pti, rx_bcn_pti: 0, bcn_timeout: 25000, mt_pti: 0, mt_time: 10000[0m
[0;32mI (4797) wifi:AP's beacon interval = 102400 us, DTIM period = 1[0m
[0;32mI (4917) wifi:<ba-add>idx:1 (ifx:0, 2a:87:ba:d1:c4:54), tid:6, ssn:1, winSize:64[0m
mdns hostname set to: [confiors485]
[1;31mE (5027) mdns: mdns_service_add_for_host(6007): Service already exists[0m
ESP_ERROR_CHECK failed: esp_err_t 0x102 (ESP_ERR_INVALID_ARG) at 0x4200e805
file: "./main/main.c" line 823
func: start_mdns_service
expression: mdns_service_add(NULL, "_confiors485", "_tcp", 80, NULL, 0)

abort() was called at PC 0x4037d437 on core 0


Backtrace: 0x40375cf5:0x3fcaa9a0 0x4037d441:0x3fcaa9c0 0x403854d9:0x3fcaa9e0 0x4037d437:0x3fcaaa50 0x4200e805:0x3fcaaa80 0x4200e8a5:0x3fcaaaa0 0x4208c4d5:0x3fcaaad0 0x4208c007:0x3fcaab00 0x4208c0d9:0x3fcaab40 0x4037df4d:0x3fcaab60




ELF file SHA256: f1a639524

Rebooting...
ï¿½ï¿½ï¿½ESP-ROM:esp32s3-20210327
Build:Mar 27 2021
rst:0xc (RTC_SW_CPU_RST),boot:0x8 (SPI_FAST_FLASH_BOOT)
Saved PC:0x40375c34
SPIWP:0xee
mode:DIO, clock div:1
load:0x3fce2810,len:0x15a0
load:0x403c8700,len:0x4
load:0x403c8704,len:0xd20
load:0x403cb700,len:0x2ee4
entry 0x403c8928
[0;32mI (31) boot: ESP-IDF HEAD-HASH-NOTFOUND 2nd stage bootloader[0m
[0;32mI (31) boot: compile time Apr 21 2025 15:45:26[0m
[0;32mI (31) boot: Multicore bootloader[0m
[0;32mI (32) boot: chip revision: v0.2[0m
[0;32mI (35) boot: efuse block revision: v1.3[0m
[0;32mI (39) boot.esp32s3: Boot SPI Speed : 80MHz[0m
[0;32mI (43) boot.esp32s3: SPI Mode       : DIO[0m
[0;32mI (46) boot.esp32s3: SPI Flash Size : 2MB[0m
[0;32mI (50) boot: Enabling RNG early entropy source...[0m
[0;32mI (55) boot: Partition Table:[0m
[0;32mI (57) boot: ## Label            Usage          Type ST Offset   Length[0m
[0;32mI (64) boot:  0 nvs              WiFi data        01 02 00009000 00006000[0m
[0;32mI (70) boot:  1 phy_init         RF data          01 01 0000f000 00001000[0m
[0;32mI (77) boot:  2 factory          factory app      00 00 00010000 00100000[0m
[0;32mI (83) boot: End of partition table[0m
[0;32mI (86) esp_image: segment 0: paddr=00010020 vaddr=3c090020 size=1b7c4h (112580) map[0m
[0;32mI (114) esp_image: segment 1: paddr=0002b7ec vaddr=3fc9a800 size=0482ch ( 18476) load[0m
[0;32mI (118) esp_image: segment 2: paddr=00030020 vaddr=42000020 size=8f370h (586608) map[0m
[0;32mI (222) esp_image: segment 3: paddr=000bf398 vaddr=3fc9f02c size=0015ch (   348) load[0m
[0;32mI (222) esp_image: segment 4: paddr=000bf4fc vaddr=40374000 size=167cch ( 92108) load[0m
[0;32mI (245) esp_image: segment 5: paddr=000d5cd0 vaddr=600fe100 size=0001ch (    28) load[0m
[0;32mI (254) boot: Loaded app from partition at offset 0x10000[0m
[0;32mI (255) boot: Disabling RNG early entropy source...[0m
[0;32mI (265) cpu_start: Multicore app[0m
[0;32mI (274) cpu_start: Pro cpu start user code[0m
[0;32mI (274) cpu_start: cpu freq: 160000000 Hz[0m
[0;32mI (274) app_init: Application information:[0m
[0;32mI (274) app_init: Project name:     app-template[0m
[0;32mI (278) app_init: App version:      6d4ace7[0m
[0;32mI (282) app_init: Compile time:     Apr 25 2025 15:14:48[0m
[0;32mI (287) app_init: ELF file SHA256:  f1a639524...[0m
[0;32mI (291) app_init: ESP-IDF:          HEAD-HASH-NOTFOUND[0m
[0;32mI (296) efuse_init: Min chip rev:     v0.0[0m
[0;32mI (300) efuse_init: Max chip rev:     v0.99 [0m
[0;32mI (304) efuse_init: Chip rev:         v0.2[0m
[0;32mI (308) heap_init: Initializing. RAM available for dynamic allocation:[0m
[0;32mI (314) heap_init: At 3FCA3818 len 00045EF8 (279 KiB): RAM[0m
[0;32mI (319) heap_init: At 3FCE9710 len 00005724 (21 KiB): RAM[0m
[0;32mI (325) heap_init: At 3FCF0000 len 00008000 (32 KiB): DRAM[0m
[0;32mI (330) heap_init: At 600FE11C len 00001ECC (7 KiB): RTCRAM[0m
[0;32mI (336) spi_flash: detected chip: gd[0m
[0;32mI (338) spi_flash: flash io: dio[0m
[0;33mW (341) spi_flash: Detected size(8192k) larger than the size in the binary image header(2048k). Using the size in the binary image header.[0m
[0;32mI (354) sleep_gpio: Configure to isolate all GPIO pins in sleep state[0m
[0;32mI (360) sleep_gpio: Enable automatic switching of GPIO sleep configuration[0m
[0;32mI (367) main_task: Started on CPU0[0m
[0;32mI (387) main_task: Calling app_main()[0m
I BOD: Brownout detector was triggered


ESP-ROM:esp32s3-20210327
Build:Mar 27 2021
rst:0x3 (RTC_SW_SYS_RST),boot:0x8 (SPI_FAST_FLASH_BOOT)
Saved PC:0x40375949
SPIWP:0xee
mode:DIO, clock div:1
load:0x3fce2810,len:0x15a0
load:0x403c8700,len:0x4
load:0x403c8704,len:0xd20
load:0x403cb700,len:0x2ee4
entry 0x403c8928
[0;32mI (31) boot: ESP-IDF HEAD-HASH-NOTFOUND 2nd stage bootloader[0m
[0;32mI (31) boot: compile time Apr 21 2025 15:45:26[0m
[0;32mI (31) boot: Multicore bootloader[0m
[0;32mI (32) boot: chip revision: v0.2[0m
[0;32mI (35) boot: efuse block revision: v1.3[0m
[0;32mI (39) boot.esp32s3: Boot SPI Speed : 80MHz[0m
[0;32mI (43) boot.esp32s3: SPI Mode       : DIO[0m
[0;32mI (46) boot.esp32s3: SPI Flash Size : 2MB[0m
[0;32mI (50) boot: Enabling RNG early entropy source...[0m
[0;32mI (55) boot: Partition Table:[0m
[0;32mI (57) boot: ## Label            Usage          Type ST Offset   Length[0m
[0;32mI (64) boot:  0 nvs              WiFi data        01 02 00009000 00006000[0m
[0;32mI (70) boot:  1 phy_init         RF data          01 01 0000f000 00001000[0m
[0;32mI (77) boot:  2 factory          factory app      00 00 00010000 00100000[0m
[0;32mI (83) boot: End of partition table[0m
[0;32mI (86) esp_image: segment 0: paddr=00010020 vaddr=3c090020 size=1b7c4h (112580) map[0m
[0;32mI (114) esp_image: segment 1: paddr=0002b7ec vaddr=3fc9a800 size=0482ch ( 18476) load[0m
[0;32mI (118) esp_image: segment 2: paddr=00030020 vaddr=42000020 size=8f370h (586608) map[0m
[0;32mI (222) esp_image: segment 3: paddr=000bf398 vaddr=3fc9f02c size=0015ch (   348) load[0m
[0;32mI (222) esp_image: segment 4: paddr=000bf4fc vaddr=40374000 size=167cch ( 92108) load[0m
[0;32mI (245) esp_image: segment 5: paddr=000d5cd0 vaddr=600fe100 size=0001ch (    28) load[0m
[0;32mI (254) boot: Loaded app from partition at offset 0x10000[0m
[0;32mI (255) boot: Disabling RNG early entropy source...[0m
[0;32mI (265) cpu_start: Multicore app[0m
[0;32mI (274) cpu_start: Pro cpu start user code[0m
[0;32mI (274) cpu_start: cpu freq: 160000000 Hz[0m
[0;32mI (274) app_init: Application information:[0m
[0;32mI (274) app_init: Project name:     app-template[0m
[0;32mI (278) app_init: App version:      6d4ace7[0m
[0;32mI (282) app_init: Compile time:     Apr 25 2025 15:14:48[0m
[0;32mI (287) app_init: ELF file SHA256:  f1a639524...[0m
[0;32mI (291) app_init: ESP-IDF:          HEAD-HASH-NOTFOUND[0m
[0;32mI (296) efuse_init: Min chip rev:     v0.0[0m
[0;32mI (300) efuse_init: Max chip rev:     v0.99 [0m
[0;32mI (304) efuse_init: Chip rev:         v0.2[0m
[0;32mI (308) heap_init: Initializing. RAM available for dynamic allocation:[0m
[0;32mI (314) heap_init: At 3FCA3818 len 00045EF8 (279 KiB): RAM[0m
[0;32mI (319) heap_init: At 3FCE9710 len 00005724 (21 KiB): RAM[0m
[0;32mI (325) heap_init: At 3FCF0000 len 00008000 (32 KiB): DRAM[0m
[0;32mI (330) heap_init: At 600FE11C len 00001ECC (7 KiB): RTCRAM[0m
[0;32mI (336) spi_flash: detected chip: gd[0m
[0;32mI (338) spi_flash: flash io: dio[0m
[0;33mW (341) spi_flash: Detected size(8192k) larger than the size in the binary image header(2048k). Using the size in the binary image header.[0m
[0;32mI (354) sleep_gpio: Configure to isolate all GPIO pins in sleep state[0m
[0;32mI (360) sleep_gpio: Enable automatic switching of GPIO sleep configuration[0m
[0;32mI (367) main_task: Started on CPU0[0m
[0;32mI (387) main_task: Calling app_main()[0m
[0;32mI (1387) WIFI: Initializing WiFi...[0m
[0;32mI (1407) pp: pp rom version: e7ae62f[0m
[0;32mI (1407) net80211: net80211 rom version: e7ae62f[0m
[0;32mI (1417) wifi:wifi driver task: 3fcad8b0, prio:23, stack:6656, core=0[0m
[0;32mI (1427) wifi:wifi firmware version: 48ea317a7[0m
[0;32mI (1427) wifi:wifi certification version: v7.0[0m
[0;32mI (1427) wifi:config NVS flash: enabled[0m
[0;32mI (1427) wifi:config nano formatting: disabled[0m
[0;32mI (1427) wifi:Init data frame dynamic rx buffer num: 32[0m
[0;32mI (1437) wifi:Init static rx mgmt buffer num: 5[0m
[0;32mI (1437) wifi:Init management short buffer num: 32[0m
[0;32mI (1437) wifi:Init dynamic tx buffer num: 32[0m
[0;32mI (1447) wifi:Init static tx FG buffer num: 2[0m
[0;32mI (1447) wifi:Init static rx buffer size: 1600[0m
[0;32mI (1457) wifi:Init static rx buffer num: 10[0m
[0;32mI (1457) wifi:Init dynamic rx buffer num: 32[0m
[0;32mI (1457) wifi_init: rx ba win: 6[0m
[0;32mI (1467) wifi_init: accept mbox: 6[0m
[0;32mI (1467) wifi_init: tcpip mbox: 32[0m
[0;32mI (1467) wifi_init: udp mbox: 6[0m
[0;32mI (1477) wifi_init: tcp mbox: 6[0m
[0;32mI (1477) wifi_init: tcp tx win: 5760[0m
[0;32mI (1477) wifi_init: tcp rx win: 5760[0m
[0;32mI (1487) wifi_init: tcp mss: 1440[0m
[0;32mI (1487) wifi_init: WiFi IRAM OP enabled[0m
[0;32mI (1487) wifi_init: WiFi RX IRAM OP enabled[0m
