30020 vaddr=42000020 size=8f370h (586608) map
[0;32mI (222) esp_image: segment 3: paddr=000bf398 vaddr=3fc9f02c size=0015ch (   348) load[0m
[0;32mI (222) esp_image: segment 4: paddr=000bf4fc vaddr=40374000 size=167cch ( 92108) load[0m
[0;32mI (245) esp_image: segment 5: paddr=000d5cd0 vaddr=600fe100 size=0001ch (    28) load[0m
[0;32mI (254) boot: Loaded app from partition at offset 0x10000[0m
[0;32mI (255) boot: Disabling RNG early entropy source...[0m
[0;32mI (265) cpu_start: Multicore app[0m
[0;32mI (274) cpu_start: Pro cpu start user code[0m
[0;32mI (274) cpu_start: cpu freq: 160000000 Hz[0m
[0;32mI (274) app_init: Application information:[0m
[0;32mI (274) app_init: Project name:     app-template[0m
[0;32mI (278) app_init: App version:      6d4ace7[0m
[0;32mI (282) app_init: Compile time:     Apr 25 2025 15:14:48[0m
[0;32mI (287) app_init: ELF file SHA256:  6e404a75c...[0m
[0;32mI (292) app_init: ESP-IDF:          HEAD-HASH-NOTFOUND[0m
[0;32mI (296) efuse_init: Min chip rev:     v0.0[0m
[0;32mI (300) efuse_init: Max chip rev:     v0.99 [0m
[0;32mI (304) efuse_init: Chip rev:         v0.2[0m
[0;32mI (308) heap_init: Initializing. RAM available for dynamic allocation:[0m
[0;32mI (314) heap_init: At 3FCA3818 len 00045EF8 (279 KiB): RAM[0m
[0;32mI (319) heap_init: At 3FCE9710 len 00005724 (21 KiB): RAM[0m
[0;32mI (325) heap_init: At 3FCF0000 len 00008000 (32 KiB): DRAM[0m
[0;32mI (330) heap_init: At 600FE11C len 00001ECC (7 KiB): RTCRAM[0m
[0;32mI (336) spi_flash: detected chip: gd[0m
[0;32mI (338) spi_flash: flash io: dio[0m
[0;33mW (341) spi_flash: Detected size(8192k) larger than the size in the binary image header(2048k). Using the size in the binary image header.[0m
[0;32mI (354) sleep_gpio: Configure to isolate all GPIO pins in sleep state[0m
[0;32mI (360) sleep_gpio: Enable automatic switching of GPIO sleep configuration[0m
[0;32mI (367) main_task: Started on CPU0[0m
[0;32mI (387) main_task: Calling app_main()[0m
I BOD: Brownout detector was triggered


ESP-ROM:esp32s3-20210327
Build:Mar 27 2021
rst:0x3 (RTC_SW_SYS_RST),boot:0x2a (SPI_FAST_FLASH_BOOT)
Saved PC:0x40375949
SPIWP:0xee
mode:DIO, clock div:1
load:0x3fce2810,len:0x15a0
load:0x403c8700,len:0x4
load:0x403c8704,len:0xd20
load:0x403cb700,len:0x2ee4
entry 0x403c8928
[0;32mI (31) boot: ESP-IDF HEAD-HASH-NOTFOUND 2nd stage bootloader[0m
[0;32mI (31) boot: compile time Apr 21 2025 15:45:26[0m
[0;32mI (31) boot: Multicore bootloader[0m
[0;32mI (33) boot: chip revision: v0.2[0m
[0;32mI (35) boot: efuse block revision: v1.3[0m
[0;32mI (39) boot.esp32s3: Boot SPI Speed : 80MHz[0m
[0;32mI (43) boot.esp32s3: SPI Mode       : DIO[0m
[0;32mI (47) boot.esp32s3: SPI Flash Size : 2MB[0m
[0;32mI (50) boot: Enabling RNG early entropy source...[0m
[0;32mI (55) boot: Partition Table:[0m
[0;32mI (57) boot: ## Label            Usage          Type ST Offset   Length[0m
[0;32mI (64) boot:  0 nvs              WiFi data        01 02 00009000 00006000[0m
[0;32mI (70) boot:  1 phy_init         RF data          01 01 0000f000 00001000[0m
[0;32mI (77) boot:  2 factory          factory app      00 00 00010000 00100000[0m
[0;32mI (83) boot: End of partition table[0m
[0;32mI (87) esp_image: segment 0: paddr=00010020 vaddr=3c090020 size=1b7c4h (112580) map[0m
[0;32mI (114) esp_image: segment 1: paddr=0002b7ec vaddr=3fc9a800 size=0482ch ( 18476) load[0m
[0;32mI (118) esp_image: segment 2: paddr=00030020 vaddr=42000020 size=8f370h (586608) map[0m
[0;32mI (222) esp_image: segment 3: paddr=000bf398 vaddr=3fc9f02c size=0015ch (   348) load[0m
[0;32mI (222) esp_image: segment 4: paddr=000bf4fc vaddr=40374000 size=167cch ( 92108) load[0m
[0;32mI (245) esp_image: segment 5: paddr=000d5cd0 vaddr=600fe100 size=0001ch (    28) load[0m
[0;32mI (254) boot: Loaded app from partition at offset 0x10000[0m
[0;32mI (255) boot: Disabling RNG early entropy source...[0m
[0;32mI (265) cpu_start: Multicore app[0m
[0;32mI (274) cpu_start: Pro cpu start user code[0m
[0;32mI (274) cpu_start: cpu freq: 160000000 Hz[0m
[0;32mI (274) app_init: Application information:[0m
[0;32mI (274) app_init: Project name:     app-template[0m
[0;32mI (278) app_init: App version:      6d4ace7[0m
[0;32mI (282) app_init: Compile time:     Apr 25 2025 15:14:48[0m
[0;32mI (287) app_init: ELF file SHA256:  6e404a75c...[0m
[0;32mI (292) app_init: ESP-IDF:          HEAD-HASH-NOTFOUND[0m
[0;32mI (296) efuse_init: Min chip rev:     v0.0[0m
[0;32mI (300) efuse_init: Max chip rev:     v0.99 [0m
[0;32mI (304) efuse_init: Chip rev:         v0.2[0m
[0;32mI (308) heap_init: Initializing. RAM available for dynamic allocation:[0m
[0;32mI (314) heap_init: At 3FCA3818 len 00045EF8 (279 KiB): RAM[0m
[0;32mI (319) heap_init: At 3FCE9710 len 00005724 (21 KiB): RAM[0m
[0;32mI (325) heap_init: At 3FCF0000 len 00008000 (32 KiB): DRAM[0m
[0;32mI (330) heap_init: At 600FE11C len 00001ECC (7 KiB): RTCRAM[0m
[0;32mI (336) spi_flash: detected chip: gd[0m
[0;32mI (338) spi_flash: flash io: dio[0m
[0;33mW (341) spi_flash: Detected size(8192k) larger than the size in the binary image header(2048k). Using the size in the binary image header.[0m
[0;32mI (354) sleep_gpio: Configure to isolate all GPIO pins in sleep state[0m
[0;32mI (360) sleep_gpio: Enable automatic switching of GPIO sleep configuration[0m
[0;32mI (367) main_task: Started on CPU0[0m
[0;32mI (387) main_task: Calling app_main()[0m
I BOD: Brownout detector was triggered


ESP-ROM:esp32s3-20210327
Build:Mar 27 2021
rst:0x3 (RTC_SW_SYS_RST),boot:0x2a (SPI_FAST_FLASH_BOOT)
Saved PC:0x40375949
SPIWP:0xee
mode:DIO, clock div:1
load:0x3fce2810,len:0x15a0
load:0x403c8700,len:0x4
load:0x403c8704,len:0xd20
load:0x403cb700,len:0x2ee4
entry 0x403c8928
[0;32mI (31) boot: ESP-IDF HEAD-HASH-NOTFOUND 2nd stage bootloader[0m
[0;32mI (31) boot: compile time Apr 21 2025 15:45:26[0m
[0;32mI (31) boot: Multicore bootloader[0m
[0;32mI (33) boot: chip revision: v0.2[0m
[0;32mI (35) boot: efuse block revision: v1.3[0m
[0;32mI (39) boot.esp32s3: Boot SPI Speed : 80MHz[0m
[0;32mI (43) boot.esp32s3: SPI Mode       : DIO[0m
[0;32mI (47) boot.esp32s3: SPI Flash Size : 2MB[0m
[0;32mI (50) boot: Enabling RNG early entropy source...[0m
[0;32mI (55) boot: Partition Table:[0m
[0;32mI (57) boot: ## Label            Usage          Type ST Offset   Length[0m
[0;32mI (64) boot:  0 nvs              WiFi data        01 02 00009000 00006000[0m
[0;32mI (70) boot:  1 phy_init         RF data          01 01 0000f000 00001000[0m
[0;32mI (77) boot:  2 factory          factory app      00 00 00010000 00100000[0m
[0;32mI (83) boot: End of partition table[0m
[0;32mI (87) esp_image: segment 0: paddr=00010020 vaddr=3c090020 size=1b7c4h (112580) map[0m
[0;32mI (114) esp_image: segment 1: paddr=0002b7ec vaddr=3fc9a800 size=0482ch ( 18476) load[0m
[0;32mI (118) esp_image: segment 2: paddr=00030020 vaddr=42000020 size=8f370h (586608) map[0m
[0;32mI (222) esp_image: segment 3: paddr=000bf398 vaddr=3fc9f02c size=0015ch (   348) load[0m
[0;32mI (222) esp_image: segment 4: paddr=000bf4fc vaddr=40374000 size=167cch ( 92108) load[0m
[0;32mI (245) esp_image: segment 5: paddr=000d5cd0 vaddr=600fe100 size=0001ch (    28) load[0m
[0;32mI (254) boot: Loaded app from partition at offset 0x10000[0m
[0;32mI (255) boot: Disabling RNG early entropy source...[0m
[0;32mI (265) cpu_start: Multicore app[0m
[0;32mI (274) cpu_start: Pro cpu start user code[0m
[0;32mI (274) cpu_start: cpu freq: 160000000 Hz[0m
[0;32mI (274) app_init: Application information:[0m
[0;32mI (274) app_init: Project name:     app-template[0m
[0;32mI (278) app_init: App version:      6d4ace7[0m
[0;32mI (282) app_init: Compile time:     Apr 25 2025 15:14:48[0m
[0;32mI (287) app_init: ELF file SHA256:  6e404a75c...[0m
[0;32mI (292) app_init: ESP-IDF:          HEAD-HASH-NOTFOUND[0m
[0;32mI (296) efuse_init: Min chip rev:     v0.0[0m
[0;32mI (300) efuse_init: Max chip rev:     v0.99 [0m
[0;32mI (304) efuse_init: Chip rev:         v0.2[0m
[0;32mI (308) heap_init: Initializing. RAM available for dynamic allocation:[0m
[0;32mI (314) heap_init: At 3FCA3818 len 00045EF8 (279 KiB): RAM[0m
[0;32mI (319) heap_init: At 3FCE9710 len 00005724 (21 KiB): RAM[0m
[0;32mI (325) heap_init: At 3FCF0000 len 00008000 (32 KiB): DRAM[0m
[0;32mI (330) heap_init: At 600FE11C len 00001ECC (7 KiB): RTCRAM[0m
[0;32mI (336) spi_flash: detected chip: gd[0m
[0;32mI (338) spi_flash: flash io: dio[0m
[0;33mW (341) spi_flash: Detected size(8192k) larger than the size in the binary image header(2048k). Using the size in the binary image header.[0m
[0;32mI (354) sleep_gpio: Configure to isolate all GPIO pins in sleep state[0m
[0;32mI (360) sleep_gpio: Enable automatic switching of GPIO sleep configuration[0m
[0;32mI (367) main_task: Started on CPU0[0m
[0;32mI (387) main_task: Calling app_main()[0m
I BOD: Brownout detector was triggered


ESP-ROM:esp32s3-20210327
Build:Mar 27 2021
rst:0x3 (RTC_SW_SYS_RST),boot:0x2a (SPI_FAST_FLASH_BOOT)
Saved PC:0x40375949
SPIWP:0xee
mode:DIO, clock div:1
load:0x3fce2810,len:0x15a0
load:0x403c8700,len:0x4
load:0x403c8704,len:0xd20
load:0x403cb700,len:0x2ee4
entry 0x403c8928
[0;32mI (31) boot: ESP-IDF HEAD-HASH-NOTFOUND 2nd stage bootloader[0m
[0;32mI (31) boot: compile time Apr 21 2025 15:45:26[0m
[0;32mI (31) boot: Multicore bootloader[0m
[0;32mI (33) boot: chip revision: v0.2[0m
[0;32mI (35) boot: efuse block revision: v1.3[0m
[0;32mI (39) boot.esp32s3: Boot SPI Speed : 80MHz[0m
[0;32mI (43) boot.esp32s3: SPI Mode       : DIO[0m
[0;32mI (47) boot.esp32s3: SPI Flash Size : 2MB[0m
[0;32mI (50) boot: Enabling RNG early entropy source...[0m
[0;32mI (55) boot: Partition Table:[0m
[0;32mI (57) boot: ## Label            Usage          Type ST Offset   Length[0m
[0;32mI (64) boot:  0 nvs              WiFi data        01 02 00009000 00006000[0m
[0;32mI (70) boot:  1 phy_init         RF data          01 01 0000f000 00001000[0m
[0;32mI (77) boot:  2 factory          factory app      00 00 00010000 00100000[0m
[0;32mI (83) boot: End of partition table[0m
[0;32mI (87) esp_image: segment 0: paddr=00010020 vaddr=3c090020 size=1b7c4h (112580) map[0m
[0;32mI (114) esp_image: segment 1: paddr=0002b7ec vaddr=3fc9a800 size=0482ch ( 18476) load[0m
[0;32mI (118) esp_image: segment 2: paddr=00030020 vaddr=42000020 size=8f370h (586608) map[0m
[0;32mI (222) esp_image: segment 3: paddr=000bf398 vaddr=3fc9f02c size=0015ch (   348) load[0m
[0;32mI (222) esp_image: segment 4: paddr=000bf4fc vaddr=40374000 size=167cch ( 92108) load[0m
[0;32mI (245) esp_image: segment 5: paddr=000d5cd0 vaddr=600fe100 size=0001ch (    28) load[0m
[0;32mI (254) boot: Loaded app from partition at offset 0x10000[0m
[0;32mI (255) boot: Disabling RNG early entropy source...[0m
[0;32mI (265) cpu_start: Multicore app[0m
[0;32mI (274) cpu_start: Pro cpu start user code[0m
[0;32mI (274) cpu_start: cpu freq: 160000000 Hz[0m
[0;32mI (274) app_init: Application information:[0m
[0;32mI (274) app_init: Project name:     app-template[0m
[0;32mI (278) app_init: App version:      6d4ace7[0m
[0;32mI (282) app_init: Compile time:     Apr 25 2025 15:14:48[0m
[0;32mI (287) app_init: ELF file SHA256:  6e404a75c...[0m
[0;32mI (292) app_init: ESP-IDF:          HEAD-HASH-NOTFOUND[0m
[0;32mI (296) efuse_init: Min chip rev:     v0.0[0m
[0;32mI (300) efuse_init: Max chip rev:     v0.99 [0m
[0;32mI (304) efuse_init: Chip rev:         v0.2[0m
[0;32mI (308) heap_init: Initializing. RAM available for dynamic allocation:[0m
[0;32mI (314) heap_init: At 3FCA3818 len 00045EF8 (279 KiB): RAM[0m
[0;32mI (319) heap_init: At 3FCE9710 len 00005724 (21 KiB): RAM[0m
[0;32mI (325) heap_init: At 3FCF0000 len 00008000 (32 KiB): DRAM[0m
[0;32mI (330) heap_init: At 600FE11C len 00001ECC (7 KiB): RTCRAM[0m
[0;32mI (336) spi_flash: detected chip: gd[0m
[0;32mI (338) spi_flash: flash io: dio[0m
[0;33mW (341) spi_flash: Detected size(8192k) larger than the size in the binary image header(2048k). Using the size in the binary image header.[0m
[0;32mI (354) sleep_gpio: Configure to isolate all GPIO pins in sleep state[0m
[0;32mI (360) sleep_gpio: Enable automatic switching of GPIO sleep configuration[0m
[0;32mI (367) main_task: Started on CPU0[0m
[0;32mI (387) main_task: Calling app_main()[0m
I BOD: Brownout detector was triggered


ESP-ROM:esp32s3-20210327
Build:Mar 27 2021
rst:0x3 (RTC_SW_SYS_RST),boot:0x2a (SPI_FAST_FLASH_BOOT)
Saved PC:0x40375949
SPIWP:0xee
mode:DIO, clock div:1
load:0x3fce2810,len:0x15a0
load:0x403c8700,len:0x4
load:0x403c8704,len:0xd20
load:0x403cb700,len:0x2ee4
entry 0x403c8928
[0;32mI (31) boot: ESP-IDF HEAD-HASH-NOTFOUND 2nd stage bootloader[0m
[0;32mI (31) boot: compile time Apr 21 2025 15:45:26[0m
[0;32mI (31) boot: Multicore bootloader[0m
[0;32mI (33) boot: chip revision: v0.2[0m
[0;32mI (35) boot: efuse block revision: v1.3[0m
[0;32mI (39) boot.esp32s3: Boot SPI Speed : 80MHz[0m
[0;32mI (43) boot.esp32s3: SPI Mode       : DIO[0m
[0;32mI (47) boot.esp32s3: SPI Flash Size : 2MB[0m
[0;32mI (50) boot: Enabling RNG early entropy source...[0m
[0;32mI (55) boot: Partition Table:[0m
[0;32mI (57) boot: ## Label            Usage          Type ST Offset   Length[0m
[0;32mI (64) boot:  0 nvs              WiFi data        01 02 00009000 00006000[0m
[0;32mI (70) boot:  1 phy_init         RF data          01 01 0000f000 00001000[0m
[0;32mI (77) boot:  2 factory          factory app      00 00 00010000 00100000[0m
[0;32mI (83) boot: End of partition table[0m
[0;32mI (87) esp_image: segment 0: paddr=00010020 vaddr=3c090020 size=1b7c4h (112580) map[0m
[0;32mI (114) esp_image: segment 1: paddr=0002b7ec vaddr=3fc9a800 size=0482ch ( 18476) load[0m
[0;32mI (118) esp_image: segment 2: paddr=00030020 vaddr=42000020 size=8f370h (586608) map[0m
[0;32mI (222) esp_image: segment 3: paddr=000bf398 vaddr=3fc9f02c size=0015ch (   348) load[0m
[0;32mI (222) esp_image: segment 4: paddr=000bf4fc vaddr=40374000 size=167cch ( 92108) load[0m
[0;32mI (245) esp_image: segment 5: paddr=000d5cd0 vaddr=600fe100 size=0001ch (    28) load[0m
[0;32mI (254) boot: Loaded app from partition at offset 0x10000[0m
[0;32mI (255) boot: Disabling RNG early entropy source...[0m
[0;32mI (265) cpu_start: Multicore app[0m
[0;32mI (274) cpu_start: Pro cpu start user code[0m
[0;32mI (274) cpu_start: cpu freq: 160000000 Hz[0m
[0;32mI (274) app_init: Application information:[0m
[0;32mI (274) app_init: Project name:     app-template[0m
[0;32mI (278) app_init: App version:      6d4ace7[0m
[0;32mI (282) app_init: Compile time:     Apr 25 2025 15:14:48[0m
[0;32mI (287) app_init: ELF file SHA256:  6e404a75c...[0m
[0;32mI (292) app_init: ESP-IDF:          HEAD-HASH-NOTFOUND[0m
[0;32mI (296) efuse_init: Min chip rev:     v0.0[0m
[0;32mI (300) efuse_init: Max chip rev:     v0.99 [0m
[0;32mI (304) efuse_init: Chip rev:         v0.2[0m
[0;32mI (308) heap_init: Initializing. RAM available for dynamic allocation:[0m
[0;32mI (314) heap_init: At 3FCA3818 len 00045EF8 (279 KiB): RAM[0m
[0;32mI (319) heap_init: At 3FCE9710 len 00005724 (21 KiB): RAM[0m
[0;32mI (325) heap_init: At 3FCF0000 len 00008000 (32 KiB): DRAM[0m
[0;32mI (330) heap_init: At 600FE11C len 00001ECC (7 KiB): RTCRAM[0m
[0;32mI (336) spi_flash: detected chip: gd[0m
[0;32mI (338) spi_flash: flash io: dio[0m
[0;33mW (341) spi_flash: Detected size(8192k) larger than the size in the binary image header(2048k). Using the size in the binary image header.[0m
[0;32mI (354) sleep_gpio: Configure to isolate all GPIO pins in sleep state[0m
[0;32mI (360) sleep_gpio: Enable automatic switching of GPIO sleep configuration[0m
[0;32mI (367) main_task: Started on CPU0[0m
[0;32mI (387) main_task: Calling app_main()[0m
I BOD: Brownout detector was triggered


ESP-ROM:esp32s3-20210327
Build:Mar 27 2021
rst:0x3 (RTC_SW_SYS_RST),boot:0x2a (SPI_FAST_FLASH_BOOT)
Saved PC:0x40375949
SPIWP:0xee
mode:DIO, clock div:1
load:0x3fce2810,len:0x15a0
load:0x403c8700,len:0x4
load:0x403c8704,len:0xd20
load:0x403cb700,len:0x2ee4
entry 0x403c8928
[0;32mI (31) boot: ESP-IDF HEAD-HASH-NOTFOUND 2nd stage bootloader[0m
[0;32mI (31) boot: compile time Apr 21 2025 15:45:26[0m
[0;32mI (31) boot: Multicore bootloader[0m
[0;32mI (33) boot: chip revision: v0.2[0m
[0;32mI (35) boot: efuse block revision: v1.3[0m
[0;32mI (39) boot.esp32s3: Boot SPI Speed : 80MHz[0m
[0;32mI (43) boot.esp32s3: SPI Mode       : DIO[0m
[0;32mI (47) boot.esp32s3: SPI Flash Size : 2MB[0m
[0;32mI (50) boot: Enabling RNG early entropy source...[0m
[0;32mI (55) boot: Partition Table:[0m
[0;32mI (57) boot: ## Label            Usage          Type ST Offset   Length[0m
[0;32mI (64) boot:  0 nvs              WiFi data        01 02 00009000 00006000[0m
[0;32mI (70) boot:  1 phy_init         RF data          01 01 0000f000 00001000[0m
[0;32mI (77) boot:  2 factory          factory app      00 00 00010000 00100000[0m
[0;32mI (83) boot: End of partition table[0m
[0;32mI (87) esp_image: segment 0: paddr=00010020 vaddr=3c090020 size=1b7c4h (112580) map[0m
[0;32mI (114) esp_image: segment 1: paddr=0002b7ec vaddr=3fc9a800 size=0482ch ( 18476) load[0m
[0;32mI (118) esp_image: segment 2: paddr=00030020 vaddr=42000020 size=8f370h (586608) map[0m
[0;32mI (222) esp_image: segment 3: paddr=000bf398 vaddr=3fc9f02c size=0015ch (   348) load[0m
[0;32mI (222) esp_image: segment 4: paddr=000bf4fc vaddr=40374000 size=167cch ( 92108) load[0m
[0;32mI (245) esp_image: segment 5: paddr=000d5cd0 vaddr=600fe100 size=0001ch (    28) load[0m
[0;32mI (254) boot: Loaded app from partition at offset 0x10000[0m
[0;32mI (255) boot: Disabling RNG early entropy source...[0m
[0;32mI (265) cpu_start: Multicore app[0m
[0;32mI (274) cpu_start: Pro cpu start user code[0m
[0;32mI (274) cpu_start: cpu freq: 160000000 Hz[0m
[0;32mI (274) app_init: Application information:[0m
[0;32mI (274) app_init: Project name:     app-template[0m
[0;32mI (278) app_init: App version:      6d4ace7[0m
[0;32mI (282) app_init: Compile time:     Apr 25 2025 15:14:48[0m
[0;32mI (287) app_init: ELF file SHA256:  6e404a75c...[0m
[0;32mI (292) app_init: ESP-IDF:          HEAD-HASH-NOTFOUND[0m
[0;32mI (296) efuse_init: Min chip rev:     v0.0[0m
[0;32mI (300) efuse_init: Max chip rev:     v0.99 [0m
[0;32mI (304) efuse_init: Chip rev:         v0.2[0m
[0;32mI (308) heap_init: Initializing. RAM available for dynamic allocation:[0m
[0;32mI (314) heap_init: At 3FCA3818 len 00045EF8 (279 KiB): RAM[0m
[0;32mI (319) heap_init: At 3FCE9710 len 00005724 (21 KiB): RAM[0m
[0;32mI (325) heap_init: At 3FCF0000 len 00008000 (32 KiB): DRAM[0m
[0;32mI (330) heap_init: At 600FE11C len 00001ECC (7 KiB): RTCRAM[0m
[0;32mI (336) spi_flash: detected chip: gd[0m
[0;32mI (338) spi_flash: flash io: dio[0m
[0;33mW (341) spi_flash: Detected size(8192k) larger than the size in the binary image header(2048k). Using the size in the binary image header.[0m
[0;32mI (354) sleep_gpio: Configure to isolate all GPIO pins in sleep state[0m
[0;32mI (360) sleep_gpio: Enable automatic switching of GPIO sleep configuration[0m
[0;32mI (367) main_task: Started on CPU0[0m
[0;32mI (387) main_task: Calling app_main()[0m
I BOD: Brownout detector was triggered


ESP-ROM:esp32s3-20210327
Build:Mar 27 2021
rst:0x3 (RTC_SW_SYS_RST),boot:0x2a (SPI_FAST_FLASH_BOOT)
Saved PC:0x40375949
SPIWP:0xee
mode:DIO, clock div:1
load:0x3fce2810,len:0x15a0
load:0x403c8700,len:0x4
load:0x403c8704,len:0xd20
load:0x403cb700,len:0x2ee4
entry 0x403c8928
[0;32mI (31) boot: ESP-IDF HEAD-HASH-NOTFOUND 2nd stage bootloader[0m
[0;32mI (31) boot: compile time Apr 21 2025 15:45:26[0m
[0;32mI (31) boot: Multicore bootloader[0m
[0;32mI (33) boot: chip revision: v0.2[0m
[0;32mI (35) boot: efuse block revision: v1.3[0m
[0;32mI (39) boot.esp32s3: Boot SPI Speed : 80MHz[0m
[0;32mI (43) boot.esp32s3: SPI Mode       : DIO[0m
[0;32mI (47) boot.esp32s3: SPI Flash Size : 2MB[0m
[0;32mI (50) boot: Enabling RNG early entropy source...[0m
[0;32mI (55) boot: Partition Table:[0m
[0;32mI (57) boot: ## Label            Usage          Type ST Offset   Length[0m
[0;32mI (64) boot:  0 nvs              WiFi data        01 02 00009000 00006000[0m
[0;32mI (70) boot:  1 phy_init         RF data          01 01 0000f000 00001000[0m
[0;32mI (77) boot:  2 factory          factory app      00 00 00010000 00100000[0m
[0;32mI (83) boot: End of partition table[0m
[0;32mI (87) esp_image: segment 0: paddr=00010020 vaddr=3c090020 size=1b7c4h (112580) map[0m
[0;32mI (114) esp_image: segment 1: paddr=0002b7ec vaddr=3fc9a800 size=0482ch ( 18476) load[0m
[0;32mI (118) esp_image: segment 2: paddr=00030020 vaddr=42000020 size=8f370h (586608) map[0m
[0;32mI (222) esp_image: segment 3: paddr=000bf398 vaddr=3fc9f02c size=0015ch (   348) load[0m
[0;32mI (222) esp_image: segment 4: paddr=000bf4fc vaddr=40374000 size=167cch ( 92108) load[0m
[0;32mI (245) esp_image: segment 5: paddr=000d5cd0 vaddr=600fe100 size=0001ch (    28) load[0m
[0;32mI (254) boot: Loaded app from partition at offset 0x10000[0m
[0;32mI (255) boot: Disabling RNG early entropy source...[0m
[0;32mI (265) cpu_start: Multicore app[0m
[0;32mI (274) cpu_start: Pro cpu start user code[0m
[0;32mI (274) cpu_start: cpu freq: 160000000 Hz[0m
[0;32mI (274) app_init: Application information:[0m
[0;32mI (274) app_init: Project name:     app-template[0m
[0;32mI (278) app_init: App version:      6d4ace7[0m
[0;32mI (282) app_init: Compile time:     Apr 25 2025 15:14:48[0m
[0;32mI (287) app_init: ELF file SHA256:  6e404a75c...[0m
[0;32mI (292) app_init: ESP-IDF:          HEAD-HASH-NOTFOUND[0m
[0;32mI (296) efuse_init: Min chip rev:     v0.0[0m
[0;32mI (300) efuse_init: Max chip rev:     v0.99 [0m
[0;32mI (304) efuse_init: Chip rev:         v0.2[0m
[0;32mI (308) heap_init: Initializing. RAM available for dynamic allocation:[0m
[0;32mI (314) heap_init: At 3FCA3818 len 00045EF8 (279 KiB): RAM[0m
[0;32mI (319) heap_init: At 3FCE9710 len 00005724 (21 KiB): RAM[0m
[0;32mI (325) heap_init: At 3FCF0000 len 00008000 (32 KiB): DRAM[0m
[0;32mI (330) heap_init: At 600FE11C len 00001ECC (7 KiB): RTCRAM[0m
[0;32mI (336) spi_flash: detected chip: gd[0m
[0;32mI (338) spi_flash: flash io: dio[0m
[0;33mW (341) spi_flash: Detected size(8192k) larger than the size in the binary image header(2048k). Using the size in the binary image header.[0m
[0;32mI (354) sleep_gpio: Configure to isolate all GPIO pins in sleep state[0m
[0;32mI (360) sleep_gpio: Enable automatic switching of GPIO sleep configuration[0m
[0;32mI (367) main_task: Started on CPU0[0m
[0;32mI (387) main_task: Calling app_main()[0m
I BOD: Brownout detector was triggered


ESP-ROM:esp32s3-20210327
Build:Mar 27 2021
rst:0x3 (RTC_SW_SYS_RST),boot:0x2a (SPI_FAST_FLASH_BOOT)
Saved PC:0x40375949
SPIWP:0xee
mode:DIO, clock div:1
load:0x3fce2810,len:0x15a0
load:0x403c8700,len:0x4
load:0x403c8704,len:0xd20
load:0x403cb700,len:0x2ee4
entry 0x403c8928
[0;32mI (31) boot: ESP-IDF HEAD-HASH-NOTFOUND 2nd stage bootloader[0m
[0;32mI (31) boot: compile time Apr 21 2025 15:45:26[0m
[0;32mI (31) boot: Multicore bootloader[0m
[0;32mI (33) boot: chip revision: v0.2[0m
[0;32mI (35) boot: efuse block revision: v1.3[0m
[0;32mI (39) boot.esp32s3: Boot SPI Speed : 80MHz[0m
[0;32mI (43) boot.esp32s3: SPI Mode       : DIO[0m
[0;32mI (47) boot.esp32s3: SPI Flash Size : 2MB[0m
[0;32mI (50) boot: Enabling RNG early entropy source...[0m
[0;32mI (55) boot: Partition Table:[0m
[0;32mI (57) boot: ## Label            Usage          Type ST Offset   Length[0m
[0;32mI (64) boot:  0 nvs              WiFi data        01 02 00009000 00006000[0m
[0;32mI (70) boot:  1 phy_init         RF data          01 01 0000f000 00001000[0m
[0;32mI (77) boot:  2 factory          factory app      00 00 00010000 00100000[0m
[0;32mI (83) boot: End of partition table[0m
[0;32mI (87) esp_image: segment 0: paddr=00010020 vaddr=3c090020 size=1b7c4h (112580) map[0m
[0;32mI (114) esp_image: segment 1: paddr=0002b7ec vaddr=3fc9a800 size=0482ch ( 18476) load[0m
[0;32mI (118) esp_image: segment 2: paddr=00030020 vaddr=42000020 size=8f370h (586608) map[0m
[0;32mI (222) esp_image: segment 3: paddr=000bf398 vaddr=3fc9f02c size=0015ch (   348) load[0m
[0;32mI (222) esp_image: segment 4: paddr=000bf4fc vaddr=40374000 size=167cch ( 92108) load[0m
[0;32mI (245) esp_image: segment 5: paddr=000d5cd0 vaddr=600fe100 size=0001ch (    28) load[0m
[0;32mI (254) boot: Loaded app from partition at offset 0x10000[0m
[0;32mI (255) boot: Disabling RNG early entropy source...[0m
[0;32mI (265) cpu_start: Multicore app[0m
[0;32mI (274) cpu_start: Pro cpu start user code[0m
[0;32mI (274) cpu_start: cpu freq: 160000000 Hz[0m
[0;32mI (274) app_init: Application information:[0m
[0;32mI (274) app_init: Project name:     app-template[0m
[0;32mI (278) app_init: App version:      6d4ace7[0m
[0;32mI (282) app_init: Compile time:     Apr 25 2025 15:14:48[0m
[0;32mI (287) app_init: ELF file SHA256:  6e404a75c...[0m
[0;32mI (292) app_init: ESP-IDF:          HEAD-HASH-NOTFOUND[0m
[0;32mI (296) efuse_init: Min chip rev:     v0.0[0m
[0;32mI (300) efuse_init: Max chip rev:     v0.99 [0m
[0;32mI (304) efuse_init: Chip rev:         v0.2[0m
[0;32mI (308) heap_init: Initializing. RAM available for dynamic allocation:[0m
[0;32mI (314) heap_init: At 3FCA3818 len 00045EF8 (279 KiB): RAM[0m
[0;32mI (319) heap_init: At 3FCE9710 len 00005724 (21 KiB): RAM[0m
[0;32mI (325) heap_init: At 3FCF0000 len 00008000 (32 KiB): DRAM[0m
[0;32mI (330) heap_init: At 600FE11C len 00001ECC (7 KiB): RTCRAM[0m
[0;32mI (336) spi_flash: detected chip: gd[0m
[0;32mI (338) spi_flash: flash io: dio[0m
[0;33mW (341) spi_flash: Detected size(8192k) larger than the size in the binary image header(2048k). Using the size in the binary image header.[0m
[0;32mI (354) sleep_gpio: Configure to isolate all GPIO pins in sleep state[0m
[0;32mI (360) sleep_gpio: Enable automatic switching of GPIO sleep configuration[0m
[0;32mI (367) main_task: Started on CPU0[0m
[0;32mI (387) main_task: Calling app_main()[0m
I BOD: Brownout detector was triggered


ESP-ROM:esp32s3-20210327
Build:Mar 27 2021
rst:0x3 (RTC_SW_SYS_RST),boot:0x2a (SPI_FAST_FLASH_BOOT)
Saved PC:0x40375949
SPIWP:0xee
mode:DIO, clock div:1
load:0x3fce2810,len:0x15a0
load:0x403c8700,len:0x4
load:0x403c8704,len:0xd20
load:0x403cb700,len:0x2ee4
entry 0x403c8928
[0;32mI (31) boot: ESP-IDF HEAD-HASH-NOTFOUND 2nd stage bootloader[0m
[0;32mI (31) boot: compile time Apr 21 2025 15:45:26[0m
[0;32mI (31) boot: Multicore bootloader[0m
[0;32mI (33) boot: chip revision: v0.2[0m
[0;32mI (35) boot: efuse block revision: v1.3[0m
[0;32mI (39) boot.esp32s3: Boot SPI Speed : 80MHz[0m
[0;32mI (43) boot.esp32s3: SPI Mode       : DIO[0m
[0;32mI (47) boot.esp32s3: SPI Flash Size : 2MB[0m
[0;32mI (50) boot: Enabling RNG early entropy source...[0m
[0;32mI (55) boot: Partition Table:[0m
[0;32mI (57) boot: ## Label            Usage          Type ST Offset   Length[0m
[0;32mI (64) boot:  0 nvs              WiFi data        01 02 00009000 00006000[0m
[0;32mI (70) boot:  1 phy_init         RF data          01 01 0000f000 00001000[0m
[0;32mI (77) boot:  2 factory          factory app      00 00 00010000 00100000[0m
[0;32mI (83) boot: End of partition table[0m
[0;32mI (87) esp_image: segment 0: paddr=00010020 vaddr=3c090020 size=1b7c4h (112580) map[0m
[0;32mI (114) esp_image: segment 1: paddr=0002b7ec vaddr=3fc9a800 size=0482ch ( 18476) load[0m
[0;32mI (118) esp_image: segment 2: paddr=00030020 vaddr=42000020 size=8f370h (586608) map[0m
[0;32mI (222) esp_image: segment 3: paddr=000bf398 vaddr=3fc9f02c size=0015ch (   348) load[0m
[0;32mI (222) esp_image: segment 4: paddr=000bf4fc vaddr=40374000 size=167cch ( 92108) load[0m
[0;32mI (245) esp_image: segment 5: paddr=000d5cd0 vaddr=600fe100 size=0001ch (    28) load[0m
[0;32mI (254) boot: Loaded app from partition at offset 0x10000[0m
[0;32mI (255) boot: Disabling RNG early entropy source...[0m
[0;32mI (265) cpu_start: Multicore app[0m
[0;32mI (274) cpu_start: Pro cpu start user code[0m
[0;32mI (274) cpu_start: cpu freq: 160000000 Hz[0m
[0;32mI (274) app_init: Application information:[0m
[0;32mI (274) app_init: Project name:     app-template[0m
[0;32mI (278) app_init: App version:      6d4ace7[0m
[0;32mI (282) app_init: Compile time:     Apr 25 2025 15:14:48[0m
[0;32mI (287) app_init: ELF file SHA256:  6e404a75c...[0m
[0;32mI (292) app_init: ESP-IDF:          HEAD-HASH-NOTFOUND[0m
[0;32mI (296) efuse_init: Min chip rev:     v0.0[0m
[0;32mI (300) efuse_init: Max chip rev:     v0.99 [0m
[0;32mI (304) efuse_init: Chip rev:         v0.2[0m
[0;32mI (308) heap_init: Initializing. RAM available for dynamic allocation:[0m
[0;32mI (314) heap_init: At 3FCA3818 len 00045EF8 (279 KiB): RAM[0m
[0;32mI (319) heap_init: At 3FCE9710 len 00005724 (21 KiB): RAM[0m
[0;32mI (325) heap_init: At 3FCF0000 len 00008000 (32 KiB): DRAM[0m
[0;32mI (330) heap_init: At 600FE11C len 00001ECC (7 KiB): RTCRAM[0m
[0;32mI (336) spi_flash: detected chip: gd[0m
[0;32mI (338) spi_flash: flash io: dio[0m
[0;33mW (341) spi_flash: Detected size(8192k) larger than the size in the binary image header(2048k). Using the size in the binary image header.[0m
[0;32mI (354) sleep_gpio: Configure to isolate all GPIO pins in sleep state[0m
[0;32mI (360) sleep_gpio: Enable automatic switching of GPIO sleep configuration[0m
[0;32mI (367) main_task: Started on CPU0[0m
[0;32mI (387) main_task: Calling app_main()[0m
I BOD: Brownout detector was triggered


ESP-ROM:esp32s3-20210327
Build:Mar 27 2021
rst:0x3 (RTC_SW_SYS_RST),boot:0x2a (SPI_FAST_FLASH_BOOT)
Saved PC:0x40375949
SPIWP:0xee
mode:DIO, clock div:1
load:0x3fce2810,len:0x15a0
load:0x403c8700,len:0x4
load:0x403c8704,len:0xd20
load:0x403cb700,len:0x2ee4
entry 0x403c8928
[0;32mI (31) boot: ESP-IDF HEAD-HASH-NOTFOUND 2nd stage bootloader[0m
[0;32mI (31) boot: compile time Apr 21 2025 15:45:26[0m
[0;32mI (31) boot: Multicore bootloader[0m
[0;32mI (33) boot: chip revision: v0.2[0m
[0;32mI (35) boot: efuse block revision: v1.3[0m
[0;32mI (39) boot.esp32s3: Boot SPI Speed : 80MHz[0m
[0;32mI (43) boot.esp32s3: SPI Mode       : DIO[0m
[0;32mI (47) boot.esp32s3: SPI Flash Size : 2MB[0m
[0;32mI (50) boot: Enabling RNG early entropy source...[0m
[0;32mI (55) boot: Partition Table:[0m
[0;32mI (57) boot: ## Label            Usage          Type ST Offset   Length[0m
[0;32mI (64) boot:  0 nvs              WiFi data        01 02 00009000 00006000[0m
[0;32mI (70) boot:  1 phy_init         RF data          01 01 0000f000 00001000[0m
[0;32mI (77) boot:  2 factory          factory app      00 00 00010000 00100000[0m
[0;32mI (83) boot: End of partition table[0m
[0;32mI (87) esp_image: segment 0: paddr=00010020 vaddr=3c090020 size=1b7c4h (112580) map[0m
[0;32mI (114) esp_image: segment 1: paddr=0002b7ec vaddr=3fc9a800 size=0482ch ( 18476) load[0m
[0;32mI (118) esp_image: segment 2: paddr=00030020 vaddr=42000020 size=8f370h (586608) map[0m
[0;32mI (222) esp_image: segment 3: paddr=000bf398 vaddr=3fc9f02c size=0015ch (   348) load[0m
[0;32mI (222) esp_image: segment 4: paddr=000bf4fc vaddr=40374000 size=167cch ( 92108) load[0m
[0;32mI (245) esp_image: segment 5: paddr=000d5cd0 vaddr=600fe100 size=0001ch (    28) load[0m
[0;32mI (254) boot: Loaded app from partition at offset 0x10000[0m
[0;32mI (255) boot: Disabling RNG early entropy source...[0m
[0;32mI (265) cpu_start: Multicore app[0m
[0;32mI (274) cpu_start: Pro cpu start user code[0m
[0;32mI (274) cpu_start: cpu freq: 160000000 Hz[0m
[0;32mI (274) app_init: Application information:[0m
[0;32mI (274) app_init: Project name:     app-template[0m
[0;32mI (278) app_init: App version:      6d4ace7[0m
[0;32mI (282) app_init: Compile time:     Apr 25 2025 15:14:48[0m
[0;32mI (287) app_init: ELF file SHA256:  6e404a75c...[0m
[0;32mI (292) app_init: ESP-IDF:          HEAD-HASH-NOTFOUND[0m
[0;32mI (296) efuse_init: Min chip rev:     v0.0[0m
[0;32mI (300) efuse_init: Max chip rev:     v0.99 [0m
[0;32mI (304) efuse_init: Chip rev:         v0.2[0m
[0;32mI (308) heap_init: Initializing. RAM available for dynamic allocation:[0m
[0;32mI (314) heap_init: At 3FCA3818 len 00045EF8 (279 KiB): RAM[0m
[0;32mI (319) heap_init: At 3FCE9710 len 00005724 (21 KiB): RAM[0m
[0;32mI (325) heap_init: At 3FCF0000 len 00008000 (32 KiB): DRAM[0m
[0;32mI (330) heap_init: At 600FE11C len 00001ECC (7 KiB): RTCRAM[0m
[0;32mI (336) spi_flash: detected chip: gd[0m
[0;32mI (338) spi_flash: flash io: dio[0m
[0;33mW (341) spi_flash: Detected size(8192k) larger than the size in the binary image header(2048k). Using the size in the binary image header.[0m
[0;32mI (354) sleep_gpio: Configure to isolate all GPIO pins in sleep state[0m
[0;32mI (360) sleep_gpio: Enable automatic switching of GPIO sleep configuration[0m
[0;32mI (367) main_task: Started on CPU0[0m
[0;32mI (387) main_task: Calling app_main()[0m
I BOD: Brownout detector was triggered


ESP-ROM:esp32s3-20210327
Build:Mar 27 2021
rst:0x3 (RTC_SW_SYS_RST),boot:0x2a (SPI_FAST_FLASH_BOOT)
Saved PC:0x40375949
SPIWP:0xee
mode:DIO, clock div:1
load:0x3fce2810,len:0x15a0
load:0x403c8700,len:0x4
load:0x403c8704,len:0xd20
load:0x403cb700,len:0x2ee4
entry 0x403c8928
[0;32mI (31) boot: ESP-IDF HEAD-HASH-NOTFOUND 2nd stage bootloader[0m
[0;32mI (31) boot: compile time Apr 21 2025 15:45:26[0m
[0;32mI (31) boot: Multicore bootloader[0m
[0;32mI (33) boot: chip revision: v0.2[0m
[0;32mI (35) boot: efuse block revision: v1.3[0m
[0;32mI (39) boot.esp32s3: Boot SPI Speed : 80MHz[0m
[0;32mI (43) boot.esp32s3: SPI Mode       : DIO[0m
[0;32mI (47) boot.esp32s3: SPI Flash Size : 2MB[0m
[0;32mI (50) boot: Enabling RNG early entropy source...[0m
[0;32mI (55) boot: Partition Table:[0m
[0;32mI (57) boot: ## Label            Usage          Type ST Offset   Length[0m
[0;32mI (64) boot:  0 nvs              WiFi data        01 02 00009000 00006000[0m
[0;32mI (70) boot:  1 phy_init         RF data          01 01 0000f000 00001000[0m
[0;32mI (77) boot:  2 factory          factory app      00 00 00010000 00100000[0m
[0;32mI (83) boot: End of partition table[0m
[0;32mI (87) esp_image: segment 0: paddr=00010020 vaddr=3c090020 size=1b7c4h (112580) map[0m
[0;32mI (114) esp_image: segment 1: paddr=0002b7ec vaddr=3fc9a800 size=0482ch ( 18476) load[0m
[0;32mI (118) esp_image: segment 2: paddr=00030020 vaddr=42000020 size=8f370h (586608) map[0m
[0;32mI (222) esp_image: segment 3: paddr=000bf398 vaddr=3fc9f02c size=0015ch (   348) load[0m
[0;32mI (222) esp_image: segment 4: paddr=000bf4fc vaddr=40374000 size=167cch ( 92108) load[0m
[0;32mI (245) esp_image: segment 5: paddr=000d5cd0 vaddr=600fe100 size=0001ch (    28) load[0m
[0;32mI (254) boot: Loaded app from partition at offset 0x10000[0m
[0;32mI (255) boot: Disabling RNG early entropy source...[0m
[0;32mI (265) cpu_start: Multicore app[0m
[0;32mI (274) cpu_start: Pro cpu start user code[0m
[0;32mI (274) cpu_start: cpu freq: 160000000 Hz[0m
[0;32mI (274) app_init: Application information:[0m
[0;32mI (274) app_init: Project name:     app-template[0m
[0;32mI (278) app_init: App version:      6d4ace7[0m
[0;32mI (282) app_init: Compile time:     Apr 25 2025 15:14:48[0m
[0;32mI (287) app_init: ELF file SHA256:  6e404a75c...[0m
[0;32mI (292) app_init: ESP-IDF:          HEAD-HASH-NOTFOUND[0m
[0;32mI (296) efuse_init: Min chip rev:     v0.0[0m
[0;32mI (300) efuse_init: Max chip rev:     v0.99 [0m
[0;32mI (304) efuse_init: Chip rev:         v0.2[0m
[0;32mI (308) heap_init: Initializing. RAM available for dynamic allocation:[0m
[0;32mI (314) heap_init: At 3FCA3818 len 00045EF8 (279 KiB): RAM[0m
[0;32mI (319) heap_init: At 3FCE9710 len 00005724 (21 KiB): RAM[0m
[0;32mI (325) heap_init: At 3FCF0000 len 00008000 (32 KiB): DRAM[0m
[0;32mI (330) heap_init: At 600FE11C len 00001ECC (7 KiB): RTCRAM[0m
[0;32mI (336) spi_flash: detected chip: gd[0m
[0;32mI (338) spi_flash: flash io: dio[0m
[0;33mW (341) spi_flash: Detected size(8192k) larger than the size in the binary image header(2048k). Using the size in the binary image header.[0m
[0;32mI (354) sleep_gpio: Configure to isolate all GPIO pins in sleep state[0m
[0;32mI (360) sleep_gpio: Enable automatic switching of GPIO sleep configuration[0m
[0;32mI (367) main_task: Started on CPU0[0m
[0;32mI (387) main_task: Calling app_main()[0m
I BOD: Brownout detector was triggered


ESP-ROM:esp32s3-20210327
Build:Mar 27 2021
rst:0x3 (RTC_SW_SYS_RST),boot:0x2a (SPI_FAST_FLASH_BOOT)
Saved PC:0x40375949
SPIWP:0xee
mode:DIO, clock div:1
load:0x3fce2810,len:0x15a0
load:0x403c8700,len:0x4
load:0x403c8704,len:0xd20
load:0x403cb700,len:0x2ee4
entry 0x403c8928
[0;32mI (31) boot: ESP-IDF HEAD-HASH-NOTFOUND 2nd stage bootloader[0m
[0;32mI (31) boot: compile time Apr 21 2025 15:45:26[0m
[0;32mI (31) boot: Multicore bootloader[0m
[0;32mI (33) boot: chip revision: v0.2[0m
[0;32mI (35) boot: efuse block revision: v1.3[0m
[0;32mI (39) boot.esp32s3: Boot SPI Speed : 80MHz[0m
[0;32mI (43) boot.esp32s3: SPI Mode       : DIO[0m
[0;32mI (47) boot.esp32s3: SPI Flash Size : 2MB[0m
[0;32mI (50) boot: Enabling RNG early entropy source...[0m
[0;32mI (55) boot: Partition Table:[0m
[0;32mI (57) boot: ## Label            Usage          Type ST Offset   Length[0m
[0;32mI (64) boot:  0 nvs              WiFi data        01 02 00009000 00006000[0m
[0;32mI (70) boot:  1 phy_init         RF data          01 01 0000f000 00001000[0m
[0;32mI (77) boot:  2 factory          factory app      00 00 00010000 00100000[0m
[0;32mI (83) boot: End of partition table[0m
[0;32mI (87) esp_image: segment 0: paddr=00010020 vaddr=3c090020 size=1b7c4h (112580) map[0m
[0;32mI (114) esp_image: segment 1: paddr=0002b7ec vaddr=3fc9a800 size=0482ch ( 18476) load[0m
[0;32mI (118) esp_image: segment 2: paddr=00030020 vaddr=42000020 size=8f370h (586608) map[0m
[0;32mI (222) esp_image: segment 3: paddr=000bf398 vaddr=3fc9f02c size=0015ch (   348) load[0m
[0;32mI (222) esp_image: segment 4: paddr=000bf4fc vaddr=40374000 size=167cch ( 92108) load[0m
[0;32mI (245) esp_image: segment 5: paddr=000d5cd0 vaddr=600fe100 size=0001ch (    28) load[0m
[0;32mI (254) boot: Loaded app from partition at offset 0x10000[0m
[0;32mI (255) boot: Disabling RNG early entropy source...[0m
[0;32mI (265) cpu_start: Multicore app[0m
[0;32mI (274) cpu_start: Pro cpu start user code[0m
[0;32mI (274) cpu_start: cpu freq: 160000000 Hz[0m
[0;32mI (274) app_init: Application information:[0m
[0;32mI (274) app_init: Project name:     app-template[0m
[0;32mI (278) app_init: App version:      6d4ace7[0m
[0;32mI (282) app_init: Compile time:     Apr 25 2025 15:14:48[0m
[0;32mI (287) app_init: ELF file SHA256:  6e404a75c...[0m
[0;32mI (292) app_init: ESP-IDF:          HEAD-HASH-NOTFOUND[0m
[0;32mI (296) efuse_init: Min chip rev:     v0.0[0m
[0;32mI (300) efuse_init: Max chip rev:     v0.99 [0m
[0;32mI (304) efuse_init: Chip rev:         v0.2[0m
[0;32mI (308) heap_init: Initializing. RAM available for dynamic allocation:[0m
[0;32mI (314) heap_init: At 3FCA3818 len 00045EF8 (279 KiB): RAM[0m
[0;32mI (319) heap_init: At 3FCE9710 len 00005724 (21 KiB): RAM[0m
[0;32mI (325) heap_init: At 3FCF0000 len 00008000 (32 KiB): DRAM[0m
[0;32mI (330) heap_init: At 600FE11C len 00001ECC (7 KiB): RTCRAM[0m
[0;32mI (336) spi_flash: detected chip: gd[0m
[0;32mI (338) spi_flash: flash io: dio[0m
[0;33mW (341) spi_flash: Detected size(8192k) larger than the size in the binary image header(2048k). Using the size in the binary image header.[0m
[0;32mI (354) sleep_gpio: Configure to isolate all GPIO pins in sleep state[0m
[0;32mI (360) sleep_gpio: Enable automatic switching of GPIO sleep configuration[0m
[0;32mI (367) main_task: Started on CPU0[0m
[0;32mI (387) main_task: Calling app_main()[0m
I BOD: Brownout detector was triggered


ESP-ROM:esp32s3-20210327
Build:Mar 27 2021
rst:0x3 (RTC_SW_SYS_RST),boot:0x2a (SPI_FAST_FLASH_BOOT)
Saved PC:0x40375949
SPIWP:0xee
mode:DIO, clock div:1
load:0x3fce2810,len:0x15a0
load:0x403c8700,len:0x4
load:0x403c8704,len:0xd20
load:0x403cb700,len:0x2ee4
entry 0x403c8928
[0;32mI (31) boot: ESP-IDF HEAD-HASH-NOTFOUND 2nd stage bootloader[0m
[0;32mI (31) boot: compile time Apr 21 2025 15:45:26[0m
[0;32mI (31) boot: Multicore bootloader[0m
[0;32mI (33) boot: chip revision: v0.2[0m
[0;32mI (35) boot: efuse block revision: v1.3[0m
[0;32mI (39) boot.esp32s3: Boot SPI Speed : 80MHz[0m
[0;32mI (43) boot.esp32s3: SPI Mode       : DIO[0m
[0;32mI (47) boot.esp32s3: SPI Flash Size : 2MB[0m
[0;32mI (50) boot: Enabling RNG early entropy source...[0m
[0;32mI (55) boot: Partition Table:[0m
[0;32mI (57) boot: ## Label            Usage          Type ST Offset   Length[0m
[0;32mI (64) boot:  0 nvs              WiFi data        01 02 00009000 00006000[0m
[0;32mI (70) boot:  1 phy_init         RF data          01 01 0000f000 00001000[0m
[0;32mI (77) boot:  2 factory          factory app      00 00 00010000 00100000[0m
[0;32mI (83) boot: End of partition table[0m
[0;32mI (87) esp_image: segment 0: paddr=00010020 vaddr=3c090020 size=1b7c4h (112580) map[0m
[0;32mI (114) esp_image: segment 1: paddr=0002b7ec vaddr=3fc9a800 size=0482ch ( 18476) load[0m
[0;32mI (118) esp_image: segment 2: paddr=00030020 vaddr=42000020 size=8f370h (586608) map[0m
[0;32mI (222) esp_image: segment 3: paddr=000bf398 vaddr=3fc9f02c size=0015ch (   348) load[0m
[0;32mI (222) esp_image: segment 4: paddr=000bf4fc vaddr=40374000 size=167cch ( 92108) load[0m
[0;32mI (245) esp_image: segment 5: paddr=000d5cd0 vaddr=600fe100 size=0001ch (    28) load[0m
[0;32mI (254) boot: Loaded app from partition at offset 0x10000[0m
[0;32mI (255) boot: Disabling RNG early entropy source...[0m
[0;32mI (265) cpu_start: Multicore app[0m
[0;32mI (274) cpu_start: Pro cpu start user code[0m
[0;32mI (274) cpu_start: cpu freq: 160000000 Hz[0m
[0;32mI (274) app_init: Application information:[0m
[0;32mI (274) app_init: Project name:     app-template[0m
[0;32mI (278) app_init: App version:      6d4ace7[0m
[0;32mI (282) app_init: Compile time:     Apr 25 2025 15:14:48[0m
[0;32mI (287) app_init: ELF file SHA256:  6e404a75c...[0m
[0;32mI (292) app_init: ESP-IDF:          HEAD-HASH-NOTFOUND[0m
[0;32mI (296) efuse_init: Min chip rev:     v0.0[0m
[0;32mI (300) efuse_init: Max chip rev:     v0.99 [0m
[0;32mI (304) efuse_init: Chip rev:         v0.2[0m
[0;32mI (308) heap_init: Initializing. RAM available for dynamic allocation:[0m
[0;32mI (314) heap_init: At 3FCA3818 len 00045EF8 (279 KiB): RAM[0m
[0;32mI (319) heap_init: At 3FCE9710 len 00005724 (21 KiB): RAM[0m
[0;32mI (325) heap_init: At 3FCF0000 len 00008000 (32 KiB): DRAM[0m
[0;32mI (330) heap_init: At 600FE11C len 00001ECC (7 KiB): RTCRAM[0m
[0;32mI (336) spi_flash: detected chip: gd[0m
[0;32mI (338) spi_flash: flash io: dio[0m
[0;33mW (341) spi_flash: Detected size(8192k) larger than the size in the binary image header(2048k). Using the size in the binary image header.[0m
[0;32mI (354) sleep_gpio: Configure to isolate all GPIO pins in sleep state[0m
[0;32mI (360) sleep_gpio: Enable automatic switching of GPIO sleep configuration[0m
[0;32mI (367) main_task: Started on CPU0[0m
[0;32mI (387) main_task: Calling app_main()[0m
I BOD: Brownout detector was triggered


ESP-ROM:esp32s3-20210327
Build:Mar 27 2021
rst:0x3 (RTC_SW_SYS_RST),boot:0x2a (SPI_FAST_FLASH_BOOT)
Saved PC:0x40375949
SPIWP:0xee
mode:DIO, clock div:1
load:0x3fce2810,len:0x15a0
load:0x403c8700,len:0x4
load:0x403c8704,len:0xd20
load:0x403cb700,len:0x2ee4
entry 0x403c8928
[0;32mI (31) boot: ESP-IDF HEAD-HASH-NOTFOUND 2nd stage bootloader[0m
[0;32mI (31) boot: compile time Apr 21 2025 15:45:26[0m
[0;32mI (31) boot: Multicore bootloader[0m
[0;32mI (33) boot: chip revision: v0.2[0m
[0;32mI (35) boot: efuse block revision: v1.3[0m
[0;32mI (39) boot.esp32s3: Boot SPI Speed : 80MHz[0m
[0;32mI (43) boot.esp32s3: SPI Mode       : DIO[0m
[0;32mI (47) boot.esp32s3: SPI Flash Size : 2MB[0m
[0;32mI (50) boot: Enabling RNG early entropy source...[0m
[0;32mI (55) boot: Partition Table:[0m
[0;32mI (57) boot: ## Label            Usage          Type ST Offset   Length[0m
[0;32mI (64) boot:  0 nvs              WiFi data        01 02 00009000 00006000[0m
[0;32mI (70) boot:  1 phy_init         RF data          01 01 0000f000 00001000[0m
[0;32mI (77) boot:  2 factory          factory app      00 00 00010000 00100000[0m
[0;32mI (83) boot: End of partition table[0m
[0;32mI (87) esp_image: segment 0: paddr=00010020 vaddr=3c090020 size=1b7c4h (112580) map[0m
[0;32mI (114) esp_image: segment 1: paddr=0002b7ec vaddr=3fc9a800 size=0482ch ( 18476) load[0m
[0;32mI (118) esp_image: segment 2: paddr=00030020 vaddr=42000020 size=8f370h (586608) map[0m
[0;32mI (222) esp_image: segment 3: paddr=000bf398 vaddr=3fc9f02c size=0015ch (   348) load[0m
[0;32mI (222) esp_image: segment 4: paddr=000bf4fc vaddr=40374000 size=167cch ( 92108) load[0m
[0;32mI (245) esp_image: segment 5: paddr=000d5cd0 vaddr=600fe100 size=0001ch (    28) load[0m
[0;32mI (254) boot: Loaded app from partition at offset 0x10000[0m
[0;32mI (255) boot: Disabling RNG early entropy source...[0m
[0;32mI (265) cpu_start: Multicore app[0m
[0;32mI (274) cpu_start: Pro cpu start user code[0m
[0;32mI (274) cpu_start: cpu freq: 160000000 Hz[0m
[0;32mI (274) app_init: Application information:[0m
[0;32mI (274) app_init: Project name:     app-template[0m
[0;32mI (278) app_init: App version:      6d4ace7[0m
[0;32mI (282) app_init: Compile time:     Apr 25 2025 15:14:48[0m
[0;32mI (287) app_init: ELF file SHA256:  6e404a75c...[0m
[0;32mI (292) app_init: ESP-IDF:          HEAD-HASH-NOTFOUND[0m
[0;32mI (296) efuse_init: Min chip rev:     v0.0[0m
[0;32mI (300) efuse_init: Max chip rev:     v0.99 [0m
[0;32mI (304) efuse_init: Chip rev:         v0.2[0m
[0;32mI (308) heap_init: Initializing. RAM available for dynamic allocation:[0m
[0;32mI (314) heap_init: At 3FCA3818 len 00045EF8 (279 KiB): RAM[0m
[0;32mI (319) heap_init: At 3FCE9710 len 00005724 (21 KiB): RAM[0m
[0;32mI (325) heap_init: At 3FCF0000 len 00008000 (32 KiB): DRAM[0m
[0;32mI (330) heap_init: At 600FE11C len 00001ECC (7 KiB): RTCRAM[0m
[0;32mI (336) spi_flash: detected chip: gd[0m
[0;32mI (338) spi_flash: flash io: dio[0m
[0;33mW (341) spi_flash: Detected size(8192k) larger than the size in the binary image header(2048k). Using the size in the binary image header.[0m
[0;32mI (354) sleep_gpio: Configure to isolate all GPIO pins in sleep state[0m
[0;32mI (360) sleep_gpio: Enable automatic switching of GPIO sleep configuration[0m
[0;32mI (367) main_task: Started on CPU0[0m
[0;32mI (387) main_task: Calling app_main()[0m
I BOD: Brownout detector was triggered


ESP-ROM:esp32s3-20210327
Build:Mar 27 2021
rst:0x3 (RTC_SW_SYS_RST),boot:0x2a (SPI_FAST_FLASH_BOOT)
Saved PC:0x40375949
SPIWP:0xee
mode:DIO, clock div:1
load:0x3fce2810,len:0x15a0
load:0x403c8700,len:0x4
load:0x403c8704,len:0xd20
load:0x403cb700,len:0x2ee4
entry 0x403c8928
[0;32mI (31) boot: ESP-IDF HEAD-HASH-NOTFOUND 2nd stage bootloader[0m
[0;32mI (31) boot: compile time Apr 21 2025 15:45:26[0m
[0;32mI (31) boot: Multicore bootloader[0m
[0;32mI (33) boot: chip revision: v0.2[0m
[0;32mI (35) boot: efuse block revision: v1.3[0m
[0;32mI (39) boot.esp32s3: Boot SPI Speed : 80MHz[0m
[0;32mI (43) boot.esp32s3: SPI Mode       : DIO[0m
[0;32mI (47) boot.esp32s3: SPI Flash Size : 2MB[0m
[0;32mI (50) boot: Enabling RNG early entropy source...[0m
[0;32mI (55) boot: Partition Table:[0m
[0;32mI (57) boot: ## Label            Usage          Type ST Offset   Length[0m
[0;32mI (64) boot:  0 nvs              WiFi data        01 02 00009000 00006000[0m
[0;32mI (70) boot:  1 phy_init         RF data          01 01 0000f000 00001000[0m
[0;32mI (77) boot:  2 factory          factory app      00 00 00010000 00100000[0m
[0;32mI (83) boot: End of partition table[0m
[0;32mI (87) esp_image: segment 0: paddr=00010020 vaddr=3c090020 size=1b7c4h (112580) map[0m
[0;32mI (114) esp_image: segment 1: paddr=0002b7ec vaddr=3fc9a800 size=0482ch ( 18476) load[0m
[0;32mI (118) esp_image: segment 2: paddr=00030020 vaddr=42000020 size=8f370h (586608) map[0m
ESP-ROM:esp32s3-20210327
Build:Mar 27 2021
rst:0x1 (POWERON),boot:0x8 (SPI_FAST_FLASH_BOOT)
SPIWP:0xee
mode:DIO, clock div:1
load:0x3fce2810,len:0x15a0
load:0x403c8700,len:0x4
load:0x403c8704,len:0xd20
load:0x403cb700,len:0x2ee4
entry 0x403c8928
[0;32mI (27) boot: ESP-IDF HEAD-HASH-NOTFOUND 2nd stage bootloader[0m
[0;32mI (27) boot: compile time Apr 21 2025 15:45:26[0m
[0;32mI (27) boot: Multicore bootloader[0m
[0;32mI (28) boot: chip revision: v0.2[0m
[0;32mI (31) boot: efuse block revision: v1.3[0m
[0;32mI (34) boot.esp32s3: Boot SPI Speed : 80MHz[0m
[0;32mI (38) boot.esp32s3: SPI Mode       : DIO[0m
[0;32mI (42) boot.esï¿½ESP-ROM:eESP-ROM:esp32s3-20210327[0m
Build:Mar 27 2021
rst:0xf (BROWNOUT_RST),boot:0x8 (SPI_FAST_FLASH_BOOT)
SPIWP:0xee
mode:DIO, clock div:1
load:0x3fce2810,len:0x15a0
load:0x403c8700,len:0x4
load:0x403c8704,len:0xd20
load:0x403cb700,len:0x2ee4
entry 0x403c8928
[0;32mI (27) boot: ESP-IDF HEAD-HASH-NOTFOUND 2nd stage bootloader[0m
[0;32mI (27) boot: compile time Apr 21 2025 15:45:26[0m
[0;32mI (27) boot: Multicore bootloader[0m
[0;32mI (28) boot: chip revision: v0.2[0m
[0;32mI (31) boot: efuse block revision: v1.3[0m
[0;32mI (35) boot.esp32s3: Boot SPI Speed : 80MHz[0m
[0;32mI (39) boot.esp32s3: SPI Mode       : DIO[0m
[0;32mI (42) boot.esp32s3: SPI Flash Size : 2MB[0m
[0;32mI (46) boot: Enabling RNG early entropy source...[0m
[0;32mI (51) boot: Partition Table:[0m
[0;32mI (53) boot: ## ï¿½ESP-ROM:esp32ï¿½ESP-ROM:esp32s3-20210327[0m
Build:Mar 27 2021
rst:0x1 (POWERON),boot:0x8 (SPI_FAST_FLASH_BOOT)
SPIWP:0xee
mode:DIO, clock div:1
load:0x3fce2810,len:0x15a0
load:0x403c8700,len:0x4
load:0x403c8704,len:0xd20
load:0x403cb700,len:0xï¿½ESP-ROM:esp32s3-20210327
Build:Mar 27 2021
rst:0x1 (POWERON),boot:0x8 (SPI_FAST_FLASH_BOOT)
SPIWP:0xee
mode:DIO, clock div:1
load:0x3fce2810,len:0x15a0
load:0x403c8700,len:0x4
load:0x403c8704,len:0xd20
load:0x403cb700,len:0x2ee4
entry 0x403c8928
[0;32mI (27) boot: ESP-IDF HEAD-HASH-NOTFOUND 2nd stage bootloader[0m
[0;32mI (27) boot: compile time Apr 21 2025 15:45:26[0m
[0;32mI (27) boot: Multicore bootloader[0m
[0;32mI (28) boot: chip revision: v0.2[0m
[0;32mI (31) boot: efuse block revision: v1.3[0m
[0;32mI (34) boot.esp32s3: Boot SPI Speed : 80MHz[0m
[0;32mI (38) boot.esp32s3: SPI Mode       : DIO[0m
[0;32mI (42) boot.esp32s3: SPI Flash Size : 2MB[0m
[0;32mI (46) boot: Enabling RNG early entropy source...[0m
[0;32mI (50) boot: Partition Table:[0m
[0;32mI (53) boot: ## Label            Usage          Type ST Offset   Length[0m
[0;32mI (59) boot:  0 nvs              WiFi data        01 02 00009000 00006000[0m
[0;32mI (66) boot:  1 phy_init         RF data          01 01 0000f000 00001000[0m
[0;32mI (72) boot:  2 factory          factory app      00 00 00010000 00100000[0m
[0;32mI (79) boot: End of partition table[0m
[0;32mI (82) esp_image: segment 0: paddr=00010020 vaddr=3c090020 size=1b7c4h (112580) map[0m
[0;32mI (109) esp_image: segment 1: paddr=0002b7ec vaddr=3fc9a800 size=0482ch ( 18476) load[0m
[0;32mI (113) esp_image: segment 2: paddr=00030020 vaddr=42000020 size=8f370h (586608) map[0m
[0;32mI (217) esp_image: segment 3: paddr=000bf398 vaddr=3fc9f02c size=0015ch (   348) load[0m
[0;32mI (218) esp_image: segment 4: paddr=000bf4fc vaddr=40374000 size=167cch ( 92108) load[0m
[0;32mI (241) esp_image: segment 5: paddr=000d5cd0 vaddr=600fe100 size=0001ch (    28) load[0m
[0;32mI (250) boot: Loaded app from partition at offset 0x10000[0m
[0;32mI (250) boot: Disabling RNG early entropy source...[0m
[0;32mI (260) cpu_start: Multicore app[0m
[0;32mI (269) cpu_start: Pro cpu start user code[0m
[0;32mI (269) cpu_start: cpu freq: 160000000 Hz[0m
[0;32mI (269) app_init: Application information:[0m
[0;32mI (269) app_init: Project name:     app-template[0m
[0;32mI (274) app_init: App version:      6d4ace7[0m
[0;32mI (278) app_init: Compile time:     Apr 25 2025 15:14:48[0m
[0;32mI (283) app_init: ELF file SHA256:  6e404a75c...[0m
[0;32mI (287) app_init: ESP-IDF:          HEAD-HASH-NOTFOUND[0m
[0;32mI (292) efuse_init: Min chip rev:     v0.0[0m
[0;32mI (296) efuse_init: Max chip rev:     v0.99 [0m
[0;32mI (300) efuse_init: Chip rev:         v0.2[0m
[0;32mI (304) heap_init: Initializing. RAM available for dynamic allocation:[0m
[0;32mI (310) heap_init: At 3FCA3818 len 00045EF8 (279 KiB): RAM[0m
[0;32mI (315) heap_init: At 3FCE9710 len 00005724 (21 KiB): RAM[0m
[0;32mI (320) heap_init: At 3FCF0000 len 00008000 (32 KiB): DRAM[0m
[0;32mI (325) heap_init: At 600FE11C len 00001ECC (7 KiB): RTCRAM[0m
[0;32mI (332) spi_flash: detected chip: gd[0m
[0;32mI (334) spi_flash: flash io: dio[0m
[0;33mW (337) spi_flash: Detected size(8192k) larger than the size in the binary image header(2048k). Using the size in the binary image header.[0m
[0;32mI (349) sleep_gpio: Configure to isolate all GPIO pins in sleep state[0m
[0;32mI (356) sleep_gpio: Enable automatic switching of GPIO sleep configuration[0m
[0;32mI (362) main_task: Started on CPU0[0m
[0;32mI (382) main_task: Calling app_main()[0m
I BOD: Brownout detector was triggered


ESP-ROM:esp32s3-20210327
Build:Mar 27 2021
rst:0x3 (RTC_ï¿½ESP-ROM:esp32s3-20210327
Build:Mar 27 2021
rst:0x1 (POWERON),boot:0x8 (SPI_FAST_FLASH_BOOT)
SPIWP:0xee
mode:DIO, clock div:1
load:0x3fce2810,len:0x15a0
load:0x403c8700,len:0x4
load:0x403c8704,len:0xd20
load:0x403cb700,len:0x2ee4
entry 0x403c8928
[0;32mI (27) boot: ESP-IDF HEAD-HASH-NOTFOUND 2nd stage bootloader[0m
[0;32mI (27) boot: compile time Apr 21 2025 15:45:26[0m
[0;32mI (27) boot: Multicore bootloader[0m
[0;32mI (28) boot: chip revision: v0.2[0m
[0;32mI (31) boot: efuse block revision: v1.3[0m
[0;32mI (34) boot.esp32s3: Boot SPI Speed : 80MHz[0m
[0;32mI (38) boot.esp32s3: SPI Mode       : DIO[0m
[0;32mI (42) boot.esp32s3: SPI Flash Size : 2MB[0m
[0;32mI (46) boot: Enabling RNG early entropy source...[0m
[0;32mI (50) boot: Partition Table:[0m
[0;32mI (53) boot: ## Label            Usage          Type ST Offset   Length[0m
[0;32mI (59) boot:  0 nvs              WiFi data        01 02 00009000 00006000[0m
[0;32mI (66) boot:  1 phy_init         RF data          01 01 0000f000 00001000[0m
[0;32mI (72) boot:  2 factory          factory app      00 00 00010000 00100000[0m
[0;32mI (79) boot: End of partition table[0m
[0;32mI (82) esp_image: segment 0:ESP-ROM:esp32s3-20210327[0m
Build:Mar 27 2021
rst:0xf (BROWNOUT_RST),boot:0x8 (SPI_FAST_FLASH_BOOT)
SPIWP:0xee
mode:DIO, clock div:1
load:0x3fce2810,len:0x15a0
load:0x403c8700,len:0x4
load:0x403c8704,len:0xd20
load:0x403cb700,len:0x2ee4
entry 0x403c8928
[0;32mI (27) boot: ESP-IDF HEAD-HASH-NOTFOUND 2nd stage bootloader[0m
[0;32mI (27) boot: compile time Apr 21 2025 15:45:26[0m
[0;32mI (27) boot: Multicore bootloader[0m
[0;32mI (28) boot: chip revision: v0.2[0m
[0;32mI (31) boot: efuse block revision: v1.3[0m
[0;32mI (35) boot.esp32s3: Boot SPI Speed : 80MHz[0m
[0;32mI (39) boot.esp32s3: SPI Mode       : DIO[0m
[0;32mI (42) boot.esp32s3: SPI Flash Size : 2MB[0m
[0;32mI (46) boot: Enabling RNG early entropy source...[0m
[0;32mI (51) boot: Partition Table:[0m
[0;32mI (53) boot: ## Label            Usage          Type ST Offset   Length[0m
[0;32mI (60) boot:  0 nvs              WiFi data        01 02 00009000 00006000[0m
[0;32mI (66) boot:  1 phy_init         RF data          01 01 0000f000 00001000[0m
[0;32mI (73) boot:  2 factory          factory app      00 00 00010000 00100000[0m
[0;32mI (79) boot: End of partition table[0m
[0;32mI (82) esp_image: segment 0: paddr=00010020 vaddr=3c090020 size=1b7c4h (112580) map[0m
[0;32mI (110) esp_image: segment 1: paddr=0002b7ec vaddr=3fc9a800 size=0482ch ( 18476) load[0m
[0;32mI (114) esp_image: segment 2: paddr=00030020 vaddr=42000020 size=8f370h (586608) map[0m
[0;32mI (218) esp_image: segment 3: paddr=000bf398 vaddr=3fc9f02c size=0015ch (   348) load[0m
[0;32mI (218) esp_image: segment 4: paddr=000bf4fc vaddr=40374000 size=167cch ( 92108) load[0m
[0;32mI (241) esp_image: segment 5: paddr=000d5cd0 vaddr=600fe100 size=0001ch (    28) load[0m
[0;32mI (250) boot: Loaded app from partition at offset 0x10000[0m
[0;32mI (251) boot: Disabling RNG early entropy source...[0m
[0;32mI (261) cpu_start: Multicore app[0m
[0;32mI (270) cpu_start: Pro cpu start user code[0m
[0;32mI (270) cpu_start: cpu freq: 160000000 Hz[0m
[0;32mI (270) app_init: Application information:[0m
[0;32mI (270) app_init: Project name:     app-template[0m
[0;32mI (274) app_init: App version:      6d4ace7[0m
[0;32mI (278) app_init: Compile time:     Apr 25 2025 15:14:48[0m
[0;32mI (283) app_init: ELF file SHA256:  6e404a75c...[0m
[0;32mI (287) app_init: ESP-IDF:          HEAD-HASH-NOTFOUND[0m
[0;32mI (292) efuse_init: Min chip rev:     v0.0[0m
[0;32mI (296) efuse_init: Max chip rev:     v0.99 [0m
[0;32mI (300) efuse_init: Chip rev:         v0.2[0m
[0;32mI (304) heap_init: Initializing. RAM available for dynamic allocation:[0m
[0;32mI (310) heap_init: At 3FCA3818 len 00045EF8 (279 KiB): RAM[0m
[0;32mI (315) heap_init: At 3FCE9710 len 00005724 (21 KiB): RAM[0m
[0;32mI (321) heap_init: At 3FCF0000 len 00008000 (32 KiB): DRAM[0m
[0;32mI (326) heap_init: At 600FE11C len 00001ECC (7 KiB): RTCRAM[0m
[0;32mI (332) spi_flash: detected chip: gd[0m
[0;32mI (334) spi_flash: flash io: dio[0m
[0;33mW (337) spi_flash: Detected size(8192k) larger than the size in the binary image header(2048k). Using the size in the binary image header.[0m
[0;32mI (350) sleep_gpio: Configure to isolate all GPIO pins in sleep state[0m
[0;32mI (356) sleep_gpio: Enable automatic switching of GPIO sleep configuration[0m
[0;32mI (363) main_task: Started on CPU0[0m
[0;32mI (383) main_task: Calling app_main()[0m
I BOD: Brownout detector was triggered


ESP-ROM:esp32s3-20210327
Build:Mar 27 2021
rst:0x3 (RTC_SW_SYS_RST),boot:0x8 (SPI_FAST_FLASH_BOOT)
Saved PC:0x40375949
SPIWP:0xee
mode:DIO, clock div:1
load:0x3fce2810,len:0x15a0
load:0x403c8700,len:0x4
load:0x403c8704,len:0xd20
load:0x403cb700,len:0x2ee4
entry 0x403c8928
[0;32mI (31) boot: ESP-IDF HEAD-HASH-NOTFOUND 2nd stage bootloader[0m
[0;32mI (31) boot: compile time Apr 21 2025 15:45:26[0m
[0;32mI (31) boot: Multicore bootloader[0m
[0;32mI (32) boot: chip revision: v0.2[0m
[0;32mI (35) boot: efuse block revision: v1.3[0m
[0;32mI (39) boot.esp32s3: Boot SPI Speed : 80MHz[0m
[0;32mI (43) boot.esp32s3: SPI Mode       : DIO[0m
[0;32mI (46) boot.esp32s3: SPI Flash Size : 2MB[0m
[0;32mI (50) boot: Enabling RNG early entropy source...[0m
[0;32mI (55) boot: Partition Table:[0m
[0;32mI (57) boot: ## Label            Usage          Type ST Offset   Length[0m
[0;32mI (64) boot:  0 nvs              WiFi data        01 02 00009000 00006000[0m
[0;32mI (70) boot:  1 phy_init         RF data          01 01 0000f000 00001000[0m
[0;32mI (77) boot:  2 factory          factory app      00 00 00010000 00100000[0m
[0;32mI (83) boot: End of partition table[0m
[0;32mI (86) esp_image: segment 0: paddr=00010020 vaddr=3c090020 size=1b7c4h (112580) map[0m
[0;32mI (114) esp_image: segment 1: paddr=0002b7ec vaddr=3fc9a800 size=0482ch ( 18476) load[0m
[0;32mI (118) esp_image: segment 2: paddr=00030020 vaddr=42000020 size=8f370h (586608) map[0m
[0;32mI (222) esp_image: segment 3: paddr=000bf398 vaddr=3fc9f02c size=0015ch (   348) load[0m
[0;32mI (222) esp_image: segment 4: paddr=000bf4fc vaddr=40374000 size=167cch ( 92108) load[0m
[0;32mI (245) esp_image: segment 5: paddr=000d5cd0 vaddr=600fe100 size=0001ch (    28) load[0m
[0;32mI (254) boot: Loaded app from partition at offset 0x10000[0m
[0;32mI (255) boot: Disabling RNG early entropy source...[0m
[0;32mI (265) cpu_start: Multicore app[0m
[0;32mI (274) cpu_start: Pro cpu start user code[0m
[0;32mI (274) cpu_start: cpu freq: 160000000 Hz[0m
[0;32mI (274) app_init: Application information:[0m
[0;32mI (274) app_init: Project name:     app-template[0m
[0;32mI (278) app_init: App version:      6d4ace7[0m
[0;32mI (282) app_init: Compile time:     Apr 25 2025 15:14:48[0m
[0;32mI (287) app_init: ELF file SHA256:  6e404a75c...[0m
[0;32mI (291) app_init: ESP-IDF:          HEAD-HASH-NOTFOUND[0m
[0;32mI (296) efuse_init: Min chip rev:     v0.0[0m
[0;32mI (300) efuse_init: Max chip rev:     v0.99 [0m
[0;32mI (304) efuse_init: Chip rev:         v0.2[0m
[0;32mI (308) heap_init: Initializing. RAM available for dynamic allocation:[0m
[0;32mI (314) heap_init: At 3FCA3818 len 00045EF8 (279 KiB): RAM[0m
[0;32mI (319) heap_init: At 3FCE9710 len 00005724 (21 KiB): RAM[0m
[0;32mI (325) heap_init: At 3FCF0000 len 00008000 (32 KiB): DRAM[0m
[0;32mI (330) heap_init: At 600FE11C len 00001ECC (7 KiB): RTCRAM[0m
[0;32mI (336) spi_flash: detected chip: gd[0m
[0;32mI (338) spi_flash: flash io: dio[0m
[0;33mW (341) spi_flash: Detected size(8192k) larger than the size in the binary image header(2048k). Using the size in the binary image header.[0m
[0;32mI (354) sleep_gpio: Configure to isolate all GPIO pins in sleep state[0m
[0;32mI (360) sleep_gpio: Enable automatic switching of GPIO sleep configuration[0m
[0;32mI (367) main_task: Started on CPU0[0m
[0;32mI (387) main_task: Calling app_main()[0m
I BOD: Brownout detector was triggered


ESP-ROM:esp32s3-20210327
Build:Mar 27 2021
rst:0x3 (RTC_SW_SYS_RST),boot:0x8 (SPI_FAST_FLASH_BOOT)
Saved PC:0x40375949
SPIWP:0xee
mode:DIO, clock div:1
load:0x3fce2810,len:0x15a0
load:0x403c8700,len:0x4
load:0x403c8704,len:0xd20
load:0x403cb700,len:0x2ee4
entry 0x403c8928
[0;32mI (31) boot: ESP-IDF HEAD-HASH-NOTFOUND 2nd stage bootloader[0m
[0;32mI (31) boot: compile time Apr 21 2025 15:45:26[0m
[0;32mI (31) boot: Multicore bootloader[0m
[0;32mI (32) boot: chip revision: v0.2[0m
[0;32mI (35) boot: efuse block revision: v1.3[0m
[0;32mI (39) boot.esp32s3: Boot SPI Speed : 80MHz[0m
[0;32mI (43) boot.esp32s3: SPI Mode       : DIO[0m
[0;32mI (46) boot.esp32s3: SPI Flash Size : 2MB[0m
[0;32mI (50) boot: Enabling RNG early entropy source...[0m
[0;32mI (55) boot: Partition Table:[0m
[0;32mI (57) boot: ## Label            Usage          Type ST Offset   Length[0m
[0;32mI (64) boot:  0 nvs              WiFi data        01 02 00009000 00006000[0m
[0;32mI (70) boot:  1 phy_init         RF data          01 01 0000f000 00001000[0m
[0;32mI (77) boot:  2 factory          factory app      00 00 00010000 00100000[0m
[0;32mI (83) boot: End of partition table[0m
[0;32mI (86) esp_image: segment 0: paddr=00010020 vaddr=3c090020 size=1b7c4h (112580) map[0m
[0;32mI (114) esp_image: segment 1: paddr=0002b7ec vaddr=3fc9a800 size=0482ch ( 18476) load[0m
[0;32mI (118) esp_image: segment 2: paddr=00030020 vaddr=42000020 size=8f370h (586608) map[0m
[0;32mI (222) esp_image: segment 3: paddr=000bf398 vaddr=3fc9f02c size=0015ch (   348) load[0m
[0;32mI (222) esp_image: segment 4: paddr=000bf4fc vaddr=40374000 size=167cch ( 92108) load[0m
[0;32mI (245) esp_image: segment 5: paddr=000d5cd0 vaddr=600fe100 size=0001ch (    28) load[0m
[0;32mI (254) boot: Loaded app from partition at offset 0x10000[0m
[0;32mI (255) boot: Disabling RNG early entropy source...[0m
[0;32mI (265) cpu_start: Multicore app[0m
[0;32mI (274) cpu_start: Pro cpu start user code[0m
[0;32mI (274) cpu_start: cpu freq: 160000000 Hz[0m
[0;32mI (274) app_init: Application information:[0m
[0;32mI (274) app_init: Project name:     app-template[0m
[0;32mI (278) app_init: App version:      6d4ace7[0m
[0;32mI (282) app_init: Compile time:     Apr 25 2025 15:14:48[0m
[0;32mI (287) app_init: ELF file SHA256:  6e404a75c...[0m
[0;32mI (291) app_init: ESP-IDF:          HEAD-HASH-NOTFOUND[0m
[0;32mI (296) efuse_init: Min chip rev:     v0.0[0m
[0;32mI (300) efuse_init: Max chip rev:     v0.99 [0m
[0;32mI (304) efuse_init: Chip rev:         v0.2[0m
[0;32mI (308) heap_init: Initializing. RAM available for dynamic allocation:[0m
[0;32mI (314) heap_init: At 3FCA3818 len 00045EF8 (279 KiB): RAM[0m
[0;32mI (319) heap_init: At 3FCE9710 len 00005724 (21 KiB): RAM[0m
[0;32mI (325) heap_init: At 3FCF0000 len 00008000 (32 KiB): DRAM[0m
[0;32mI (330) heap_init: At 600FE11C len 00001ECC (7 KiB): RTCRAM[0m
[0;32mI (336) spi_flash: detected chip: gd[0m
[0;32mI (338) spi_flash: flash io: dio[0m
[0;33mW (341) spi_flash: Detected size(8192k) larger than the size in the binary image header(2048k). Using the size in the binary image header.[0m
[0;32mI (354) sleep_gpio: Configure to isolate all GPIO pins in sleep state[0m
[0;32mI (360) sleep_gpio: Enable automatic switching of GPIO sleep configuration[0m
[0;32mI (367) main_task: Started on CPU0[0m
[0;32mI (387) main_task: Calling app_main()[0m
I BOD: Brownout detector was triggered


ESP-ROM:esp32s3-20210327
Build:Mar 27 2021
rst:0x3 (RTC_SW_SYS_RST),boot:0x8 (SPI_FAST_FLASH_BOOT)
Saved PC:0x40375949
SPIWP:0xee
mode:DIO, clock div:1
load:0x3fce2810,len:0x15a0
load:0x403c8700,len:0x4
load:0x403c8704,len:0xd20
load:0x403cb700,len:0x2ee4
entry 0x403c8928
[0;32mI (31) boot: ESP-IDF HEAD-HASH-NOTFOUND 2nd stage bootloader[0m
[0;32mI (31) boot: compile time Apr 21 2025 15:45:26[0m
[0;32mI (31) boot: Multicore bootloader[0m
[0;32mI (32) boot: chip revision: v0.2[0m
[0;32mI (35) boot: efuse block revision: v1.3[0m
[0;32mI (39) boot.esp32s3: Boot SPI Speed : 80MHz[0m
[0;32mI (43) boot.esp32s3: SPI Mode       : DIO[0m
[0;32mI (46) boot.esp32s3: SPI Flash Size : 2MB[0m
[0;32mI (50) boot: Enabling RNG early entropy source...[0m
[0;32mI (55) boot: Partition Table:[0m
[0;32mI (57) boot: ## Label            Usage          Type ST Offset   Length[0m
[0;32mI (64) boot:  0 nvs              WiFi data        01 02 00009000 00006000[0m
[0;32mI (70) boot:  1 phy_init         RF data          01 01 0000f000 00001000[0m
[0;32mI (77) boot:  2 factory          factory app      00 00 00010000 00100000[0m
[0;32mI (83) boot: End of partition table[0m
[0;32mI (86) esp_image: segment 0: paddr=00010020 vaddr=3c090020 size=1b7c4h (112580) map[0m
[0;32mI (114) esp_image: segment 1: paddr=0002b7ec vaddr=3fc9a800 size=0482ch ( 18476) load[0m
[0;32mI (118) esp_image: segment 2: paddr=00030020 vaddr=42000020 size=8f370h (586608) map[0m
[0;32mI (222) esp_image: segment 3: paddr=000bf398 vaddr=3fc9f02c size=0015ch (   348) load[0m
[0;32mI (222) esp_image: segment 4: paddr=000bf4fc vaddr=40374000 size=167cch ( 92108) load[0m
[0;32mI (245) esp_image: segment 5: paddr=000d5cd0 vaddr=600fe100 size=0001ch (    28) load[0m
[0;32mI (254) boot: Loaded app from partition at offset 0x10000[0m
[0;32mI (255) boot: Disabling RNG early entropy source...[0m
[0;32mI (265) cpu_start: Multicore app[0m
[0;32mI (274) cpu_start: Pro cpu start user code[0m
[0;32mI (274) cpu_start: cpu freq: 160000000 Hz[0m
[0;32mI (274) app_init: Application information:[0m
[0;32mI (274) app_init: Project name:     app-template[0m
[0;32mI (278) app_init: App version:      6d4ace7[0m
[0;32mI (282) app_init: Compile time:     Apr 25 2025 15:14:48[0m
[0;32mI (287) app_init: ELF file SHA256:  6e404a75c...[0m
[0;32mI (291) app_init: ESP-IDF:          HEAD-HASH-NOTFOUND[0m
[0;32mI (296) efuse_init: Min chip rev:     v0.0[0m
[0;32mI (300) efuse_init: Max chip rev:     v0.99 [0m
[0;32mI (304) efuse_init: Chip rev:         v0.2[0m
[0;32mI (308) heap_init: Initializing. RAM available for dynamic allocation:[0m
[0;32mI (314) heap_init: At 3FCA3818 len 00045EF8 (279 KiB): RAM[0m
[0;32mI (319) heap_init: At 3FCE9710 len 00005724 (21 KiB): RAM[0m
[0;32mI (325) heap_init: At 3FCF0000 len 00008000 (32 KiB): DRAM[0m
[0;32mI (330) heap_init: At 600FE11C len 00001ECC (7 KiB): RTCRAM[0m
[0;32mI (336) spi_flash: detected chip: gd[0m
[0;32mI (338) spi_flash: flash io: dio[0m
[0;33mW (341) spi_flash: Detected size(8192k) larger than the size in the binary image header(2048k). Using the size in the binary image header.[0m
[0;32mI (354) sleep_gpio: Configure to isolate all GPIO pins in sleep state[0m
[0;32mI (360) sleep_gpio: Enable automatic switching of GPIO sleep configuration[0m
[0;32mI (367) main_task: Started on CPU0[0m
[0;32mI (387) main_task: Calling app_main()[0m
I BOD: Brownout detector was triggered


ESP-ROM:esp32s3-20210327
Build:Mar 27 2021
rst:0x3 (RTC_SW_SYS_RST),boot:0x8 (SPI_FAST_FLASH_BOOT)
Saved PC:0x40375949
SPIWP:0xee
mode:DIO, clock div:1
load:0x3fce2810,len:0x15a0
load:0x403c8700,len:0x4
load:0x403c8704,len:0xd20
load:0x403cb700,len:0x2ee4
entry 0x403c8928
[0;32mI (31) boot: ESP-IDF HEAD-HASH-NOTFOUND 2nd stage bootloader[0m
[0;32mI (31) boot: compile time Apr 21 2025 15:45:26[0m
[0;32mI (31) boot: Multicore bootloader[0m
[0;32mI (32) boot: chip revision: v0.2[0m
[0;32mI (35) boot: efuse block revision: v1.3[0m
[0;32mI (39) boot.esp32s3: Boot SPI Speed : 80MHz[0m
[0;32mI (43) boot.esp32s3: SPI Mode       : DIO[0m
[0;32mI (46) boot.esp32s3: SPI Flash Size : 2MB[0m
[0;32mI (50) boot: Enabling RNG early entropy source...[0m
[0;32mI (55) boot: Partition Table:[0m
[0;32mI (57) boot: ## Label            Usage          Type ST Offset   Length[0m
[0;32mI (64) boot:  0 nvs              WiFi data        01 02 00009000 00006000[0m
[0;32mI (70) boot:  1 phy_init         RF data          01 01 0000f000 00001000[0m
[0;32mI (77) boot:  2 factory          factory app      00 00 00010000 00100000[0m
[0;32mI (83) boot: End of partition table[0m
[0;32mI (86) esp_image: segment 0: paddr=00010020 vaddr=3c090020 size=1b7c4h (112580) map[0m
[0;32mI (114) esp_image: segment 1: paddr=0002b7ec vaddr=3fc9a800 size=0482ch ( 18476) load[0m
[0;32mI (118) esp_image: segment 2: paddr=00030020 vaddr=42000020 size=8f370h (586608) map[0m
[0;32mI (222) esp_image: segment 3: paddr=000bf398 vaddr=3fc9f02c size=0015ch (   348) load[0m
[0;32mI (222) esp_image: segment 4: paddr=000bf4fc vaddr=40374000 size=167cch ( 92108) load[0m
[0;32mI (245) esp_image: segment 5: paddr=000d5cd0 vaddr=600fe100 size=0001ch (    28) load[0m
[0;32mI (254) boot: Loaded app from partition at offset 0x10000[0m
[0;32mI (255) boot: Disabling RNG early entropy source...[0m
[0;32mI (265) cpu_start: Multicore app[0m
[0;32mI (274) cpu_start: Pro cpu start user code[0m
[0;32mI (274) cpu_start: cpu freq: 160000000 Hz[0m
[0;32mI (274) app_init: Application information:[0m
[0;32mI (274) app_init: Project name:     app-template[0m
[0;32mI (278) app_init: App version:      6d4ace7[0m
[0;32mI (282) app_init: Compile time:     Apr 25 2025 15:14:48[0m
[0;32mI (287) app_init: ELF file SHA256:  6e404a75c...[0m
[0;32mI (291) app_init: ESP-IDF:          HEAD-HASH-NOTFOUND[0m
[0;32mI (296) efuse_init: Min chip rev:     v0.0[0m
[0;32mI (300) efuse_init: Max chip rev:     v0.99 [0m
[0;32mI (304) efuse_init: Chip rev:         v0.2[0m
[0;32mI (308) heap_init: Initializing. RAM available for dynamic allocation:[0m
[0;32mI (314) heap_init: At 3FCA3818 len 00045EF8 (279 KiB): RAM[0m
[0;32mI (319) heap_init: At 3FCE9710 len 00005724 (21 KiB): RAM[0m
[0;32mI (325) heap_init: At 3FCF0000 len 00008000 (32 KiB): DRAM[0m
[0;32mI (330) heap_init: At 600FE11C len 00001ECC (7 KiB): RTCRAM[0m
[0;32mI (336) spi_flash: detected chip: gd[0m
[0;32mI (338) spi_flash: flash io: dio[0m
[0;33mW (341) spi_flash: Detected size(8192k) larger than the size in the binary image header(2048k). Using the size in the binary image header.[0m
[0;32mI (354) sleep_gpio: Configure to isolate all GPIO pins in sleep state[0m
[0;32mI (360) sleep_gpio: Enable automatic switching of GPIO sleep configuration[0m
[0;32mI (367) main_task: Started on CPU0[0m
[0;32mI (387) main_task: Calling app_main()[0m
I BOD: Brownout detector was triggered


ESP-ROM:esp32s3-20210327
Build:Mar 27 2021
rst:0x3 (RTC_SW_SYS_RST),boot:0x8 (SPI_FAST_FLASH_BOOT)
Saved PC:0x40375949
SPIWP:0xee
mode:DIO, clock div:1
load:0x3fce2810,len:0x15a0
load:0x403c8700,len:0x4
load:0x403c8704,len:0xd20
load:0x403cb700,len:0x2ee4
entry 0x403c8928
[0;32mI (31) boot: ESP-IDF HEAD-HASH-NOTFOUND 2nd stage bootloader[0m
[0;32mI (31) boot: compile time Apr 21 2025 15:45:26[0m
[0;32mI (31) boot: Multicore bootloader[0m
[0;32mI (32) boot: chip revision: v0.2[0m
[0;32mI (35) boot: efuse block revision: v1.3[0m
[0;32mI (39) boot.esp32s3: Boot SPI Speed : 80MHz[0m
[0;32mI (43) boot.esp32s3: SPI Mode       : DIO[0m
[0;32mI (46) boot.esp32s3: SPI Flash Size : 2MB[0m
[0;32mI (50) boot: Enabling RNG early entropy source...[0m
[0;32mI (55) boot: Partition Table:[0m
[0;32mI (57) boot: ## Label            Usage          Type ST Offset   Length[0m
[0;32mI (64) boot:  0 nvs              WiFi data        01 02 00009000 00006000[0m
[0;32mI (70) boot:  1 phy_init         RF data          01 01 0000f000 00001000[0m
[0;32mI (77) boot:  2 factory          factory app      00 00 00010000 00100000[0m
[0;32mI (83) boot: End of partition table[0m
[0;32mI (86) esp_image: segment 0: paddr=00010020 vaddr=3c090020 size=1b7c4h (112580) map[0m
[0;32mI (114) esp_image: segment 1: paddr=0002b7ec vaddr=3fc9a800 size=0482ch ( 18476) load[0m
[0;32mI (118) esp_image: segment 2: paddr=00030020 vaddr=42000020 size=8f370h (586608) map[0m
[0;32mI (222) esp_image: segment 3: paddr=000bf398 vaddr=3fc9f02c size=0015ch (   348) load[0m
[0;32mI (222) esp_image: segment 4: paddr=000bf4fc vaddr=40374000 size=167cch ( 92108) load[0m
[0;32mI (245) esp_image: segment 5: paddr=000d5cd0 vaddr=600fe100 size=0001ch (    28) load[0m
[0;32mI (254) boot: Loaded app from partition at offset 0x10000[0m
[0;32mI (255) boot: Disabling RNG early entropy source...[0m
[0;32mI (265) cpu_start: Multicore app[0m
[0;32mI (274) cpu_start: Pro cpu start user code[0m
[0;32mI (274) cpu_start: cpu freq: 160000000 Hz[0m
[0;32mI (274) app_init: Application information:[0m
[0;32mI (274) app_init: Project name:     app-template[0m
[0;32mI (278) app_init: App version:      6d4ace7[0m
[0;32mI (282) app_init: Compile time:     Apr 25 2025 15:14:48[0m
[0;32mI (287) app_init: ELF file SHA256:  6e404a75c...[0m
[0;32mI (291) app_init: ESP-IDF:          HEAD-HASH-NOTFOUND[0m
[0;32mI (296) efuse_init: Min chip rev:     v0.0[0m
[0;32mI (300) efuse_init: Max chip rev:     v0.99 [0m
[0;32mI (304) efuse_init: Chip rev:         v0.2[0m
[0;32mI (308) heap_init: Initializing. RAM available for dynamic allocation:[0m
[0;32mI (314) heap_init: At 3FCA3818 len 00045EF8 (279 KiB): RAM[0m
[0;32mI (319) heap_init: At 3FCE9710 len 00005724 (21 KiB): RAM[0m
[0;32mI (325) heap_init: At 3FCF0000 len 00008000 (32 KiB): DRAM[0m
[0;32mI (330) heap_init: At 600FE11C len 00001ECC (7 KiB): RTCRAM[0m
[0;32mI (336) spi_flash: detected chip: gd[0m
[0;32mI (338) spi_flash: flash io: dio[0m
[0;33mW (341) spi_flash: Detected size(8192k) larger than the size in the binary image header(2048k). Using the size in the binary image header.[0m
[0;32mI (354) sleep_gpio: Configure to isolate all GPIO pins in sleep state[0m
[0;32mI (360) sleep_gpio: Enable automatic switching of GPIO sleep configuration[0m
[0;32mI (367) main_task: Started on CPU0[0m
[0;32mI (387) main_task: Calling app_main()[0m
I BOD: Brownout detector was triggered


ESP-ROM:esp32s3-20210327
Build:Mar 27 2021
rst:0x3 (RTC_SW_SYS_RST),boot:0x8 (SPI_FAST_FLASH_BOOT)
Saved PC:0x40375949
SPIWP:0xee
mode:DIO, clock div:1
load:0x3fce2810,len:0x15a0
load:0x403c8700,len:0x4
load:0x403c8704,len:0xd20
load:0x403cb700,len:0x2ee4
entry 0x403c8928
[0;32mI (31) boot: ESP-IDF HEAD-HASH-NOTFOUND 2nd stage bootloader[0m
[0;32mI (31) boot: compile time Apr 21 2025 15:45:26[0m
[0;32mI (31) boot: Multicore bootloader[0m
[0;32mI (32) boot: chip revision: v0.2[0m
[0;32mI (35) boot: efuse block revision: v1.3[0m
[0;32mI (39) boot.esp32s3: Boot SPI Speed : 80MHz[0m
[0;32mI (43) boot.esp32s3: SPI Mode       : DIO[0m
[0;32mI (46) boot.esp32s3: SPI Flash Size : 2MB[0m
[0;32mI (50) boot: Enabling RNG early entropy source...[0m
[0;32mI (55) boot: Partition Table:[0m
[0;32mI (57) boot: ## Label            Usage          Type ST Offset   Length[0m
[0;32mI (64) boot:  0 nvs              WiFi data        01 02 00009000 00006000[0m
[0;32mI (70) boot:  1 phy_init         RF data          01 01 0000f000 00001000[0m
[0;32mI (77) boot:  2 factory          factory app      00 00 00010000 00100000[0m
[0;32mI (83) boot: End of partition table[0m
[0;32mI (86) esp_image: segment 0: paddr=00010020 vaddr=3c090020 size=1b7c4h (112580) map[0m
[0;32mI (114) esp_image: segment 1: paddr=0002b7ec vaddr=3fc9a800 size=0482ch ( 18476) load[0m
[0;32mI (118) esp_image: segment 2: paddr=00030020 vaddr=42000020 size=8f370h (586608) map[0m
[0;32mI (222) esp_image: segment 3: paddr=000bf398 vaddr=3fc9f02c size=0015ch (   348) load[0m
[0;32mI (222) esp_image: segment 4: paddr=000bf4fc vaddr=40374000 size=167cch ( 92108) load[0m
[0;32mI (245) esp_image: segment 5: paddr=000d5cd0 vaddr=600fe100 size=0001ch (    28) load[0m
[0;32mI (254) boot: Loaded app from partition at offset 0x10000[0m
[0;32mI (255) boot: Disabling RNG early entropy source...[0m
[0;32mI (265) cpu_start: Multicore app[0m
[0;32mI (274) cpu_start: Pro cpu start user code[0m
[0;32mI (274) cpu_start: cpu freq: 160000000 Hz[0m
[0;32mI (274) app_init: Application information:[0m
[0;32mI (274) app_init: Project name:     app-template[0m
[0;32mI (278) app_init: App version:      6d4ace7[0m
[0;32mI (282) app_init: Compile time:     Apr 25 2025 15:14:48[0m
[0;32mI (287) app_init: ELF file SHA256:  6e404a75c...[0m
[0;32mI (291) app_init: ESP-IDF:          HEAD-HASH-NOTFOUND[0m
[0;32mI (296) efuse_init: Min chip rev:     v0.0[0m
[0;32mI (300) efuse_init: Max chip rev:     v0.99 [0m
[0;32mI (304) efuse_init: Chip rev:         v0.2[0m
[0;32mI (308) heap_init: Initializing. RAM available for dynamic allocation:[0m
[0;32mI (314) heap_init: At 3FCA3818 len 00045EF8 (279 KiB): RAM[0m
[0;32mI (319) heap_init: At 3FCE9710 len 00005724 (21 KiB): RAM[0m
[0;32mI (325) heap_init: At 3FCF0000 len 00008000 (32 KiB): DRAM[0m
[0;32mI (330) heap_init: At 600FE11C len 00001ECC (7 KiB): RTCRAM[0m
[0;32mI (336) spi_flash: detected chip: gd[0m
[0;32mI (338) spi_flash: flash io: dio[0m
[0;33mW (341) spi_flash: Detected size(8192k) larger than the size in the binary image header(2048k). Using the size in the binary image header.[0m
[0;32mI (354) sleep_gpio: Configure to isolate all GPIO pins in sleep state[0m
[0;32mI (360) sleep_gpio: Enable automatic switching of GPIO sleep configuration[0m
[0;32mI (367) main_task: Started on CPU0[0m
[0;32mI (387) main_task: Calling app_main()[0m
I BOD: Brownout detector was triggered


ESP-ROM:esp32s3-20210327
Build:Mar 27 2021
rst:0x3 (RTC_SW_SYS_RST),boot:0x8 (SPI_FAST_FLASH_BOOT)
Saved PC:0x40375949
SPIWP:0xee
mode:DIO, clock div:1
load:0x3fce2810,len:0x15a0
load:0x403c8700,len:0x4
load:0x403c8704,len:0xd20
load:0x403cb700,len:0x2ee4
entry 0x403c8928
[0;32mI (31) boot: ESP-IDF HEAD-HASH-NOTFOUND 2nd stage bootloader[0m
[0;32mI (31) boot: compile time Apr 21 2025 15:45:26[0m
[0;32mI (31) boot: Multicore bootloader[0m
[0;32mI (32) boot: chip revision: v0.2[0m
[0;32mI (35) boot: efuse block revision: v1.3[0m
[0;32mI (39) boot.esp32s3: Boot SPI Speed : 80MHz[0m
[0;32mI (43) boot.esp32s3: SPI Mode       : DIO[0m
[0;32mI (46) boot.esp32s3: SPI Flash Size : 2MB[0m
[0;32mI (50) boot: Enabling RNG early entropy source...[0m
[0;32mI (55) boot: Partition Table:[0m
[0;32mI (57) boot: ## Label            Usage          Type ST Offset   Length[0m
[0;32mI (64) boot:  0 nvs              WiFi data        01 02 00009000 00006000[0m
[0;32mI (70) boot:  1 phy_init         RF data          01 01 0000f000 00001000[0m
[0;32mI (77) boot:  2 factory          factory app      00 00 00010000 00100000[0m
[0;32mI (83) boot: End of partition table[0m
[0;32mI (86) esp_image: segment 0: paddr=00010020 vaddr=3c090020 size=1b7c4h (112580) map[0m
[0;32mI (114) esp_image: segment 1: paddr=0002b7ec vaddr=3fc9a800 size=0482ch ( 18476) load[0m
[0;32mI (118) esp_image: segment 2: paddr=00030020 vaddr=42000020 size=8f370h (586608) map[0m
[0;32mI (222) esp_image: segment 3: paddr=000bf398 vaddr=3fc9f02c size=0015ch (   348) load[0m
[0;32mI (222) esp_image: segment 4: paddr=000bf4fc vaddr=40374000 size=167cch ( 92108) load[0m
[0;32mI (245) esp_image: segment 5: paddr=000d5cd0 vaddr=600fe100 size=0001ch (    28) load[0m
[0;32mI (254) boot: Loaded app from partition at offset 0x10000[0m
[0;32mI (255) boot: Disabling RNG early entropy source...[0m
[0;32mI (265) cpu_start: Multicore app[0m
[0;32mI (274) cpu_start: Pro cpu start user code[0m
[0;32mI (274) cpu_start: cpu freq: 160000000 Hz[0m
[0;32mI (274) app_init: Application information:[0m
[0;32mI (274) app_init: Project name:     app-template[0m
[0;32mI (278) app_init: App version:      6d4ace7[0m
[0;32mI (282) app_init: Compile time:     Apr 25 2025 15:14:48[0m
[0;32mI (287) app_init: ELF file SHA256:  6e404a75c...[0m
[0;32mI (291) app_init: ESP-IDF:          HEAD-HASH-NOTFOUND[0m
[0;32mI (296) efuse_init: Min chip rev:     v0.0[0m
[0;32mI (300) efuse_init: Max chip rev:     v0.99 [0m
[0;32mI (304) efuse_init: Chip rev:         v0.2[0m
[0;32mI (308) heap_init: Initializing. RAM available for dynamic allocation:[0m
[0;32mI (314) heap_init: At 3FCA3818 len 00045EF8 (279 KiB): RAM[0m
[0;32mI (319) heap_init: At 3FCE9710 len 00005724 (21 KiB): RAM[0m
[0;32mI (325) heap_init: At 3FCF0000 len 00008000 (32 KiB): DRAM[0m
[0;32mI (330) heap_init: At 600FE11C len 00001ECC (7 KiB): RTCRAM[0m
[0;32mI (336) spi_flash: detected chip: gd[0m
[0;32mI (338) spi_flash: flash io: dio[0m
[0;33mW (341) spi_flash: Detected size(8192k) larger than the size in the binary image header(2048k). Using the size in the binary image header.[0m
[0;32mI (354) sleep_gpio: Configure to isolate all GPIO pins in sleep state[0m
[0;32mI (360) sleep_gpio: Enable automatic switching of GPIO sleep configuration[0m
[0;32mI (367) main_task: Started on CPU0[0m
[0;32mI (387) main_task: Calling app_main()[0m
I BOD: Brownout detector was triggered


ESP-ROM:esp32s3-20210327
Build:Mar 27 2021
rst:0x3 (RTC_SW_SYS_RST),boot:0x8 (SPI_FAST_FLASH_BOï¿½ESP-ROM:esp32s3-20210327
Build:Mar 27 2021
rst:0x1 (POWERON),boot:0x8 (SPI_FAST_FLASH_BOOT)
SPIWP:0xee
mode:DIO, clock div:1
load:0x3fce2810,len:0x15a0
load:0x403c8700,len:0x4
load:0x403c8704,len:0xd20
load:0x403cb700,len:0x2ee4
entry 0x403c8928
[0;32mI (27) boot: ESP-IDF HEAD-HASH-NOTFOUND 2nd stage bootloader[0m
[0;32mI (27) boot: compile time Apr 21 2025 15:45:26[0m
[0;32mI (27) boot: Multicore bootloader[0m
[0;32mI (28) boot: chip revision: v0.2[0m
[0;32mI (31) boot: efuse block revision: v1.3[0m
[0;32mI (34) boot.esp32s3: Boot SPI Speed : 80MHz[0m
[0;32mI (38) boot.esp32s3: SPI Mode       : DIO[0m
[0;32mI (42) boot.esp32s3: SPI Flash Size : 2MB[0m
[0;32mI (46) boot: Enabling RNG early entropy source...[0m
[0;32mI (50) boot: Partition Table:[0m
[0;32mI (53) boot: ## Label            Usage          Type ST Offset   Length[0m
[0;32mI (59) boot:  0 nvs              WiFi data        01 02 00009000 00006000[0m
[0;32mI (66) boot:  1 phy_init         RF data          01 01 0000f000 00001000[0m
[0;32mI (72) boot:  2 factory          factory app      00 00 00010000 00100000[0m
[0;32mI (79) boot: End of partition table[0m
[0;32mI (82) esp_image: segment 0: paddr=00010020 vaddr=3c090020 size=1b7c4h (112580) map[0m
[0;32mI (109) esp_image: segment 1: paddr=0002b7ec vaddr=3fc9a800 size=0482ch ( 18476) load[0m
[0;32mI (113) esp_image: segment 2: paddr=00030020 vaddr=42000020 size=8f370h (586608) map[0m
ESP-ROM:esp32s3-20210327
BuilESP-ROM:esp32s3-20210327
Build:Mar 27 2021
rst:0x1 (POWERON),boot:0x8 (SPI_FAST_FLASH_BOOT)
SPIWP:0xee
mode:DIO, clock div:1
load:0x3fce2810,len:0x15a0
load:0x403c8700,len:0x4
load:0x403c8704,len:0xd20
load:0x403cb700,len:0x2ee4
entry 0x403c8928
[0;32mI (27) boot: ESP-IDF HEAD-HASH-NOTFOUND 2nd stage bootloader[0m
[0;32mI (27) boot: compile ï¿½ESP-ROM:esp32s3-20210327[0m
Build:Mar 27 2021
rst:0x1 (POWERON),boot:0x8 (SPI_FAST_FLASH_BOOT)
SPIWP:0xee
mode:DIO, clock div:1
load:0x3fce2810,len:0x15a0
load:0x403c8700,len:0x4
load:0x403c8704,len:0xd20
load:0x403cb700,len:0x2ee4
entry 0x403c8928
[0;32mI (27) boot: ESP-IDF HEAD-HASH-NOTFOUND 2nd stage bootloader[0m
[0;32mI (27) boot: compile time Apr 21 2025 15:45:26[0m
[0;32mI (27) boot: Multicore bootloader[0m
[0;32mI (28) boot: chip revision: v0.2[0m
[0;32mI (31) boot: efuse block revision: v1.3[0m
[0;32mI (34) boot.esp32s3: Boot SPI Speed : 80MHz[0m
[0;32mI (38) boot.esp32s3: SPI Mode       : DIO[0m
[0;32mI (42) boot.esp32s3: SPI Flash Size : 2MB[0m
[0;32mI (46) boot: Enabling RNG early entropy source...[0m
[0;32mI (50) boot: Partition Table:[0m
[0;32mI (53) boot: ## Label            Usage          Type ST Offset   Length[0m
[0;32mI (59) boot:  0 nvs              WiFi data        01 02 00009000 00006000[0m
[0;32mI (66) boot:  1 phy_init         RF data          01 01 0000f000 00001000[0m
[0;32mI (72) boot:  2 factory          factory app      00 00 00010000 00100000[0m
[0;32mI (79) boot: End of partition table[0m
[0;32mI (82) esp_image: segment 0: paddr=00010020 vaddr=3c090020 size=1b7c4h (112580) map[0m
[0;32mI (109) esp_image: segment 1: paddr=0002b7ec vaddr=3fc9a800 size=0482ch ( 18476) load[0m
[0;32mI (113) esp_image: segment 2: paddr=00030020 vaddr=42000020 size=8f370h (586608) map[0m
[0;32mI (217) esp_image: segment 3: paddr=000bf398 vaddr=3fc9f02c size=0015ch (   348) load[0m
[0;32mI (218) esp_image: segment 4: paddr=000bf4fc vaddr=40374000 size=167cch ( 92108) load[0m
[0;32mI (241) esp_image: segment 5: paddr=000d5cd0 vaddr=600fe100 size=0001ch (    28) load[0m
[0;32mI (250) boot: Loaded app from partition at offset 0x10000[0m
[0;32mI (250) boot: Disabling RNG early entropy source...[0m
[0;32mI (260) cpu_start: Multicore app[0m
[0;32mI (269) cpu_start: Pro cpu start user code[0m
[0;32mI (269) cpu_start: cpu freq: 160000000 Hz[0m
[0;32mI (269) app_init: Application information:[0m
[0;32mI (269) app_init: Project name:     app-template[0m
[0;32mI (274) app_init: App version:      6d4ace7[0m
[0;32mI (278) app_init: Compile time:     Apr 25 2025 15:14:48[0m
[0;32mI (283) app_init: ELF file SHA256:  6e404a75c...[0m
[0;32mI (287) app_init: ESP-IDF:          HEAD-HASH-NOTFOUND[0m
[0;32mI (292) efuse_init: Min chip rev:     v0.0[0m
[0;32mI (296) efuse_init: Max chip rev:     v0.99 [0m
[0;32mI (300) efuse_init: Chip rev:         v0.2[0m
[0;32mI (304) heap_init: Initializing. RAM available for dynamic allocation:[0m
[0;32mI (310) heap_init: At 3FCA3818 len 00045EF8 (279 KiB): RAM[0m
[0;32mI (315) heap_init: At 3FCE9710 len 00005724 (21 KiB): RAM[0m
[0;32mI (320) heap_init: At 3FCF0000 len 00008000 (32 KiB): DRAM[0m
[0;32mI (325) heap_init: At 600FE11C len 00001ECC (7 KiB): RTCRAM[0m
[0;32mI (332) spi_flash: detected chip: gd[0m
[0;32mI (334) spi_flash: flash io: dio[0m
[0;33mW (337) spi_flash: Detected size(8192k) larger than the size in the binary image header(2048k). Using the size in the binary image header.[0m
[0;32mI (349) sleep_gpio: Configure to isolate all GPIO pins in sleep state[0m
[0;32mI (356) sleep_gpio: Enable automatic switching of GPIO sleep configuration[0m
[0;32mI (362) main_task: Started on CPU0[0m
[0;32mI (382) main_task: Calling app_main()[0m
I BOD: Brownout detector was triggered


ESP-ROM:esp32s3-20210327
Build:Mar 27 2021
rst:0x3 (RTC_SW_SYS_RST),boot:0x8 (SPI_FAST_FLASH_BOOT)
Saved PC:0x40375949
SPIWP:0xee
mode:DIO, clock div:1
load:0x3fce2810,len:0x15a0
load:0x403c8700,len:0x4
load:0x403c8704,len:0xd20
load:0x403cb700,len:0x2ee4
entry 0x403c8928
[0;32mI (31) boot: ESP-IDF HEAD-HASH-NOTFOUND 2nd stage bootloader[0m
[0;32mI (31) boot: compile time Apr 21 2025 15:45:26[0m
[0;32mI (31) boot: Multicore bootloader[0m
[0;32mI (32) boot: chip revision: v0.2[0m
[0;32mI (35) boot: efuse block revision: v1.3[0m
[0;32mI (39) boot.esp32s3: Boot SPI Speed : 80MHz[0m
[0;32mI (43) boot.esp32s3: SPI Mode       : DIO[0m
[0;32mI (46) boot.esp32s3: SPI Flash Size : 2MB[0m
[0;32mI (50) boot: Enabling RNG early entropy source...[0m
[0;32mI (55) boot: Partition Table:[0m
[0;32mI (57) boot: ## Label            Usage          Type ST Offset   Length[0m
[0;32mI (64) boot:  0 nvs              WiFi data        01 02 00009000 00006000[0m
[0;32mI (70) boot:  1 phy_init         RF data          01 01 0000f000 00001000[0m
[0;32mI (77) boot:  2 factory          factory app      00 00 00010000 00100000[0m
[0;32mI (83) boot: End of partition table[0m
[0;32mI (86) esp_image: segment 0: paddr=00010020 vaddr=3c090020 size=1b7c4h (112580) map[0m
[0;32mI (114) esp_image: segment 1: paddr=0002b7ec vaddr=3fc9a800 size=0482ch ( 18476) load[0m
[0;32mI (118) esp_image: segment 2: paddr=00030020 vaddr=42000020 size=8f370h (586608) map[0m
[0;32mI (222) esp_image: segment 3: paddr=000bf398 vaddr=3fc9f02c size=0015ch (   348) load[0m
[0;32mI (222) esp_image: segment 4: paddr=000bf4fc vaddr=40374000 size=167cch ( 92108) load[0m
[0;32mI (245) esp_image: segment 5: paddr=000d5cd0 vaddr=600fe100 size=0001ch (    28) load[0m
[0;32mI (254) boot: Loaded app from partition at offset 0x10000[0m
[0;32mI (255) boot: Disabling RNG early entropy source...[0m
[0;32mI (265) cpu_start: Multicore app[0m
[0;32mI (274) cpu_start: Pro cpu start user code[0m
[0;32mI (274) cpu_start: cpu freq: 160000000 Hz[0m
[0;32mI (274) app_init: Application information:[0m
[0;32mI (274) app_init: Project name:     app-template[0m
[0;32mI (278) app_init: App version:      6d4ace7[0m
[0;32mI (282) app_init: Compile time:     Apr 25 2025 15:14:48[0m
[0;32mI (287) app_init: ELF file SHA256:  6e404a75c...[0m
[0;32mI (291) app_init: ESP-IDF:          HEAD-HASH-NOTFOUND[0m
[0;32mI (296) efuse_init: Min chip rev:     v0.0[0m
[0;32mI (300) efuse_init: Max chip rev:     v0.99 [0m
[0;32mI (304) efuse_init: Chip rev:         v0.2[0m
[0;32mI (308) heap_init: Initializing. RAM available for dynamic allocation:[0m
[0;32mI (314) heap_init: At 3FCA3818 len 00045EF8 (279 KiB): RAM[0m
[0;32mI (319) heap_init: At 3FCE9710 len 00005724 (21 KiB): RAM[0m
[0;32mI (325) heap_init: At 3FCF0000 len 00008000 (32 KiB): DRAM[0m
[0;32mI (330) heap_init: At 600FE11C len 00001ECC (7 KiB): RTCRAM[0m
[0;32mI (336) spi_flash: detected chip: gd[0m
[0;32mI (338) spi_flash: flash io: dio[0m
[0;33mW (341) spi_flash: Detected size(8192k) larger than the size in the binary image header(2048k). Using the size in the binary image header.[0m
[0;32mI (354) sleep_gpio: Configure to isolate all GPIO pins in sleep state[0m
[0;32mI (360) sleep_gpio: Enable automatic switching of GPIO sleep configuration[0m
[0;32mI (367) main_task: Started on CPU0[0m
[0;32mI (387) main_task: Calling app_main()[0m
I BOD: Brownout detector was triggered


ESP-ROM:esp32s3-20210327
Build:Mar 27 2021
rst:0x3 (RTC_SW_SYS_RST),boot:0x8 (SPI_FAST_FLASH_BOOT)
Saved PC:0x40375949
SPIWP:0xee
mode:DIO, clock div:1
load:0x3fce2810,len:0x15a0
load:0x403c8700,len:0x4
load:0x403c8704,len:0xd20
load:0x403cb700,len:0x2ee4
entry 0x403c8928
[0;32mI (31) boot: ESP-IDF HEAD-HASH-NOTFOUND 2nd stage bootloader[0m
[0;32mI (31) boot: compile time Apr 21 2025 15:45:26[0m
[0;32mI (31) boot: Multicore bootloader[0m
[0;32mI (32) boot: chip revision: v0.2[0m
[0;32mI (35) boot: efuse block revision: v1.3[0m
[0;32mI (39) boot.esp32s3: Boot SPI Speed : 80MHz[0m
[0;32mI (43) boot.esp32s3: SPI Mode       : DIO[0m
[0;32mI (46) boot.esp32s3: SPI Flash Size : 2MB[0m
[0;32mI (50) boot: Enabling RNG early entropy source...[0m
[0;32mI (55) boot: Partition Table:[0m
[0;32mI (57) boot: ## Label            Usage          Type ST Offset   Length[0m
[0;32mI (64) boot:  0 nvs              WiFi data        01 02 00009000 00006000[0m
[0;32mI (70) boot:  1 phy_init         RF data          01 01 0000f000 00001000[0m
[0;32mI (77) boot:  2 factory          factory app      00 00 00010000 00100000[0m
[0;32mI (83) boot: End of partition table[0m
[0;32mI (86) esp_image: segment 0: paddr=00010020 vaddr=3c090020 size=1b7c4h (112580) map[0m
[0;32mI (114) esp_image: segment 1: paddr=0002b7ec vaddr=3fc9a800 size=0482ch ( 18476) load[0m
[0;32mI (118) esp_image: segment 2: paddr=00030020 vaddr=42000020 size=8f370h (586608) map[0m
[0;32mI (222) esp_image: segment 3: paddr=000bf398 vaddr=3fc9f02c size=0015ch (   348) load[0m
[0;32mI (222) esp_image: segment 4: paddr=000bf4fc vaddr=40374000 size=167cch ( 92108) load[0m
[0;32mI (245) esp_image: segment 5: paddr=000d5cd0 vaddr=600fe100 size=0001ch (    28) load[0m
[0;32mI (254) boot: Loaded app from partition at offset 0x10000[0m
[0;32mI (255) boot: Disabling RNG early entropy source...[0m
[0;32mI (265) cpu_start: Multicore app[0m
[0;32mI (274) cpu_start: Pro cpu start user code[0m
[0;32mI (274) cpu_start: cpu freq: 160000000 Hz[0m
[0;32mI (274) app_init: Application information:[0m
[0;32mI (274) app_init: Project name:     app-template[0m
[0;32mI (278) app_init: App version:      6d4ace7[0m
[0;32mI (282) app_init: Compile time:     Apr 25 2025 15:14:48[0m
[0;32mI (287) app_init: ELF file SHA256:  6e404a75c...[0m
[0;32mI (291) app_init: ESP-IDF:          HEAD-HASH-NOTFOUND[0m
[0;32mI (296) efuse_init: Min chip rev:     v0.0[0m
[0;32mI (300) efuse_init: Max chip rev:     v0.99 [0m
[0;32mI (304) efuse_init: Chip rev:         v0.2[0m
[0;32mI (308) heap_init: Initializing. RAM available for dynamic allocation:[0m
[0;32mI (314) heap_init: At 3FCA3818 len 00045EF8 (279 KiB): RAM[0m
[0;32mI (319) heap_init: At 3FCE9710 len 00005724 (21 KiB): RAM[0m
[0;32mI (325) heap_init: At 3FCF0000 len 00008000 (32 KiB): DRAM[0m
[0;32mI (330) heap_init: At 600FE11C len 00001ECC (7 KiB): RTCRAM[0m
[0;32mI (336) spi_flash: detected chip: gd[0m
[0;32mI (338) spi_flash: flash io: dio[0m
[0;33mW (341) spi_flash: Detected size(8192k) larger than the size in the binary image header(2048k). Using the size in the binary image header.[0m
[0;32mI (354) sleep_gpio: Configure to isolate all GPIO pins in sleep state[0m
[0;32mI (360) sleep_gpio: Enable automatic switching of GPIO sleep configuration[0m
[0;32mI (367) main_task: Started on CPU0[0m
[0;32mI (387) main_task: Calling app_main()[0m
I BOD: Brownout detector was triggered


ESP-ROM:esp32s3-20210327
Build:Mar 27 2021
rst:0x3 (RTC_SW_SYS_RST),boot:0x8 (SPI_FAST_FLASH_BOOT)
Saved PC:0x40375949
SPIWP:0xee
mode:DIO, clock div:1
load:0x3fce2810,len:0x15a0
load:0x403c8700,len:0x4
load:0x403c8704,len:0xd20
load:0x403cb700,len:0x2ee4
entry 0x403c8928
[0;32mI (31) boot: ESP-IDF HEAD-HASH-NOTFOUND 2nd stage bootloader[0m
[0;32mI (31) boot: compile time Apr 21 2025 15:45:26[0m
[0;32mI (31) boot: Multicore bootloader[0m
[0;32mI (32) boot: chip revision: v0.2[0m
[0;32mI (35) boot: efuse block revision: v1.3[0m
[0;32mI (39) boot.esp32s3: Boot SPI Speed : 80MHz[0m
[0;32mI (43) boot.esp32s3: SPI Mode       : DIO[0m
[0;32mI (46) boot.esp32s3: SPI Flash Size : 2MB[0m
[0;32mI (50) boot: Enabling RNG early entropy source...[0m
[0;32mI (55) boot: Partition Table:[0m
[0;32mI (57) boot: ## Label            Usage          Type ST Offset   Length[0m
[0;32mI (64) boot:  0 nvs              WiFi data        01 02 00009000 00006000[0m
[0;32mI (70) boot:  1 phy_init         RF data          01 01 0000f000 00001000[0m
[0;32mI (77) boot:  2 factory          factory app      00 00 00010000 00100000[0m
[0;32mI (83) boot: End of partition table[0m
[0;32mI (86) esp_image: segment 0: paddr=00010020 vaddr=3c090020 size=1b7c4h (112580) map[0m
[0;32mI (114) esp_image: segment 1: paddr=0002b7ec vaddr=3fc9a800 size=0482ch ( 18476) load[0m
[0;32mI (118) esp_image: segment 2: paddr=00030020 vaddr=42000020 size=8f370h (586608) map[0m
[0;32mI (222) esp_image: segment 3: paddr=000bf398 vaddr=3fc9f02c size=0015ch (   348) load[0m
[0;32mI (222) esp_image: segment 4: paddr=000bf4fc vaddr=40374000 size=167cch ( 92108) load[0m
[0;32mI (245) esp_image: segment 5: paddr=000d5cd0 vaddr=600fe100 size=0001ch (    28) load[0m
[0;32mI (254) boot: Loaded app from partition at offset 0x10000[0m
[0;32mI (255) boot: Disabling RNG early entropy source...[0m
[0;32mI (265) cpu_start: Multicore app[0m
[0;32mI (274) cpu_start: Pro cpu start user code[0m
[0;32mI (274) cpu_start: cpu freq: 160000000 Hz[0m
[0;32mI (274) app_init: Application information:[0m
[0;32mI (274) app_init: Project name:     app-template[0m
[0;32mI (278) app_init: App version:      6d4ace7[0m
[0;32mI (282) app_init: Compile time:     Apr 25 2025 15:14:48[0m
[0;32mI (287) app_init: ELF file SHA256:  6e404a75c...[0m
[0;32mI (291) app_init: ESP-IDF:          HEAD-HASH-NOTFOUND[0m
[0;32mI (296) efuse_init: Min chip rev:     v0.0[0m
[0;32mI (300) efuse_init: Max chip rev:     v0.99 [0m
[0;32mI (304) efuse_init: Chip rev:         v0.2[0m
[0;32mI (308) heap_init: Initializing. RAM available for dynamic allocation:[0m
[0;32mI (314) heap_init: At 3FCA3818 len 00045EF8 (279 KiB): RAM[0m
[0;32mI (319) heap_init: At 3FCE9710 len 00005724 (21 KiB): RAM[0m
[0;32mI (325) heap_init: At 3FCF0000 len 00008000 (32 KiB): DRAM[0m
[0;32mI (330) heap_init: At 600FE11C len 00001ECC (7 KiB): RTCRAM[0m
[0;32mI (336) spi_flash: detected chip: gd[0m
[0;32mI (338) spi_flash: flash io: dio[0m
[0;33mW (341) spi_flash: Detected size(8192k) larger than the size in the binary image header(2048k). Using the size in the binary image header.[0m
[0;32mI (354) sleep_gpio: Configure to isolate all GPIO pins in sleep state[0m
[0;32mI (360) sleep_gpio: Enable automatic switching of GPIO sleep configuration[0m
[0;32mI (367) main_task: Started on CPU0[0m
[0;32mI (387) main_task: Calling app_main()[0m
I BOD: Brownout detector was triggered


ESP-ROM:esp32s3-20210327
Build:Mar 27 2021
rst:0x3 (RTC_SW_SYS_RST),boot:0x8 (SPI_FAST_FLASH_BOOT)
Saved PC:0x40375949
SPIWP:0xee
mode:DIO, clock div:1
load:0x3fce2810,len:0x15a0
load:0x403c8700,len:0x4
load:0x403c8704,len:0xd20
load:0x403cb700,len:0x2ee4
entry 0x403c8928
[0;32mI (31) boot: ESP-IDF HEAD-HASH-NOTFOUND 2nd stage bootloader[0m
[0;32mI (31) boot: compile time Apr 21 2025 15:45:26[0m
[0;32mI (31) boot: Multicore bootloader[0m
[0;32mI (32) boot: chip revision: v0.2[0m
[0;32mI (35) boot: efuse block revision: v1.3[0m
[0;32mI (39) boot.esp32s3: Boot SPI Speed : 80MHz[0m
[0;32mI (43) boot.esp32s3: SPI Mode       : DIO[0m
[0;32mI (46) boot.esp32s3: SPI Flash Size : 2MB[0m
[0;32mI (50) boot: Enabling RNG early entropy source...[0m
[0;32mI (55) boot: Partition Table:[0m
[0;32mI (57) boot: ## Label            Usage          Type ST Offset   Length[0m
