[1;31mE (80998) w5500.mac: w5500_send_command(208): send command timeout[0m
[1;31mE (80998) w5500.mac: emac_w5500_stop(393): issue CLOSE command failed[0m
[1;31mE (80998) w5500.mac: emac_w5500_set_link(475): w5500 stop failed[0m
[1;31mE (80998) esp_eth: eth_on_state_changed(131): ethernet mac set link failed[0m
[1;31mE (81008) w5500.phy: w5500_update_link_duplex_speed(88): change link failed[0m
[1;31mE (81018) w5500.phy: w5500_get_link(112): update link duplex speed failed[0m
[1;31mE (82538) w5500.mac: w5500_send_command(208): send command timeout[0m
[1;31mE (82538) w5500.mac: emac_w5500_transmit(589): issue SEND command failed[0m
[1;31mE (83008) w5500.mac: w5500_send_command(208): send command timeout[0m
[1;31mE (83008) w5500.mac: emac_w5500_stop(393): issue CLOSE command failed[0m
[1;31mE (83008) w5500.mac: emac_w5500_set_link(475): w5500 stop failed[0m
[1;31mE (83008) esp_eth: eth_on_state_changed(131): ethernet mac set link failed[0m
[1;31mE (83018) w5500.phy: w5500_update_link_duplex_speed(88): change link failed[0m
[1;31mE (83028) w5500.phy: w5500_get_link(112): update link duplex speed failed[0m
I BOD: Brownout dï¿½ESP-ROM:esp32s3-20210327
Build:Mar 27 2021
rst:0x1 (POWERON),boot:0x8 (SPI_FAST_FLASH_BOOT)
SPIWP:0xee
mode:DIO, clock div:1
load:0x3fce2810,len:0x15a0
load:0x403c8700,len:0x4
load:0x403c8704,len:0xd20
load:0x403cb700,len:0x2ee4
entry 0x403c8928
[0;32mI (27) boot: ESP-IDF HEAD-HASH-NOTFOUND 2nd stage bootloader[0m
[0;32mI (27) boot: compile time Apr 21 2025 15:45:26[0m
[0;32mI (27) boot: Multicore bootloader[0m
[0;32mI (28) boot: chip revision: v0.2[0m
[0;32mI (31) boot: efuse block revision: v1.3[0m
[0;32mI (34) boot.esp32s3: Boot SPI Speed : 80MHz[0m
[0;32mI (38) boot.esp32s3: SPI Mode       : DIO[0m
[0;32mI (42) boot.esp32s3: SPI Flash Size : 2MB[0m
[0;32mI (46) boot: Enabling RNG early entropy source...[0m
[0;32mI (50) boot: Partition Table:[0m
[0;32mI (53) boot: ## Label            Usage          Type ST Offset   Length[0m
[0;32mI (59) boot:  0 nvs              WiFi data        01 02 00009000 00006000[0m
[0;32mI (66) boot:  1 phy_init         RF data          01 01 0000f000 00001000[0m
[0;32mI (72) boot:  2 factory          factory app      00 00 00010000 00100000[0m
[0;32mI (79) boot: End of partition table[0m
[0;32mI (82) esp_image: segment 0: paddr=00010020 vaddr=3c040020 size=13304h ( 78596) map[0m
[0;32mI (103) esp_image: segment 1: paddr=0002332c vaddr=3fc94d00 size=02bc4h ( 11204) load[0m
[0;32mI (106) esp_image: segment 2: paddr=00025ef8 vaddr=40374000 size=0a120h ( 41248) load[0m
[0;32mI (116) esp_image: segment 3: paddr=00030020 vaddr=42000020 size=36b30h (224048) map[0m
I (156) esp_image: segment 4: paddr=00066b58 vaddr=4037e120 size=06ad4h ( 27348) load
[0;32mI (162) esp_image: segment 5: paddr=0006d634 vaddr=600fe100 size=0001ch (    28) load[0m
[0;32mI (169) boot: Loaded app from partition at offset 0x10000[0m
[0;32mI (169) boot: Disabling RNG early entropy source...[0m
[0;32mI (181) cpu_start: Multicore app[0m
[0;32mI (190) cpu_start: Pro cpu start user code[0m
[0;32mI (190) cpu_start: cpu freq: 160000000 Hz[0m
[0;32mI (191) app_init: Application information:[0m
[0;32mI (191) app_init: Project name:     app-template[0m
[0;32mI (195) app_init: App version:      6d4ace7[0m
[0;32mI (199) app_init: Compile time:     Apr 25 2025 15:14:48[0m
[0;32mI (204) app_init: ELF file SHA256:  e53f4c2a8...[0m
[0;32mI (208) app_init: ESP-IDF:          HEAD-HASH-NOTFOUND[0m
[0;32mI (213) efuse_init: Min chip rev:     v0.0[0m
[0;32mI (217) efuse_init: Max chip rev:     v0.99 [0m
[0;32mI (221) efuse_init: Chip rev:         v0.2[0m
[0;32mI (225) heap_init: Initializing. RAM available for dynamic allocation:[0m
[0;32mI (231) heap_init: At 3FC98B98 len 00050B78 (322 KiB): RAM[0m
[0;32mI (236) heap_init: At 3FCE9710 len 00005724 (21 KiB): RAM[0m
[0;32mI (241) heap_init: At 3FCF0000 len 00008000 (32 KiB): DRAM[0m
[0;32mI (246) heap_init: At 600FE11C len 00001ECC (7 KiB): RTCRAM[0m
[0;32mI (253) spi_flash: detected chip: gd[0m
[0;32mI (255) spi_flash: flash io: dio[0m
[0;33mW (258) spi_flash: Detected size(8192k) larger than the size in the binary image header(2048k). Using the size in the binary image header.[0m
[0;32mI (270) sleep_gpio: Configure to isolate all GPIO pins in sleep state[0m
[0;32mI (277) sleep_gpio: Enable automatic switching of GPIO sleep configuration[0m
[0;32mI (283) main_task: Started on CPU0[0m
[0;32mI (303) main_task: Calling app_main()[0m
[1;31mE (5303) task_wdt: Task watchdog got triggered. The following tasks/users did not reset the watchdog in time:[0m
[1;31mE (5303) task_wdt:  - IDLE0 (CPU 0)[0m
[1;31mE (5303) task_wdt: Tasks currently running:[0m
[1;31mE (5303) task_wdt: CPU 0: w5500_tsk[0m
[1;31mE (5303) task_wdt: CPU 1: IDLE1[0m
[1;31mE (5303) task_wdt: Print CPU 0 (current core) backtrace[0m


Backtrace: 0x420117AE:0x3FC95EE0 0x42011BC4:0x3FC95F00 0x403774F1:0x3FC95F30 0x400559DD:0x3FCA1340 0x4037C352:0x3FCA1350 0x4037E2C5:0x3FCA1370 0x4200D3FD:0x3FCA1390 0x4037BFB9:0x3FCA13D0

[1;31mE (10303) task_wdt: Task watchdog got triggered. The following tasks/users did not reset the watchdog in time:[0m
[1;31mE (10303) task_wdt:  - IDLE0 (CPU 0)[0m
[1;31mE (10303) task_wdt: Tasks currently running:[0m
[1;31mE (10303) task_wdt: CPU 0: w5500_tsk[0m
[1;31mE (10303) task_wdt: CPU 1: IDLE1[0m
[1;31mE (10303) task_wdt: Print CPU 0 (current core) backtrace[0m


Backtrace: 0x420117AE:0x3FC95EE0 0x42011BC4:0x3FC95F00 0x403774F1:0x3FC95F30 0x40381026:0x3FCA1240 0x403793FA:0x3FCA1260 0x40379757:0x3FCA12B0 0x40379822:0x3FCA12F0 0x4200DAC7:0x3FCA1310 0x42033137:0x3FCA1370 0x4200D426:0x3FCA1390 0x4037BFB9:0x3FCA13D0

[1;31mE (15303) task_wdt: Task watchdog got triggered. The following tasks/users did not reset the watchdog in time:[0m
[1;31mE (15303) task_wdt:  - IDLE0 (CPU 0)[0m
[1;31mE (15303) task_wdt: Tasks currently running:[0m
[1;31mE (15303) task_wdt: CPU 0: w5500_tsk[0m
[1;31mE (15303) task_wdt: CPU 1: IDLE1[0m
[1;31mE (15303) task_wdt: Print CPU 0 (current core) backtrace[0m


Backtrace: 0x420117AE:0x3FC95EE0 0x42011BC4:0x3FC95F00 0x403774F1:0x3FC95F30 0x40380901:0x3FCA1200 0x40380D92:0x3FCA1230 0x403793E4:0x3FCA1260 0x40379757:0x3FCA12B0 0x40379822:0x3FCA12F0 0x4200DAC7:0x3FCA1310 0x42033137:0x3FCA1370 0x4200D426:0x3FCA1390 0x4037BFB9:0x3FCA13D0

[1;31mE (20303) task_wdt: Task watchdog got triggered. The following tasks/users did not reset the watchdog in time:[0m
[1;31mE (20303) task_wdt:  - IDLE0 (CPU 0)[0m
[1;31mE (20303) task_wdt: Tasks currently running:[0m
[1;31mE (20303) task_wdt: CPU 0: w5500_tsk[0m
[1;31mE (20303) task_wdt: CPU 1: IDLE1[0m
[1;31mE (20303) task_wdt: Print CPU 0 (current core) backtrace[0m


Backtrace: 0x420117AE:0x3FC95EE0 0x42011BC4:0x3FC95F00 0x403774F1:0x3FC95F30 0x403808FC:0x3FCA1200 0x40380D92:0x3FCA1230 0x403793E4:0x3FCA1260 0x40379757:0x3FCA12B0 0x40379822:0x3FCA12F0 0x4200DAC7:0x3FCA1310 0x42033137:0x3FCA1370 0x4200D426:0x3FCA1390 0x4037BFB9:0x3FCA13D0

[1;31mE (25303) task_wdt: Task watchdog got triggered. The following tasks/users did not reset the watchdog in time:[0m
[1;31mE (25303) task_wdt:  - IDLE0 (CPU 0)[0m
[1;31mE (25303) task_wdt: Tasks currently running:[0m
[1;31mE (25303) task_wdt: CPU 0: w5500_tsk[0m
[1;31mE (25303) task_wdt: CPU 1: IDLE1[0m
[1;31mE (25303) task_wdt: Print CPU 0 (current core) backtrace[0m


Backtrace: 0x420117AE:0x3FC95EE0 0x42011BC4:0x3FC95F00 0x403774F1:0x3FC95F30 0x40380901:0x3FCA1200 0x40380D92:0x3FCA1230 0x403793E4:0x3FCA1260 0x40379757:0x3FCA12B0 0x40379822:0x3FCA12F0 0x4200DAC7:0x3FCA1310 0x42033137:0x3FCA1370 0x4200D426:0x3FCA1390 0x4037BFB9:0x3FCA13D0

[1;31mE (30303) task_wdt: Task watchdog got triggered. The following tasks/users did not reset the watchdog in time:[0m
[1;31mE (30303) task_wdt:  - IDLE0 (CPU 0)[0m
[1;31mE (30303) task_wdt: Tasks currently running:[0m
[1;31mE (30303) task_wdt: CPU 0: w5500_tsk[0m
[1;31mE (30303) task_wdt: CPU 1: IDLE1[0m
[1;31mE (30303) task_wdt: Print CPU 0 (current core) backtrace[0m


Backtrace: 0x420117AE:0x3FC95EE0 0x42011BC4:0x3FC95F00 0x403774F1:0x3FC95F30 0x403808FC:0x3FCA1200 0x40380D92:0x3FCA1230 0x403793E4:0x3FCA1260 0x40379757:0x3FCA12B0 0x40379822:0x3FCA12F0 0x4200DAC7:0x3FCA1310 0x42033137:0x3FCA1370 0x4200D426:0x3FCA1390 0x4037BFB9:0x3FCA13D0

[1;31mE (35303) task_wdt: Task watchdog got triggered. The following tasks/users did not reset the watchdog in time:[0m
[1;31mE (35303) task_wdt:  - IDLE0 (CPU 0)[0m
[1;31mE (35303) task_wdt: Tasks currently running:[0m
[1;31mE (35303) task_wdt: CPU 0: w5500_tsk[0m
[1;31mE (35303) task_wdt: CPU 1: IDLE1[0m
[1;31mE (35303) task_wdt: Print CPU 0 (current core) backtrace[0m


Backtrace: 0x420117AE:0x3FC95EE0 0x42011BC4:0x3FC95F00 0x403774F1:0x3FC95F30 0x403808FC:0x3FCA1200 0x40380D92:0x3FCA1230 0x403793E4:0x3FCA1260 0x40379757:0x3FCA12B0 0x40379822:0x3FCA12F0 0x4200DAC7:0x3FCA1310 0x42033137:0x3FCA1370 0x4200D426:0x3FCA1390 0x4037BFB9:0x3FCA13D0

[1;31mE (40303) task_wdt: Task watchdog got triggered. The following tasks/users did not reset the watchdog in time:[0m
[1;31mE (40303) task_wdt:  - IDLE0 (CPU 0)[0m
[1;31mE (40303) task_wdt: Tasks currently running:[0m
[1;31mE (40303) task_wdt: CPU 0: w5500_tsk[0m
[1;31mE (40303) task_wdt: CPU 1: IDLE1[0m
[1;31mE (40303) task_wdt: Print CPU 0 (current core) backtrace[0m


Backtrace: 0x420117AE:0x3FC95EE0 0x42011BC4:0x3FC95F00 0x403774F1:0x3FC95F30 0x403808FC:0x3FCA1200 0x40380D92:0x3FCA1230 0x403793E4:0x3FCA1260 0x40379757:0x3FCA12B0 0x40379822:0x3FCA12F0 0x4200DAC7:0x3FCA1310 0x42033137:0x3FCA1370 0x4200D426:0x3FCA1390 0x4037BFB9:0x3FCA13D0

I ï¿½ESP-ROM:esp32s3-20210327
Build:Mar 27 2021
rst:0x1 (POWERON),boot:0x8 (SPI_FAST_FLASH_BOOT)
SPIWP:0xee
mode:DIO, clock div:1
load:0x3fce2810,len:0x15a0
load:0x403c8700,len:0x4
load:0x403c8ï¿½ESP-ROM:esp32s3-20210327
Build:Mar 27 2021
rst:0x1 (POWERON),boot:0x8 (SPI_FAST_FLASH_BOOT)
SPIWP:0xee
mode:DIO, clock div:1
load:0x3fce2810,len:0x15a0
load:0x403c8700,len:0x4
load:0xï¿½ESP-ROM:esp32s3-20210327
ESP-ROM:esp32s3-20210327
ESP-ROM:esp32s3-20210327
ESP-ROM:esp32s3-20210327
ESP-ROM:esp32s3-20210327
Build:Mar 27 2021
rst:0x1 (POWERON),boot:0x8 (SPI_FAST_FLASH_BOOT)
SPIWP:0xee
mode:DIO, clock div:1
load:0x3fce2810,len:0x15a0
load:0x403c8700,len:0x4
load:0x403c8704,len:0xd20
load:0x403cb700,len:0x2ee4
entry 0x403c8928
[0;32mI (27) boot: ESP-IDF HEAD-HASH-NOTFOUND 2nd stage bootloader[0m
[0;32mI (27) boot: compile time Apr 21 2025 15:45:26[0m
[0;32mI (27) boot: Multicore bootloader[0m
I ï¿½ESP-ROM:esp32s3-20210327
Build:Mar 27 2021
rst:0x1 (POWERON),boot:0x8 (SPI_FAST_FLASH_BOOT)
SPIWP:0xee
mode:DIO, clock div:1
load:0x3fce2810,len:0x15a0
load:0x403c8700,len:0x4
load:0x403c8704,len:0xd20
load:0x403cb700,len:0x2ee4
entry 0x403c8928
[0;32mI (27) boot: ESP-IDF HEAD-HASH-NOTFOUND 2nd stage bootloader[0m
[0;32mI (27) boot: compile time Apr 21 2025 15:45:26[0m
[0;32mI (27) boot: Multicore bootloader[0m
[0;32mI (28) boot: chip ï¿½ESP-ROM:esp32s3-20210327[0m
Build:Mar 27 2021
rst:0x1 (POWERON),boot:0x9 (SPI_FAST_FLASH_BOOT)
SPIWP:0xee
mode:DIO, clock div:1
load:0x3fce2810,len:0x15a0
load:0x403c8700,len:0x4
load:0x403c8704,len:0xd20
load:0x403cb700,len:0x2ee4
entry 0x403c8928
[0;32mI (27) boot: ESP-IDF HEAD-HASH-NOTFOUND 2nd stage bootloader[0m
[0;32mI (27) boot: compile time Apr 21 2025 15:45:26[0m
[0;32mI (27) boot: Multicore bootloader[0m
[0;32mI (28) boot: chip revision: v0.2[0m
[0;32mI (31) boot: efuse block revision: v1.3[0m
[0;32mI (34) boot.esp32s3: Boot SPI Speed : 80MHz[0m
[0;32mI (38) boot.esp32s3: SPI Mode       : DIO[0m
[0;32mI (42) boot.esp32s3: SPI Flash Size : 2MB[0m
[0;32mI (46) boot: Enabling RNG early entropy source...[0m
[0;32mI (50) boot: Partition Table:[0m
[0;32mI (53) boot: ## Label            Usage          Type ST Offset   Length[0m
[0;32mI (59) boot:  0 nvs              WiFi data        01 02 00009000 00006000[0m
[0;32mI (66) boot:  1 phy_init         RF data          01 01 0000f000 00001000[0m
[0;32mI (72) boot:  2 factory          factory app      00 00 00010000 00100000[0m
[0;32mI (79) boot: End of partition table[0m
[0;32mI (82) esp_image: segment 0: paddr=00010020 vaddr=3c040020 size=13304h ( 78596) map[0m
[0;32mI (103) esp_image: segment 1: paddr=0002332c vaddr=3fc94d00 size=02bc4h ( 11204) load[0m
[0;32mI (106) esp_image: segment 2: paddr=00025ef8 vaddr=40374000 size=0a120h ( 41248) load[0m
[0;32mI (116) esp_image: segment 3: paddr=00030020 vaddr=42000020 size=36b30h (224048) map[0m
I (156) esp_image: segment 4: paddr=00066b58 vaddr=4037e120 size=06ad4h ( 27348) load
[0;32mI (162) esp_image: segment 5: paddr=0006d634 vaddr=600fe100 size=0001ch (    28) load[0m
[0;32mI (169) boot: Loaded app from partition at offset 0x10000[0m
[0;32mI (169) boot: Disabling RNG early entropy source...[0m
[0;32mI (181) cpu_start: Multicore app[0m
[0;32mI (190) cpu_start: Pro cpu start user code[0m
[0;32mI (190) cpu_start: cpu freq: 160000000 Hz[0m
[0;32mI (191) app_init: Application information:[0m
[0;32mI (191) app_init: Project name:     app-template[0m
[0;32mI (195) app_init: App version:      6d4ace7[0m
[0;32mI (199) app_init: Compile time:     Apr 25 2025 15:14:48[0m
[0;32mI (204) app_init: ELF file SHA256:  e53f4c2a8...[0m
[0;32mI (208) app_init: ESP-IDF:          HEAD-HASH-NOTFOUND[0m
[0;32mI (213) efuse_init: Min chip rev:     v0.0[0m
[0;32mI (217) efuse_init: Max chip rev:     v0.99 [0m
[0;32mI (221) efuse_init: Chip rev:         v0.2[0m
[0;32mI (225) heap_init: Initializing. RAM available for dynamic allocation:[0m
[0;32mI (231) heap_init: At 3FC98B98 len 00050B78 (322 KiB): RAM[0m
[0;32mI (236) heap_init: At 3FCE9710 len 00005724 (21 KiB): RAM[0m
[0;32mI (241) heap_init: At 3FCF0000 len 00008000 (32 KiB): DRAM[0m
[0;32mI (246) heap_init: At 600FE11C len 00001ECC (7 KiB): RTCRAM[0m
[0;32mI (253) spi_flash: detected chip: gd[0m
[0;32mI (255) spi_flash: flash io: dio[0m
[0;33mW (258) spi_flash: Detected size(8192k) larger than the size in the binary image header(2048k). Using the size in the binary image header.[0m
[0;32mI (270) sleep_gpio: Configure to isolate all GPIO pins in sleep state[0m
[0;32mI (277) sleep_gpio: Enable automatic switching of GPIO sleep configuration[0m
[0;32mI (283) main_task: Started on CPU0[0m
[0;32mI (303) main_task: Calling app_main()[0m
[1;31mE (5303) task_wdt: Task watchdog got triggered. The following tasks/users did not reset the watchdog in time:[0m
[1;31mE (5303) task_wdt:  - IDLE0 (CPU 0)[0m
[1;31mE (5303) task_wdt: Tasks currently running:[0m
[1;31mE (5303) task_wdt: CPU 0: w5500_tsk[0m
[1;31mE (5303) task_wdt: CPU 1: IDLE1[0m
[1;31mE (5303) task_wdt: Print CPU 0 (current core) backtrace[0m


Backtrace: 0x420117AE:0x3FC95EE0 0x42011BC4:0x3FC95F00 0x403774F1:0x3FC95F30 0x400559DD:0x3FCA1340 0x4037C352:0x3FCA1350 0x4037E2C5:0x3FCA1370 0x4200D3FD:0x3FCA1390 0x4037BFB9:0x3FCA13D0

[1;31mE (10303) task_wdt: Task watchdog got triggered. The following tasks/users did not reset the watchdog in time:[0m
[1;31mE (10303) task_wdt:  - IDLE0 (CPU 0)[0m
[1;31mE (10303) task_wdt: Tasks currently running:[0m
[1;31mE (10303) task_wdt: CPU 0: w5500_tsk[0m
[1;31mE (10303) task_wdt: CPU 1: IDLE1[0m
[1;31mE (10303) task_wdt: Print CPU 0 (current core) backtrace[0m


Backtrace: 0x420117AE:0x3FC95EE0 0x42011BC4:0x3FC95F00 0x403774F1:0x3FC95F30 0x40381029:0x3FCA1240 0x403793FA:0x3FCA1260 0x40379757:0x3FCA12B0 0x40379822:0x3FCA12F0 0x4200DAC7:0x3FCA1310 0x42033137:0x3FCA1370 0x4200D426:0x3FCA1390 0x4037BFB9:0x3FCA13D0

