ESP-ROM:esp32s3-20210327
Build:Mar 27 2021
rst:0x1 (POWERON),boot:0x8 (SPI_FAST_FLASH_BOOT)
SPIWP:0xee
mode:DIO, clock div:1
load:0x3fce2810,len:0x15a0
load:0x403c8700,len:0x4
load:0x403c8704,len:0xd20
load:0x403cb700,len:0x2ee4
entry 0x403c8928
[0;32mI (27) boot: ESP-IDF HEAD-HASH-NOTFOUND 2nd stage bootloader[0m
[0;32mI (27) boot: compile time Apr 21 2025 15:45:26[0m
[0;32mI (27) boot: Multicore bootloader[0m
[0;32mI (28) boot: chip revision: v0.1[0m
[0;32mI (31) boot: efuse block revision: v1.2[0m
[0;32mI (34) boot.esp32s3: Boot SPI Speed : 80MHz[0m
[0;32mI (38) boot.esp32s3: SPI Mode       : DIO[0m
[0;32mI (42) boot.esp32s3: SPI Flash Size : 2MB[0m
[0;32mI (46) boot: Enabling RNG early entropy source...[0m
[0;32mI (50) boot: Partition Table:[0m
[0;32mI (53) boot: ## Label            Usage          Type ST Offset   Length[0m
[0;32mI (59) boot:  0 nvs              WiFi data        01 02 00009000 00006000[0m
[0;32mI (66) boot:  1 phy_init         RF data          01 01 0000f000 00001000[0m
[0;32mI (72) boot:  2 factory          factory app      00 00 00010000 00100000[0m
[0;32mI (79) boot: End of partition table[0m
[0;32mI (82) esp_image: segment 0: paddr=00010020 vaddr=3c050020 size=15aa4h ( 88740) map[0m
[0;32mI (105) esp_image: segment 1: paddr=00025acc vaddr=3fc96200 size=02ccch ( 11468) load[0m
[0;32mI (108) esp_image: segment 2: paddr=000287a0 vaddr=40374000 size=07878h ( 30840) load[0m
[0;32mI (116) esp_image: segment 3: paddr=00030020 vaddr=42000020 size=4b854h (309332) map[0m
[0;32mI (171) esp_image: segment 4: paddr=0007b87c vaddr=4037b878 size=0a950h ( 43344) load[0m
[0;32mI (181) esp_image: segment 5: paddr=000861d4 vaddr=600fe100 size=0001ch (    28) load[0m
[0;32mI (188) boot: Loaded app from partition at offset 0x10000[0m
[0;32mI (188) boot: Disabling RNG early entropy source...[0m
[0;32mI (199) cpu_start: Multicore app[0m
[0;32mI (208) cpu_start: Pro cpu start user code[0m
[0;32mI (208) cpu_start: cpu freq: 160000000 Hz[0m
[0;32mI (208) app_init: Application information:[0m
[0;32mI (208) app_init: Project name:     app-template[0m
[0;32mI (212) app_init: App version:      6d4ace7[0m
[0;32mI (216) app_init: Compile time:     Apr 25 2025 15:14:48[0m
[0;32mI (221) app_init: ELF file SHA256:  4f5360934...[0m
[0;32mI (225) app_init: ESP-IDF:          HEAD-HASH-NOTFOUND[0m
[0;32mI (230) efuse_init: Min chip rev:     v0.0[0m
[0;32mI (234) efuse_init: Max chip rev:     v0.99 [0m
[0;32mI (238) efuse_init: Chip rev:         v0.1[0m
[0;32mI (242) heap_init: Initializing. RAM available for dynamic allocation:[0m
[0;32mI (248) heap_init: At 3FC9B658 len 0004E0B8 (312 KiB): RAM[0m
[0;32mI (253) heap_init: At 3FCE9710 len 00005724 (21 KiB): RAM[0m
[0;32mI (258) heap_init: At 3FCF0000 len 00008000 (32 KiB): DRAM[0m
[0;32mI (264) heap_init: At 600FE11C len 00001ECC (7 KiB): RTCRAM[0m
[0;32mI (270) spi_flash: detected chip: gd[0m
[0;32mI (272) spi_flash: flash io: dio[0m
[0;33mW (275) spi_flash: Detected size(8192k) larger than the size in the binary image header(2048k). Using the size in the binary image header.[0m
[0;32mI (288) sleep_gpio: Configure to isolate all GPIO pins in sleep state[0m
[0;32mI (294) sleep_gpio: Enable automatic switching of GPIO sleep configuration[0m
[0;32mI (301) main_task: Started on CPU0[0m
[0;32mI (321) main_task: Calling app_main()[0m
ESP_ERROR_CHECK failed: esp_err_t 0x10a (ESP_ERR_INVALID_VERSION) at 0x4200ec37
file: "./main/main.c" line 1058
func: ethernet_config
expression: esp_eth_driver_install(&eth_config, &eth_handle)

abort() was called at PC 0x4037cad7 on core 0


Backtrace: 0x40375d09:0x3fc9ef40 0x4037cae1:0x3fc9ef60 0x403840f5:0x3fc9ef80 0x4037cad7:0x3fc9eff0 0x4200ec37:0x3fc9f020 0x4200eda6:0x3fc9f130 0x4204ab5b:0x3fc9f160 0x4037d579:0x3fc9f190




ELF file SHA256: 4f5360934

Rebooting...
ï¿½ï¿½ï¿½ESP-ROM:esp32s3-20210327
Build:Mar 27 2021
rst:0xc (RTC_SW_CPU_RST),boot:0x8 (SPI_FAST_FLASH_BOOT)
Saved PC:0x40375c48
SPIWP:0xee
mode:DIO, clock div:1
load:0x3fce2810,len:0x15a0
load:0x403c8700,len:0x4
load:0x403c8704,len:0xd20
load:0x403cb700,len:0x2ee4
entry 0x403c8928
[0;32mI (31) boot: ESP-IDF HEAD-HASH-NOTFOUND 2nd stage bootloader[0m
[0;32mI (31) boot: compile time Apr 21 2025 15:45:26[0m
[0;32mI (31) boot: Multicore bootloader[0m
[0;32mI (32) boot: chip revision: v0.1[0m
[0;32mI (35) boot: efuse block revision: v1.2[0m
[0;32mI (39) boot.esp32s3: Boot SPI Speed : 80MHz[0m
[0;32mI (43) boot.esp32s3: SPI Mode       : DIO[0m
[0;32mI (46) boot.esp32s3: SPI Flash Size : 2MB[0m
[0;32mI (50) boot: Enabling RNG early entropy source...[0m
[0;32mI (55) boot: Partition Table:[0m
[0;32mI (57) boot: ## Label            Usage          Type ST Offset   Length[0m
[0;32mI (64) boot:  0 nvs              WiFi data        01 02 00009000 00006000[0m
[0;32mI (70) boot:  1 phy_init         RF data          01 01 0000f000 00001000[0m
[0;32mI (77) boot:  2 factory          factory app      00 00 00010000 00100000[0m
[0;32mI (83) boot: End of partition table[0m
[0;32mI (86) esp_image: segment 0: paddr=00010020 vaddr=3c050020 size=15aa4h ( 88740) map[0m
[0;32mI (110) esp_image: segment 1: paddr=00025acc vaddr=3fc96200 size=02ccch ( 11468) load[0m
[0;32mI (112) esp_image: segment 2: paddr=000287a0 vaddr=40374000 size=07878h ( 30840) load[0m
[0;32mI (120) esp_image: segment 3: paddr=00030020 vaddr=42000020 size=4b854h (309332) map[0m
[0;32mI (176) esp_image: segment 4: paddr=0007b87c vaddr=4037b878 size=0a950h ( 43344) load[0m
[0;32mI (185) esp_image: segment 5: paddr=000861d4 vaddr=600fe100 size=0001ch (    28) load[0m
[0;32mI (192) boot: Loaded app from partition at offset 0x10000[0m
[0;32mI (193) boot: Disabling RNG early entropy source...[0m
[0;32mI (203) cpu_start: Multicore app[0m
[0;32mI (212) cpu_start: Pro cpu start user code[0m
[0;32mI (212) cpu_start: cpu freq: 160000000 Hz[0m
[0;32mI (212) app_init: Application information:[0m
[0;32mI (212) app_init: Project name:     app-template[0m
[0;32mI (216) app_init: App version:      6d4ace7[0m
[0;32mI (220) app_init: Compile time:     Apr 25 2025 15:14:48[0m
[0;32mI (225) app_init: ELF file SHA256:  4f5360934...[0m
[0;32mI (230) app_init: ESP-IDF:          HEAD-HASH-NOTFOUND[0m
[0;32mI (235) efuse_init: Min chip rev:     v0.0[0m
[0;32mI (238) efuse_init: Max chip rev:     v0.99 [0m
[0;32mI (242) efuse_init: Chip rev:         v0.1[0m
[0;32mI (246) heap_init: Initializing. RAM available for dynamic allocation:[0m
[0;32mI (253) heap_init: At 3FC9B658 len 0004E0B8 (312 KiB): RAM[0m
[0;32mI (258) heap_init: At 3FCE9710 len 00005724 (21 KiB): RAM[0m
[0;32mI (263) heap_init: At 3FCF0000 len 00008000 (32 KiB): DRAM[0m
[0;32mI (268) heap_init: At 600FE11C len 00001ECC (7 KiB): RTCRAM[0m
[0;32mI (274) spi_flash: detected chip: gd[0m
[0;32mI (277) spi_flash: flash io: dio[0m
[0;33mW (280) spi_flash: Detected size(8192k) larger than the size in the binary image header(2048k). Using the size in the binary image header.[0m
[0;32mI (292) sleep_gpio: Configure to isolate all GPIO pins in sleep state[0m
[0;32mI (298) sleep_gpio: Enable automatic switching of GPIO sleep configuration[0m
[0;32mI (305) main_task: Started on CPU0[0m
[0;32mI (325) main_task: Calling app_main()[0m
ESP_ERROR_CHECK failed: esp_err_t 0x10a (ESP_ERR_INVALID_VERSION) at 0x4200ec37
file: "./main/main.c" line 1058
func: ethernet_config
expression: esp_eth_driver_install(&eth_config, &eth_handle)

abort() was called at PC 0x4037cad7 on core 0


Backtrace: 0x40375d09:0x3fc9ef40 0x4037cae1:0x3fc9ef60 0x403840f5:0x3fc9ef80 0x4037cad7:0x3fc9eff0 0x4200ec37:0x3fc9f020 0x4200eda6:0x3fc9f130 0x4204ab5b:0x3fc9f160 0x4037d579:0x3fc9f190




ELF file SHA256: 4f5360934

Rebooting...
ï¿½ï¿½ï¿½ESP-ROM:esp32s3-20210327
Build:Mar 27 2021
rst:0xc (RTC_SW_CPU_RST),boot:0x8 (SPI_FAST_FLASH_BOOT)
Saved PC:0x40375c48
SPIWP:0xee
mode:DIO, clock div:1
load:0x3fce2810,len:0x15a0
load:0x403c8700,len:0x4
load:0x403c8704,len:0xd20
load:0x403cb700,len:0x2ee4
entry 0x403c8928
[0;32mI (31) boot: ESP-IDF HEAD-HASH-NOTFOUND 2nd stage bootloader[0m
[0;32mI (31) boot: compile time Apr 21 2025 15:45:26[0m
[0;32mI (31) boot: Multicore bootloader[0m
[0;32mI (32) boot: chip revision: v0.1[0m
[0;32mI (35) boot: efuse block revision: v1.2[0m
[0;32mI (39) boot.esp32s3: Boot SPI Speed : 80MHz[0m
[0;32mI (43) boot.esp32s3: SPI Mode       : DIO[0m
[0;32mI (46) boot.esp32s3: SPI Flash Size : 2MB[0m
[0;32mI (50) boot: Enabling RNG early entropy source...[0m
[0;32mI (55) boot: Partition Table:[0m
[0;32mI (57) boot: ## Label            Usage          Type ST Offset   Length[0m
[0;32mI (64) boot:  0 nvs              WiFi data        01 02 00009000 00006000[0m
[0;32mI (70) boot:  1 phy_init         RF data          01 01 0000f000 00001000[0m
[0;32mI (77) boot:  2 factory          factory app      00 00 00010000 00100000[0m
[0;32mI (83) boot: End of partition table[0m
[0;32mI (86) esp_image: segment 0: paddr=00010020 vaddr=3c050020 size=15aa4h ( 88740) map[0m
[0;32mI (110) esp_image: segment 1: paddr=00025acc vaddr=3fc96200 size=02ccch ( 11468) load[0m
[0;32mI (112) esp_image: segment 2: paddr=000287a0 vaddr=40374000 size=07878h ( 30840) load[0m
[0;32mI (120) esp_image: segment 3: paddr=00030020 vaddr=42000020 size=4b854h (309332) map[0m
[0;32mI (176) esp_image: segment 4: paddr=0007b87c vaddr=4037b878 size=0a950h ( 43344) load[0m
[0;32mI (185) esp_image: segment 5: paddr=000861d4 vaddr=600fe100 size=0001ch (    28) load[0m
[0;32mI (192) boot: Loaded app from partition at offset 0x10000[0m
[0;32mI (193) boot: Disabling RNG early entropy source...[0m
[0;32mI (203) cpu_start: Multicore app[0m
[0;32mI (212) cpu_start: Pro cpu start user code[0m
[0;32mI (212) cpu_start: cpu freq: 160000000 Hz[0m
[0;32mI (212) app_init: Application information:[0m
[0;32mI (212) app_init: Project name:     app-template[0m
[0;32mI (216) app_init: App version:      6d4ace7[0m
[0;32mI (220) app_init: Compile time:     Apr 25 2025 15:14:48[0m
[0;32mI (225) app_init: ELF file SHA256:  4f5360934...[0m
[0;32mI (230) app_init: ESP-IDF:          HEAD-HASH-NOTFOUND[0m
[0;32mI (235) efuse_init: Min chip rev:     v0.0[0m
[0;32mI (238) efuse_init: Max chip rev:     v0.99 [0m
[0;32mI (242) efuse_init: Chip rev:         v0.1[0m
[0;32mI (246) heap_init: Initializing. RAM available for dynamic allocation:[0m
[0;32mI (253) heap_init: At 3FC9B658 len 0004E0B8 (312 KiB): RAM[0m
[0;32mI (258) heap_init: At 3FCE9710 len 00005724 (21 KiB): RAM[0m
[0;32mI (263) heap_init: At 3FCF0000 len 00008000 (32 KiB): DRAM[0m
[0;32mI (268) heap_init: At 600FE11C len 00001ECC (7 KiB): RTCRAM[0m
[0;32mI (274) spi_flash: detected chip: gd[0m
[0;32mI (277) spi_flash: flash io: dio[0m
[0;33mW (280) spi_flash: Detected size(8192k) larger than the size in the binary image header(2048k). Using the size in the binary image header.[0m
[0;32mI (292) sleep_gpio: Configure to isolate all GPIO pins in sleep state[0m
[0;32mI (298) sleep_gpio: Enable automatic switching of GPIO sleep configuration[0m
[0;32mI (305) main_task: Started on CPU0[0m
[0;32mI (325) main_task: Calling app_main()[0m
ESP_ERROR_CHECK failed: esp_err_t 0x10a (ESP_ERR_INVALID_VERSION) at 0x4200ec37
file: "./main/main.c" line 1058
func: ethernet_config
expression: esp_eth_driver_install(&eth_config, &eth_handle)

abort() was called at PC 0x4037cad7 on core 0


Backtrace: 0x40375d09:0x3fc9ef40 0x4037cae1:0x3fc9ef60 0x403840f5:0x3fc9ef80 0x4037cad7:0x3fc9eff0 0x4200ec37:0x3fc9f020 0x4200eda6:0x3fc9f130 0x4204ab5b:0x3fc9f160 0x4037d579:0x3fc9f190




ELF file SHA256: 4f5360934

Rebooting...
ï¿½ï¿½ï¿½ESP-ROM:esp32s3-20210327
Build:Mar 27 2021
rst:0xc (RTC_SW_CPU_RST),boot:0x8 (SPI_FAST_FLASH_BOOT)
Saved PC:0x40375c48
SPIWP:0xee
mode:DIO, clock div:1
load:0x3fce2810,len:0x15a0
load:0x403c8700,len:0x4
load:0x403c8704,len:0xd20
load:0x403cb700,len:0x2ee4
entry 0x403c8928
[0;32mI (31) boot: ESP-IDF HEAD-HASH-NOTFOUND 2nd stage bootloader[0m
[0;32mI (31) boot: compile time Apr 21 2025 15:45:26[0m
[0;32mI (31) boot: Multicore bootloader[0m
[0;32mI (32) boot: chip revision: v0.1[0m
[0;32mI (35) boot: efuse block revision: v1.2[0m
[0;32mI (39) boot.esp32s3: Boot SPI Speed : 80MHz[0m
[0;32mI (43) boot.esp32s3: SPI Mode       : DIO[0m
[0;32mI (46) boot.esp32s3: SPI Flash Size : 2MB[0m
[0;32mI (50) boot: Enabling RNG early entropy source...[0m
[0;32mI (55) boot: Partition Table:[0m
[0;32mI (57) boot: ## Label            Usage          Type ST Offset   Length[0m
[0;32mI (64) boot:  0 nvs              WiFi data        01 02 00009000 00006000[0m
[0;32mI (70) boot:  1 phy_init         RF data          01 01 0000f000 00001000[0m
[0;32mI (77) boot:  2 factory          factory app      00 00 00010000 00100000[0m
[0;32mI (83) boot: End of partition table[0m
[0;32mI (86) esp_image: segment 0: paddr=00010020 vaddr=3c050020 size=15aa4h ( 88740) map[0m
[0;32mI (110) esp_image: segment 1: paddr=00025acc vaddr=3fc96200 size=02ccch ( 11468) load[0m
[0;32mI (112) esp_image: segment 2: paddr=000287a0 vaddr=40374000 size=07878h ( 30840) load[0m
[0;32mI (120) esp_image: segment 3: paddr=00030020 vaddr=42000020 size=4b854h (309332) map[0m
[0;32mI (176) esp_image: segment 4: paddr=0007b87c vaddr=4037b878 size=0a950h ( 43344) load[0m
[0;32mI (185) esp_image: segment 5: paddr=000861d4 vaddr=600fe100 size=0001ch (    28) load[0m
[0;32mI (192) boot: Loaded app from partition at offset 0x10000[0m
[0;32mI (193) boot: Disabling RNG early entropy source...[0m
[0;32mI (203) cpu_start: Multicore app[0m
[0;32mI (212) cpu_start: Pro cpu start user code[0m
[0;32mI (212) cpu_start: cpu freq: 160000000 Hz[0m
[0;32mI (212) app_init: Application information:[0m
[0;32mI (212) app_init: Project name:     app-template[0m
[0;32mI (216) app_init: App version:      6d4ace7[0m
[0;32mI (220) app_init: Compile time:     Apr 25 2025 15:14:48[0m
[0;32mI (225) app_init: ELF file SHA256:  4f5360934...[0m
[0;32mI (230) app_init: ESP-IDF:          HEAD-HASH-NOTFOUND[0m
[0;32mI (235) efuse_init: Min chip rev:     v0.0[0m
[0;32mI (238) efuse_init: Max chip rev:     v0.99 [0m
[0;32mI (242) efuse_init: Chip rev:         v0.1[0m
[0;32mI (246) heap_init: Initializing. RAM available for dynamic allocation:[0m
[0;32mI (253) heap_init: At 3FC9B658 len 0004E0B8 (312 KiB): RAM[0m
[0;32mI (258) heap_init: At 3FCE9710 len 00005724 (21 KiB): RAM[0m
[0;32mI (263) heap_init: At 3FCF0000 len 00008000 (32 KiB): DRAM[0m
[0;32mI (268) heap_init: At 600FE11C len 00001ECC (7 KiB): RTCRAM[0m
[0;32mI (274) spi_flash: detected chip: gd[0m
[0;32mI (277) spi_flash: flash io: dio[0m
[0;33mW (280) spi_flash: Detected size(8192k) larger than the size in the binary image header(2048k). Using the size in the binary image header.[0m
[0;32mI (292) sleep_gpio: Configure to isolate all GPIO pins in sleep state[0m
[0;32mI (298) sleep_gpio: Enable automatic switching of GPIO sleep configuration[0m
[0;32mI (305) main_task: Started on CPU0[0m
[0;32mI (325) main_task: Calling app_main()[0m
ESP_ERROR_CHECK failed: esp_err_t 0x10a (ESP_ERR_INVALID_VERSION) at 0x4200ec37
file: "./main/main.c" line 1058
func: ethernet_config
expression: esp_eth_driver_install(&eth_config, &eth_handle)

abort() was called at PC 0x4037cad7 on core 0


Backtrace: 0x40375d09:0x3fc9ef40 0x4037cae1:0x3fc9ef60 0x403840f5:0x3fc9ef80 0x4037cad7:0x3fc9eff0 0x4200ec37:0x3fc9f020 0x4200eda6:0x3fc9f130 0x4204ab5b:0x3fc9f160 0x4037d579:0x3fc9f190




ELF file SHA256: 4f5360934

Rebooting...
ï¿½ï¿½ï¿½ESP-ROM:esp32s3-20210327
Build:Mar 27 2021
rst:0xc (RTC_SW_CPU_RST),boot:0x8 (SPI_FAST_FLASH_BOOT)
Saved PC:0x40375c48
SPIWP:0xee
mode:DIO, clock div:1
load:0x3fce2810,len:0x15a0
load:0x403c8700,len:0x4
load:0x403c8704,len:0xd20
load:0x403cb700,len:0x2ee4
entry 0x403c8928
[0;32mI (31) boot: ESP-IDF HEAD-HASH-NOTFOUND 2nd stage bootloader[0m
[0;32mI (31) boot: compile time Apr 21 2025 15:45:26[0m
[0;32mI (31) boot: Multicore bootloader[0m
[0;32mI (32) boot: chip revision: v0.1[0m
[0;32mI (35) boot: efuse block revision: v1.2[0m
[0;32mI (39) boot.esp32s3: Boot SPI Speed : 80MHz[0m
[0;32mI (43) boot.esp32s3: SPI Mode       : DIO[0m
[0;32mI (46) boot.esp32s3: SPI Flash Size : 2MB[0m
[0;32mI (50) boot: Enabling RNG early entropy source...[0m
[0;32mI (55) boot: Partition Table:[0m
[0;32mI (57) boot: ## Label            Usage          Type ST Offset   Length[0m
[0;32mI (64) boot:  0 nvs              WiFi data        01 02 00009000 00006000[0m
[0;32mI (70) boot:  1 phy_init         RF data          01 01 0000f000 00001000[0m
[0;32mI (77) boot:  2 factory          factory app      00 00 00010000 00100000[0m
[0;32mI (83) boot: End of partition table[0m
[0;32mI (86) esp_image: segment 0: paddr=00010020 vaddr=3c050020 size=15aa4h ( 88740) map[0m
[0;32mI (110) esp_image: segment 1: paddr=00025acc vaddr=3fc96200 size=02ccch ( 11468) load[0m
[0;32mI (112) esp_image: segment 2: paddr=000287a0 vaddr=40374000 size=07878h ( 30840) load[0m
[0;32mI (120) esp_image: segment 3: paddr=00030020 vaddr=42000020 size=4b854h (309332) map[0m
[0;32mI (176) esp_image: segment 4: paddr=0007b87c vaddr=4037b878 size=0a950h ( 43344) load[0m
[0;32mI (185) esp_image: segment 5: paddr=000861d4 vaddr=600fe100 size=0001ch (    28) load[0m
[0;32mI (192) boot: Loaded app from partition at offset 0x10000[0m
[0;32mI (193) boot: Disabling RNG early entropy source...[0m
[0;32mI (203) cpu_start: Multicore app[0m
[0;32mI (212) cpu_start: Pro cpu start user code[0m
[0;32mI (212) cpu_start: cpu freq: 160000000 Hz[0m
[0;32mI (212) app_init: Application information:[0m
[0;32mI (212) app_init: Project name:     app-template[0m
[0;32mI (216) app_init: App version:      6d4ace7[0m
[0;32mI (220) app_init: Compile time:     Apr 25 2025 15:14:48[0m
[0;32mI (225) app_init: ELF file SHA256:  4f5360934...[0m
[0;32mI (230) app_init: ESP-IDF:          HEAD-HASH-NOTFOUND[0m
[0;32mI (235) efuse_init: Min chip rev:     v0.0[0m
[0;32mI (238) efuse_init: Max chip rev:     v0.99 [0m
[0;32mI (242) efuse_init: Chip rev:         v0.1[0m
[0;32mI (246) heap_init: Initializing. RAM available for dynamic allocation:[0m
[0;32mI (253) heap_init: At 3FC9B658 len 0004E0B8 (312 KiB): RAM[0m
[0;32mI (258) heap_init: At 3FCE9710 len 00005724 (21 KiB): RAM[0m
[0;32mI (263) heap_init: At 3FCF0000 len 00008000 (32 KiB): DRAM[0m
[0;32mI (268) heap_init: At 600FE11C len 00001ECC (7 KiB): RTCRAM[0m
[0;32mI (274) spi_flash: detected chip: gd[0m
[0;32mI (277) spi_flash: flash io: dio[0m
[0;33mW (280) spi_flash: Detected size(8192k) larger than the size in the binary image header(2048k). Using the size in the binary image header.[0m
[0;32mI (292) sleep_gpio: Configure to isolate all GPIO pins in sleep state[0m
[0;32mI (298) sleep_gpio: Enable automatic switching of GPIO sleep configuration[0m
[0;32mI (305) main_task: Started on CPU0[0m
[0;32mI (325) main_task: Calling app_main()[0m
ESP_ERROR_CHECK failed: esp_err_t 0x10a (ESP_ERR_INVALID_VERSION) at 0x4200ec37
file: "./main/main.c" line 1058
func: ethernet_config
expression: esp_eth_driver_install(&eth_config, &eth_handle)

abort() was called at PC 0x4037cad7 on core 0


Backtrace: 0x40375d09:0x3fc9ef40 0x4037cae1:0x3fc9ef60 0x403840f5:0x3fc9ef80 0x4037cad7:0x3fc9eff0 0x4200ec37:0x3fc9f020 0x4200eda6:0x3fc9f130 0x4204ab5b:0x3fc9f160 0x4037d579:0x3fc9f190




ELF file SHA256: 4f5360934

Rebooting...
ï¿½ï¿½ï¿½ESP-ROM:esp32s3-20210327
Build:Mar 27 2021
rst:0xc (RTC_SW_CPU_RST),boot:0x8 (SPI_FAST_FLASH_BOOT)
Saved PC:0x40375c48
SPIWP:0xee
mode:DIO, clock div:1
load:0x3fce2810,len:0x15a0
load:0x403c8700,len:0x4
load:0x403c8704,len:0xd20
load:0x403cb700,len:0x2ee4
entry 0x403c8928
[0;32mI (31) boot: ESP-IDF HEAD-HASH-NOTFOUND 2nd stage bootloader[0m
[0;32mI (31) boot: compile time Apr 21 2025 15:45:26[0m
[0;32mI (31) boot: Multicore bootloader[0m
[0;32mI (32) boot: chip revision: v0.1[0m
[0;32mI (35) boot: efuse block revision: v1.2[0m
[0;32mI (39) boot.esp32s3: Boot SPI Speed : 80MHz[0m
[0;32mI (43) boot.esp32s3: SPI Mode       : DIO[0m
[0;32mI (46) boot.esp32s3: SPI Flash Size : 2MB[0m
[0;32mI (50) boot: Enabling RNG early entropy source...[0m
[0;32mI (55) boot: Partition Table:[0m
[0;32mI (57) boot: ## Label            Usage          Type ST Offset   Length[0m
[0;32mI (64) boot:  0 nvs              WiFi data        01 02 00009000 00006000[0m
[0;32mI (70) boot:  1 phy_init         RF data          01 01 0000f000 00001000[0m
[0;32mI (77) boot:  2 factory          factory app      00 00 00010000 00100000[0m
[0;32mI (83) boot: End of partition table[0m
[0;32mI (86) esp_image: segment 0: paddr=00010020 vaddr=3c050020 size=15aa4h ( 88740) map[0m
[0;32mI (110) esp_image: segment 1: paddr=00025acc vaddr=3fc96200 size=02ccch ( 11468) load[0m
[0;32mI (112) esp_image: segment 2: paddr=000287a0 vaddr=40374000 size=07878h ( 30840) load[0m
[0;32mI (120) esp_image: segment 3: paddr=00030020 vaddr=42000020 size=4b854h (309332) map[0m
[0;32mI (176) esp_image: segment 4: paddr=0007b87c vaddr=4037b878 size=0a950h ( 43344) load[0m
[0;32mI (185) esp_image: segment 5: paddr=000861d4 vaddr=600fe100 size=0001ch (    28) load[0m
[0;32mI (192) boot: Loaded app from partition at offset 0x10000[0m
[0;32mI (193) boot: Disabling RNG early entropy source...[0m
[0;32mI (203) cpu_start: Multicore app[0m
[0;32mI (212) cpu_start: Pro cpu start user code[0m
[0;32mI (212) cpu_start: cpu freq: 160000000 Hz[0m
[0;32mI (212) app_init: Application information:[0m
[0;32mI (212) app_init: Project name:     app-template[0m
[0;32mI (216) app_init: App version:      6d4ace7[0m
[0;32mI (220) app_init: Compile time:     Apr 25 2025 15:14:48[0m
[0;32mI (225) app_init: ELF file SHA256:  4f5360934...[0m
[0;32mI (230) app_init: ESP-IDF:          HEAD-HASH-NOTFOUND[0m
[0;32mI (235) efuse_init: Min chip rev:     v0.0[0m
[0;32mI (238) efuse_init: Max chip rev:     v0.99 [0m
[0;32mI (242) efuse_init: Chip rev:         v0.1[0m
[0;32mI (246) heap_init: Initializing. RAM available for dynamic allocation:[0m
[0;32mI (253) heap_init: At 3FC9B658 len 0004E0B8 (312 KiB): RAM[0m
[0;32mI (258) heap_init: At 3FCE9710 len 00005724 (21 KiB): RAM[0m
[0;32mI (263) heap_init: At 3FCF0000 len 00008000 (32 KiB): DRAM[0m
[0;32mI (268) heap_init: At 600FE11C len 00001ECC (7 KiB): RTCRAM[0m
[0;32mI (274) spi_flash: detected chip: gd[0m
[0;32mI (277) spi_flash: flash io: dio[0m
[0;33mW (280) spi_flash: Detected size(8192k) larger than the size in the binary image header(2048k). Using the size in the binary image header.[0m
[0;32mI (292) sleep_gpio: Configure to isolate all GPIO pins in sleep state[0m
[0;32mI (298) sleep_gpio: Enable automatic switching of GPIO sleep configuration[0m
[0;32mI (305) main_task: Started on CPU0[0m
[0;32mI (325) main_task: Calling app_main()[0m
ESP_ERROR_CHECK failed: esp_err_t 0x10a (ESP_ERR_INVALID_VERSION) at 0x4200ec37
file: "./main/main.c" line 1058
func: ethernet_config
expression: esp_eth_driver_install(&eth_config, &eth_handle)

abort() was called at PC 0x4037cad7 on core 0


Backtrace: 0x40375d09:0x3fc9ef40 0x4037cae1:0x3fc9ef60 0x403840f5:0x3fc9ef80 0x4037cad7:0x3fc9eff0 0x4200ec37:0x3fc9f020 0x4200eda6:0x3fc9f130 0x4204ab5b:0x3fc9f160 0x4037d579:0x3fc9f190




ELF file SHA256: 4f5360934

Rebooting...
ï¿½ï¿½ï¿½ESP-ROM:esp32s3-20210327
Build:Mar 27 2021
rst:0xc (RTC_SW_CPU_RST),boot:0x8 (SPI_FAST_FLASH_BOOT)
Saved PC:0x40375c48
SPIWP:0xee
mode:DIO, clock div:1
load:0x3fce2810,len:0x15a0
load:0x403c8700,len:0x4
load:0x403c8704,len:0xd20
load:0x403cb700,len:0x2ee4
entry 0x403c8928
[0;32mI (31) boot: ESP-IDF HEAD-HASH-NOTFOUND 2nd stage bootloader[0m
[0;32mI (31) boot: compile time Apr 21 2025 15:45:26[0m
[0;32mI (31) boot: Multicore bootloader[0m
[0;32mI (32) boot: chip revision: v0.1[0m
[0;32mI (35) boot: efuse block revision: v1.2[0m
[0;32mI (39) boot.esp32s3: Boot SPI Speed : 80MHz[0m
[0;32mI (43) boot.esp32s3: SPI Mode       : DIO[0m
[0;32mI (46) boot.esp32s3: SPI Flash Size : 2MB[0m
[0;32mI (50) boot: Enabling RNG early entropy source...[0m
[0;32mI (55) boot: Partition Table:[0m
[0;32mI (57) boot: ## Label            Usage          Type ST Offset   Length[0m
[0;32mI (64) boot:  0 nvs              WiFi data        01 02 00009000 00006000[0m
[0;32mI (70) boot:  1 phy_init         RF data          01 01 0000f000 00001000[0m
[0;32mI (77) boot:  2 factory          factory app      00 00 00010000 00100000[0m
[0;32mI (83) boot: End of partition table[0m
[0;32mI (86) esp_image: segment 0: paddr=00010020 vaddr=3c050020 size=15aa4h ( 88740) map[0m
[0;32mI (110) esp_image: segment 1: paddr=00025acc vaddr=3fc96200 size=02ccch ( 11468) load[0m
[0;32mI (112) esp_image: segment 2: paddr=000287a0 vaddr=40374000 size=07878h ( 30840) load[0m
[0;32mI (120) esp_image: segment 3: paddr=00030020 vaddr=42000020 size=4b854h (309332) map[0m
[0;32mI (176) esp_image: segment 4: paddr=0007b87c vaddr=4037b878 size=0a950h ( 43344) load[0m
[0;32mI (185) esp_image: segment 5: paddr=000861d4 vaddr=600fe100 size=0001ch (    28) load[0m
[0;32mI (192) boot: Loaded app from partition at offset 0x10000[0m
[0;32mI (193) boot: Disabling RNG early entropy source...[0m
[0;32mI (203) cpu_start: Multicore app[0m
[0;32mI (212) cpu_start: Pro cpu start user code[0m
[0;32mI (212) cpu_start: cpu freq: 160000000 Hz[0m
[0;32mI (212) app_init: Application information:[0m
[0;32mI (212) app_init: Project name:     app-template[0m
[0;32mI (216) app_init: App version:      6d4ace7[0m
[0;32mI (220) app_init: Compile time:     Apr 25 2025 15:14:48[0m
[0;32mI (225) app_init: ELF file SHA256:  4f5360934...[0m
[0;32mI (230) app_init: ESP-IDF:          HEAD-HASH-NOTFOUND[0m
[0;32mI (235) efuse_init: Min chip rev:     v0.0[0m
[0;32mI (238) efuse_init: Max chip rev:     v0.99 [0m
[0;32mI (242) efuse_init: Chip rev:         v0.1[0m
[0;32mI (246) heap_init: Initializing. RAM available for dynamic allocation:[0m
[0;32mI (253) heap_init: At 3FC9B658 len 0004E0B8 (312 KiB): RAM[0m
[0;32mI (258) heap_init: At 3FCE9710 len 00005724 (21 KiB): RAM[0m
[0;32mI (263) heap_init: At 3FCF0000 len 00008000 (32 KiB): DRAM[0m
[0;32mI (268) heap_init: At 600FE11C len 00001ECC (7 KiB): RTCRAM[0m
[0;32mI (274) spi_flash: detected chip: gd[0m
[0;32mI (277) spi_flash: flash io: dio[0m
[0;33mW (280) spi_flash: Detected size(8192k) larger than the size in the binary image header(2048k). Using the size in the binary image header.[0m
[0;32mI (292) sleep_gpio: Configure to isolate all GPIO pinESP-ROM:esp32s3-20210327[0m
Build:Mar 27 2021
rst:0x1 (POWERON),boot:0x8 (SPI_FAST_FLASH_BOOT)
SPIWP:0xee
mode:DIO, clock div:1
load:0x3fce2810,len:0x15a0
load:0x403c8700,len:0x4
load:0x403c8704,len:0xd20
load:0x403cb700,len:0x2ee4
entry 0x403c8928
[0;32mI (27) boot: ESP-IDF HEAD-HASH-NOTFOUND 2nd stage bootloader[0m
[0;32mI (27) boot: compile time Apr 21 2025 15:45:26[0m
[0;32mI (27) boot: Multicï¿½ï¿½ESP-ROM:esp32s3-20210327[0m
Build:Mar 27 2021
rst:0x1 (POWERON),boot:0x8 (SPI_FAST_FLASH_BOOT)
SPIWP:0xee
mode:DIO, clock div:1
load:0x3fce2810,len:0x15a0
load:0x403c8700,len:0x4
load:0x403c8704,len:0xd20
load:0x403cb700,len:0x2ee4
entry 0x403c8928
[0;32mI (27) boot: ESP-IDF HEAD-HASH-NOTFOUND 2nd stage bootloader[0m
[0;32mI (27) boot: compile time Apr 21 2025 15:45:26[0m
[0;32mI (27) boot: Multicore bootloader[0m
[0;32mI (28) boot: chip revision: v0.1[0m
[0;32mI (31) boot: efuse block revisionESP-ROM:esp32s3-20210327[0m
Build:Mar 27 2021
rst:0xf (BROWNOUT_RST),boot:0x8 (SPI_FAST_FLASH_BOOT)
SPIWP:0xee
mode:DIO, clock div:1
load:0x3fce2810,len:0x15a0
load:0x403c8700,len:0x4
load:0x403c8704,len:0xd20
load:0x403cb700,len:0x2eeï¿½ESP-ROM:esp32s3-20210327
Build:Mar 27 2021
rst:0x1 (POWERON),boot:0x8 (SPI_FAST_FLASH_BOOT)
SPIWP:0xee
mode:DIO, clock div:1
load:0x3fce2810,len:0x15a0
load:0x403c8700,len:0x4
load:0x403c8704,len:0xd20
load:0x403cb700,len:0x2ee4
entry 0x403c8928
[0;32mI (27) boot: ESP-IDF HEAD-HASH-NOTFOUND 2nd stage bootloader[0m
[0;32mI (27) boot: compile time Apr 21 2025 15:45:26[0m
[0;32mI (27) boot: Multicore bootloader[0m
[0;32mI (28) boot: chip revision: v0.1[0m
[0;32mI (31) boot: efuse block revision: v1.2[0m
[0;32mI (34) boot.esp32s3: Boot SPI Speed : 80MHz[0m
[0;32mI (38) boot.esp32s3: SPI Mode       : DIO[0m
[0;32mI (42) boot.esp32s3: SPI Flash Size : 2MB[0m
[0;32mI (46) boot: Enabling RNG early entropy source...[0m
[0;32mI (50) boot: Partition Table:[0m
[0;32mI (53) boot: ## Label            Usage          Type ST Offset   Length[0m
[0;32mI (59) boot:  0 nvs              WiFi data        01 02 00009000 00006000[0m
[0;32mI (66) boot:  1 phy_init         RF data          01 01 0000f000 00001000[0m
[0;32mI (72) boot:  2 factory          factory app      00 00 00010000 00100000[0m
[0;32mI (79) boot: End of partition table[0m
[0;32mI (82) esp_image: segment 0: paddr=00010020 vaddr=3c050020 size=15aa4h ( 88740) map[0m
[0;32mI (105) esp_image: segment 1: paddr=00025acc vaddr=3fc96200 size=02ccch ( 11468) load[0m
[0;32mI (108) esp_image: segment 2: paddr=000287a0 vaddr=40374000 size=07878h ( 30840) load[0m
[0;32mI (116) esp_image: segment 3: paddr=00030020 vaddr=42000020 size=4b854h (309332) map[0m
[0;32mI (171) esp_image: segment 4: paddr=0007b87c vaddr=4037b878 size=0a950h ( 43344) load[0m
[0;32mI (181) esp_image: segment 5: paddr=000861d4 vaddr=600fe100 size=0001ch (    28) load[0m
[0;32mI (188) boot: Loaded app from partition at offset 0x10000[0m
[0;32mI (188) boot: Disabling RNG early entropy source...[0m
[0;32mI (199) cpu_start: Multicore app[0m
[0;32mI (208) cpu_start: Pro cpu start user code[0m
[0;32mI (208) cpu_start: cpu freq: 160000000 Hz[0m
[0;32mI (208) app_init: Application information:[0m
[0;32mI (208) app_init: Project name:     app-template[0m
[0;32mI (212) app_init: App version:      6d4ace7[0m
[0;32mI (216) app_init: Compile time:     Apr 25 2025 15:14:48[0m
[0;32mI (221) app_init: ELF file SHA256:  4f5360934...[0m
[0;32mI (225) app_init: ESP-IDF:          HEAD-HASH-NOTFOUND[0m
[0;32mI (230) efuse_init: Min chip rev:     v0.0[0m
[0;32mI (234) efuse_init: Max chip rev:     v0.99 [0m
[0;32mI (238) efuse_init: Chip rev:         v0.1[0m
[0;32mI (242) heap_init: Initializing. RAM available for dynamic allocation:[0m
[0;32mI (248) heap_init: At 3FC9B658 len 0004E0B8 (312 KiB): RAM[0m
[0;32mI (253) heap_init: At 3FCE9710 len 00005724 (21 KiB): RAM[0m
[0;32mI (258) heap_init: At 3FCF0000 len 00008000 (32 KiB): DRAM[0m
[0;32mI (264) heap_init: At 600FE11C len 00001ECC (7 KiB): RTCRAM[0m
[0;32mI (270) spi_flash: detected chip: gd[0m
[0;32mI (272) spi_flash: flash io: dio[0m
[0;33mW (275) spi_flash: Detected size(8192k) larger than the size in the binary image header(2048k). Using the size in the binary image header.[0m
[0;32mI (288) sleep_gpio: Configure to isolate all GPIO pins in sleep state[0m
[0;32mI (294) sleep_gpio: Enable automatic switching of GPIO sleep configuration[0m
[0;32mI (301) main_task: Started on CPU0[0m
[0;32mI (321) main_task: Calling app_main()[0m
ESP_ERROR_CHECK failed: esp_err_t 0x10a (ESP_ERR_INVALID_VERSION) at 0x4200ec37
file: "./main/main.c" line 1058
func: ethernet_config
expression: esp_eth_driver_install(&eth_config, &eth_handle)

abort() was called at PC 0x4037cad7 on core 0


Backtrace: 0x40375d09:0x3fc9ef40 0x4037cae1:0x3fc9ef60 0x403840f5:0x3fc9ef80 0x4037cad7:0x3fc9eff0 0x4200ec37:0x3fc9f020 0x4200eda6:0x3fc9f130 0x4204ab5b:0x3fc9f160 0x4037d579:0x3fc9f190




ELF file SHA256: 4f5360934

Rebooting...
ï¿½ï¿½ï¿½ESP-ROM:esp32s3-20210327
Build:Mar 27 2021
rst:0xc (RTC_SW_CPU_RST),boot:0x8 (SPI_FAST_FLASH_BOOT)
Saved PC:0x40375c48
SPIWP:0xee
mode:DIO, clock div:1
load:0x3fce2810,len:0x15a0
load:0x403c8700,len:0x4
load:0x403c8704,len:0xd20
load:0x403cb700,len:0x2ee4
entry 0x403c8928
[0;32mI (31) boot: ESP-IDF HEAD-HASH-NOTFOUND 2nd stage bootloader[0m
[0;32mI (31) boot: compile time Apr 21 2025 15:45:26[0m
[0;32mI (31) boot: Multicore bootloader[0m
[0;32mI (32) boot: chip revision: v0.1[0m
[0;32mI (35) boot: efuse block revision: v1.2[0m
[0;32mI (39) boot.esp32s3: Boot SPI Speed : 80MHz[0m
[0;32mI (43) boot.esp32s3: SPI Mode       : DIO[0m
[0;32mI (46) boot.esp32s3: SPI Flash Size : 2MB[0m
[0;32mI (50) boot: Enabling RNG early entropy source...[0m
[0;32mI (55) boot: Partition Table:[0m
[0;32mI (57) boot: ## Label            Usage          Type ST Offset   Length[0m
[0;32mI (64) boot:  0 nvs              WiFi data        01 02 00009000 00006000[0m
[0;32mI (70) boot:  1 phy_init         RF data          01 01 0000f000 00001000[0m
[0;32mI (77) boot:  2 factory          factory app      00 00 00010000 00100000[0m
[0;32mI (83) boot: End of partition table[0m
[0;32mI (86) esp_image: segment 0: paddr=00010020 vaddr=3c050020 size=15aa4h ( 88740) map[0m
[0;32mI (110) esp_image: segment 1: paddr=00025acc vaddr=3fc96200 size=02ccch ( 11468) load[0m
[0;32mI (112) esp_image: segment 2: paddr=000287a0 vaddr=40374000 size=07878h ( 30840) load[0m
[0;32mI (120) esp_image: segment 3: paddr=00030020 vaddr=42000020 size=4b854h (309332) map[0m
[0;32mI (176) esp_image: segment 4: paddr=0007b87c vaddr=4037b878 size=0a950h ( 43344) load[0m
[0;32mI (185) esp_image: segment 5: paddr=000861d4 vaddr=600fe100 size=0001ch (    28) load[0m
[0;32mI (192) boot: Loaded app from partition at offset 0x10000[0m
[0;32mI (193) boot: Disabling RNG early entropy source...[0m
[0;32mI (203) cpu_start: Multicore app[0m
[0;32mI (212) cpu_start: Pro cpu start user code[0m
[0;32mI (212) cpu_start: cpu freq: 160000000 Hz[0m
[0;32mI (212) app_init: Application information:[0m
[0;32mI (212) app_init: Project name:     app-template[0m
[0;32mI (216) app_init: App version:      6d4ace7[0m
[0;32mI (220) app_init: Compile time:     Apr 25 2025 15:14:48[0m
[0;32mI (225) app_init: ELF file SHA256:  4f5360934...[0m
[0;32mI (230) app_init: ESP-IDF:          HEAD-HASH-NOTFOUND[0m
[0;32mI (235) efuse_init: Min chip rev:     v0.0[0m
[0;32mI (238) efuse_init: Max chip rev:     v0.99 [0m
[0;32mI (242) efuse_init: Chip rev:         v0.1[0m
[0;32mI (246) heap_init: Initializing. RAM available for dynamic allocation:[0m
[0;32mI (253) heap_init: At 3FC9B658 len 0004E0B8 (312 KiB): RAM[0m
[0;32mI (258) heap_init: At 3FCE9710 len 00005724 (21 KiB): RAM[0m
[0;32mI (263) heap_init: At 3FCF0000 len 00008000 (32 KiB): DRAM[0m
[0;32mI (268) heap_init: At 600FE11C len 00001ECC (7 KiB): RTCRAM[0m
[0;32mI (274) spi_flash: detected chip: gd[0m
[0;32mI (277) spi_flash: flash io: dio[0m
[0;33mW (280) spi_flash: Detected size(8192k) larger than the size in the binary image header(2048k). Using the size in the binary image header.[0m
[0;32mI (292) sleep_gpio: Configure to isolate all GPIO pins in sleep state[0m
[0;32mI (298) sleep_gpio: Enable automatic switching of GPIO sleep configuration[0m
[0;32mI (305) main_task: Started on CPU0[0m
[0;32mI (325) main_task: Calling app_main()[0m
ESP_ERROR_CHECK failed: esp_err_t 0x10a (ESP_ERR_INVALID_VERSION) at 0x4200ec37
file: "./main/main.c" line 1058
func: ethernet_config
expression: esp_eth_driver_install(&eth_config, &eth_handle)

abort() was called at PC 0x4037cad7 on core 0


Backtrace: 0x40375d09:0x3fc9ef40 0x4037cae1:0x3fc9ef60 0x403840f5:0x3fc9ef80 0x4037cad7:0x3fc9eff0 0x4200ec37:0x3fc9f020 0x4200eda6:0x3fc9f130 0x4204ab5b:0x3fc9f160 0x4037d579:0x3fc9f190




ELF file SHA256: 4f5360934

Rebooting...
ï¿½ï¿½ï¿½ESP-ROM:esp32s3-20210327
Build:Mar 27 2021
rst:0xc (RTC_SW_CPU_RST),boot:0x8 (SPI_FAST_FLASH_BOOT)
Saved PC:0x40375c48
SPIWP:0xee
mode:DIO, clock div:1
load:0x3fce2810,len:0x15a0
load:0x403c8700,len:0x4
load:0x403c8704,len:0xd20
load:0x403cb700,len:0x2ee4
entry 0x403c8928
[0;32mI (31) boot: ESP-IDF HEAD-HASH-NOTFOUND 2nd stage bootloader[0m
[0;32mI (31) boot: compile time Apr 21 2025 15:45:26[0m
[0;32mI (31) boot: Multicore bootloader[0m
[0;32mI (32) boot: chip revision: v0.1[0m
[0;32mI (35) boot: efuse block revision: v1.2[0m
[0;32mI (39) boot.esp32s3: Boot SPI Speed : 80MHz[0m
[0;32mI (43) boot.esp32s3: SPI Mode       : DIO[0m
[0;32mI (46) boot.esp32s3: SPI Flash Size : 2MB[0m
[0;32mI (50) boot: Enabling RNG early entropy source...[0m
[0;32mI (55) boot: Partition Table:[0m
[0;32mI (57) boot: ## Label            Usage          Type ST Offset   Length[0m
[0;32mI (64) boot:  0 nvs              WiFi data        01 02 00009000 00006000[0m
[0;32mI (70) boot:  1 phy_init         RF data          01 01 0000f000 00001000[0m
[0;32mI (77) boot:  2 factory          factory app      00 00 00010000 00100000[0m
[0;32mI (83) boot: End of partition table[0m
[0;32mI (86) esp_image: segment 0: paddr=00010020 vaddr=3c050020 size=15aa4h ( 88740) map[0m
[0;32mI (110) esp_image: segment 1: paddr=00025acc vaddr=3fc96200 size=02ccch ( 11468) load[0m
[0;32mI (112) esp_image: segment 2: paddr=000287a0 vaddr=40374000 size=07878h ( 30840) load[0m
[0;32mI (120) esp_image: segment 3: paddr=00030020 vaddr=42000020 size=4b854h (309332) map[0m
[0;32mI (176) esp_image: segment 4: paddr=0007b87c vaddr=4037b878 size=0a950h ( 43344) load[0m
[0;32mI (185) esp_image: segment 5: paddr=000861d4 vaddr=600fe100 size=0001ch (    28) load[0m
[0;32mI (192) boot: Loaded app from partition at offset 0x10000[0m
[0;32mI (193) boot: Disabling RNG early entropy source...[0m
[0;32mI (203) cpu_start: Multicore app[0m
[0;32mI (212) cpu_start: Pro cpu start user code[0m
[0;32mI (212) cpu_start: cpu freq: 160000000 Hz[0m
[0;32mI (212) app_init: Application information:[0m
[0;32mI (212) app_init: Project name:     app-template[0m
[0;32mI (216) app_init: App version:      6d4ace7[0m
[0;32mI (220) app_init: Compile time:     Apr 25 2025 15:14:48[0m
[0;32mI (225) app_init: ELF file SHA256:  4f5360934...[0m
[0;32mI (230) app_init: ESP-IDF:          HEAD-HASH-NOTFOUND[0m
[0;32mI (235) efuse_init: Min chip rev:     v0.0[0m
[0;32mI (238) efuse_init: Max chip rev:     v0.99 [0m
[0;32mI (242) efuse_init: Chip rev:         v0.1[0m
[0;32mI (246) heap_init: Initializing. RAM available for dynamic allocation:[0m
[0;32mI (253) heap_init: At 3FC9B658 len 0004E0B8 (312 KiB): RAM[0m
[0;32mI (258) heap_init: At 3FCE9710 len 00005724 (21 KiB): RAM[0m
[0;32mI (263) heap_init: At 3FCF0000 len 00008000 (32 KiB): DRAM[0m
[0;32mI (268) heap_init: At 600FE11C len 00001ECC (7 KiB): RTCRAM[0m
[0;32mI (274) spi_flash: detected chip: gd[0m
[0;32mI (277) spi_flash: flash io: dio[0m
[0;33mW (280) spi_flash: Detected size(8192k) larger than the size in the binary image header(2048k). Using the size in the binary image header.[0m
[0;32mI (292) sleep_gpio: Configure to isolate all GPIO pins in sleep state[0m
[0;32mI (298) sleep_gpio: Enable automatic switching of GPIO sleep configuration[0m
[0;32mI (305) main_task: Started on CPU0[0m
[0;32mI (325) main_task: Calling app_main()[0m
ESP_ERROR_CHECK failed: esp_err_t 0x10a (ESP_ERR_INVALID_VERSION) at 0x4200ec37
file: "./main/main.c" line 1058
func: ethernet_config
expression: esp_eth_driver_install(&eth_config, &eth_handle)

abort() was called at PC 0x4037cad7 on core 0


Backtrace: 0x40375d09:0x3fc9ef40 0x4037cae1:0x3fc9ef60 0x403840f5:0x3fc9ef80 0x4037cad7:0x3fc9eff0 0x4200ec37:0x3fc9f020 0x4200eda6:0x3fc9f130 0x4204ab5b:0x3fc9f160 0x4037d579:0x3fc9f190




ELF file SHA256: 4f5360934

Rebooting...
ï¿½ï¿½ï¿½ESP-ROM:esp32s3-20210327
Build:Mar 27 2021
rst:0xc (RTC_SW_CPU_RST),boot:0x8 (SPI_FAST_FLASH_BOOT)
Saved PC:0x40375c48
SPIWP:0xee
mode:DIO, clock div:1
load:0x3fce2810,len:0x15a0
load:0x403c8700,len:0x4
load:0x403c8704,len:0xd20
load:0x403cb700,len:0x2ee4
entry 0x403c8928
[0;32mI (31) boot: ESP-IDF HEAD-HASH-NOTFOUND 2nd stage bootloader[0m
[0;32mI (31) boot: compile time Apr 21 2025 15:45:26[0m
[0;32mI (31) boot: Multicore bootloader[0m
[0;32mI (32) boot: chip revision: v0.1[0m
[0;32mI (35) boot: efuse block revision: v1.2[0m
[0;32mI (39) boot.esp32s3: Boot SPI Speed : 80MHz[0m
[0;32mI (43) boot.esp32s3: SPI Mode       : DIO[0m
[0;32mI (46) boot.esp32s3: SPI Flash Size : 2MB[0m
[0;32mI (50) boot: Enabling RNG early entropy source...[0m
[0;32mI (55) boot: Partition Table:[0m
[0;32mI (57) boot: ## Label            Usage          Type ST Offset   Length[0m
[0;32mI (64) boot:  0 nvs              WiFi data        01 02 00009000 00006000[0m
[0;32mI (70) boot:  1 phy_init         RF data          01 01 0000f000 00001000[0m
[0;32mI (77) boot:  2 factory          factory app      00 00 00010000 00100000[0m
[0;32mI (83) boot: End of partition table[0m
[0;32mI (86) esp_image: segment 0: paddr=00010020 vaddr=3c050020 size=15aa4h ( 88740) map[0m
[0;32mI (110) esp_image: segment 1: paddr=00025acc vaddr=3fc96200 size=02ccch ( 11468) load[0m
[0;32mI (112) esp_image: segment 2: paddr=000287a0 vaddr=40374000 size=07878h ( 30840) load[0m
[0;32mI (120) esp_image: segment 3: paddr=00030020 vaddr=42000020 size=4b854h (309332) map[0m
[0;32mI (176) esp_image: segment 4: paddr=0007b87c vaddr=4037b878 size=0a950h ( 43344) load[0m
[0;32mI (185) esp_image: segment 5: paddr=000861d4 vaddr=600fe100 size=0001ch (    28) load[0m
[0;32mI (192) boot: Loaded app from partition at offset 0x10000[0m
[0;32mI (193) boot: Disabling RNG early entropy source...[0m
[0;32mI (203) cpu_start: Multicore app[0m
[0;32mI (212) cpu_start: Pro cpu start user code[0m
[0;32mI (212) cpu_start: cpu freq: 160000000 Hz[0m
[0;32mI (212) app_init: Application information:[0m
[0;32mI (212) app_init: Project name:     app-template[0m
[0;32mI (216) app_init: App version:      6d4ace7[0m
[0;32mI (220) app_init: Compile time:     Apr 25 2025 15:14:48[0m
[0;32mI (225) app_init: ELF file SHA256:  4f5360934...[0m
[0;32mI (230) app_init: ESP-IDF:          HEAD-HASH-NOTFOUND[0m
[0;32mI (235) efuse_init: Min chip rev:     v0.0[0m
[0;32mI (238) efuse_init: Max chip rev:     v0.99 [0m
[0;32mI (242) efuse_init: Chip rev:         v0.1[0m
[0;32mI (246) heap_init: Initializing. RAM available for dynamic allocation:[0m
[0;32mI (253) heap_init: At 3FC9B658 len 0004E0B8 (312 KiB): RAM[0m
[0;32mI (258) heap_init: At 3FCE9710 len 00005724 (21 KiB): RAM[0m
[0;32mI (263) heap_init: At 3FCF0000 len 00008000 (32 KiB): DRAM[0m
[0;32mI (268) heap_init: At 600FE11C len 00001ECC (7 KiB): RTCRAM[0m
[0;32mI (274) spi_flash: detected chip: gd[0m
[0;32mI (277) spi_flash: flash io: dio[0m
[0;33mW (280) spi_flash: Detected size(8192k) larger than the size in the binary image header(2048k). Using the size in the binary image header.[0m
[0;32mI (292) sleep_gpio: Configure to isolate all GPIO pins in sleep state[0m
[0;32mI (298) sleep_gpio: Enable automatic switching of GPIO sleep configuration[0m
[0;32mI (305) main_task: Started on CPU0[0m
[0;32mI (325) main_task: Calling app_main()[0m
ESP_ERROR_CHECK failed: esp_err_t 0x10a (ESP_ERR_INVALID_VERSION) at 0x4200ec37
file: "./main/main.c" line 1058
func: ethernet_config
expression: esp_eth_driver_install(&eth_config, &eth_handle)

abort() was called at PC 0x4037cad7 on core 0


Backtrace: 0x40375d09:0x3fc9ef40 0x4037cae1:0x3fc9ef60 0x403840f5:0x3fc9ef80 0x4037cad7:0x3fc9eff0 0x4200ec37:0x3fc9f020 0x4200eda6:0x3fc9f130 0x4204ab5b:0x3fc9f160 0x4037d579:0x3fc9f190




ELF file SHA256: 4f5360934

Rebooting...
ï¿½ï¿½ï¿½ESP-ROM:esp32s3-20210327
Build:Mar 27 2021
rst:0xc (RTC_SW_CPU_RST),boot:0x8 (SPI_FAST_FLASH_BOOT)
Saved PC:0x40375c48
SPIWP:0xee
mode:DIO, clock div:1
load:0x3fce2810,len:0x15a0
load:0x403c8700,len:0x4
load:0x403c8704,len:0xd20
load:0x403cb700,len:0x2ee4
entry 0x403c8928
[0;32mI (31) boot: ESP-IDF HEAD-HASH-NOTFOUND 2nd stage bootloader[0m
[0;32mI (31) boot: compile time Apr 21 2025 15:45:26[0m
[0;32mI (31) boot: Multicore bootloader[0m
[0;32mI (32) boot: chip revision: v0.1[0m
[0;32mI (35) boot: efuse block revision: v1.2[0m
[0;32mI (39) boot.esp32s3: Boot SPI Speed : 80MHz[0m
[0;32mI (43) boot.esp32s3: SPI Mode       : DIO[0m
[0;32mI (46) boot.esp32s3: SPI Flash Size : 2MB[0m
[0;32mI (50) boot: Enabling RNG early entropy source...[0m
[0;32mI (55) boot: Partition Table:[0m
[0;32mI (57) boot: ## Label            Usage          Type ST Offset   Length[0m
[0;32mI (64) boot:  0 nvs              WiFi data        01 02 00009000 00006000[0m
[0;32mI (70) boot:  1 phy_init         RF data          01 01 0000f000 00001000[0m
[0;32mI (77) boot:  2 factory          factory app      00 00 00010000 00100000[0m
[0;32mI (83) boot: End of partition table[0m
[0;32mI (86) esp_image: segment 0: paddr=00010020 vaddr=3c050020 size=15aa4h ( 88740) map[0m
[0;32mI (110) esp_image: segment 1: paddr=00025acc vaddr=3fc96200 size=02ccch ( 11468) load[0m
[0;32mI (112) esp_image: segment 2: paddr=000287a0 vaddr=40374000 size=07878h ( 30840) load[0m
[0;32mI (120) esp_image: segment 3: paddr=00030020 vaddr=42000020 size=4b854h (309332) map[0m
[0;32mI (176) esp_image: segment 4: paddr=0007b87c vaddr=4037b878 size=0a950h ( 43344) load[0m
[0;32mI (185) esp_image: segment 5: paddr=000861d4 vaddr=600fe100 size=0001ch (    28) load[0m
[0;32mI (192) boot: Loaded app from partition at offset 0x10000[0m
[0;32mI (193) boot: Disabling RNG early entropy source...[0m
[0;32mI (203) cpu_start: Multicore app[0m
[0;32mI (212) cpu_start: Pro cpu start user code[0m
[0;32mI (212) cpu_start: cpu freq: 160000000 Hz[0m
[0;32mI (212) app_init: Application information:[0m
[0;32mI (212) app_init: Project name:     app-template[0m
[0;32mI (216) app_init: App version:      6d4ace7[0m
[0;32mI (220) app_init: Compile time:     Apr 25 2025 15:14:48[0m
[0;32mI (225) app_init: ELF file SHA256:  4f5360934...[0m
[0;32mI (230) app_init: ESP-IDF:          HEAD-HASH-NOTFOUND[0m
[0;32mI (235) efuse_init: Min chip rev:     v0.0[0m
[0;32mI (238) efuse_init: Max chip rev:     v0.99 [0m
[0;32mI (242) efuse_init: Chip rev:         v0.1[0m
[0;32mI (246) heap_init: Initializing. RAM available for dynamic allocation:[0m
[0;32mI (253) heap_init: At 3FC9B658 len 0004E0B8 (312 KiB): RAM[0m
[0;32mI (258) heap_init: At 3FCE9710 len 00005724 (21 KiB): RAM[0m
[0;32mI (263) heap_init: At 3FCF0000 len 00008000 (32 KiB): DRAM[0m
[0;32mI (268) heap_init: At 600FE11C len 00001ECC (7 KiB): RTCRAM[0m
[0;32mI (274) spi_flash: detected chip: gd[0m
[0;32mI (277) spi_flash: flash io: dio[0m
[0;33mW (280) spi_flash: Detected size(8192k) larger than the size in the binary image header(2048k). Using the size in the binary image header.[0m
[0;32mI (292) sleep_gpio: Configure to isolate all GPIO pins in sleep state[0m
[0;32mI (298) sleep_gpio: Enable automatic switching of GPIO sleep configuration[0m
[0;32mI (305) main_task: Started on CPU0[0m
[0;32mI (325) main_task: Calling app_main()[0m
ESP_ERROR_CHECK failed: esp_err_t 0x10a (ESP_ERR_INVALID_VERSION) at 0x4200ec37
file: "./main/main.c" line 1058
func: ethernet_config
expression: esp_eth_driver_install(&eth_config, &eth_handle)

abort() was called at PC 0x4037cad7 on core 0


Backtrace: 0x40375d09:0x3fc9ef40 0x4037cae1:0x3fc9ef60 0x403840f5:0x3fc9ef80 0x4037cad7:0x3fc9eff0 0x4200ec37:0x3fc9f020 0x4200eda6:0x3fc9f130 0x4204ab5b:0x3fc9f160 0x4037d579:0x3fc9f190




ELF file SHA256: 4f5360934

Rebooting...
ï¿½ï¿½ï¿½ESP-ROM:esp32s3-20210327
Build:Mar 27 2021
rst:0xc (RTC_SW_CPU_RST),boot:0x8 (SPI_FAST_FLASH_BOOT)
Saved PC:0x40375c48
SPIWP:0xee
mode:DIO, clock div:1
load:0x3fce2810,len:0x15a0
load:0x403c8700,len:0x4
load:0x403c8704,len:0xd20
load:0x403cb700,len:0x2ee4
entry 0x403c8928
[0;32mI (31) boot: ESP-IDF HEAD-HASH-NOTFOUND 2nd stage bootloader[0m
[0;32mI (31) boot: compile time Apr 21 2025 15:45:26[0m
[0;32mI (31) boot: Multicore bootloader[0m
[0;32mI (32) boot: chip revision: v0.1[0m
[0;32mI (35) boot: efuse block revision: v1.2[0m
[0;32mI (39) boot.esp32s3: Boot SPI Speed : 80MHz[0m
[0;32mI (43) boot.esp32s3: SPI Mode       : DIO[0m
[0;32mI (46) boot.esp32s3: SPI Flash Size : 2MB[0m
[0;32mI (50) boot: Enabling RNG early entropy source...[0m
[0;32mI (55) boot: Partition Table:[0m
[0;32mI (57) boot: ## Label            Usage          Type ST Offset   Length[0m
[0;32mI (64) boot:  0 nvs              WiFi data        01 02 00009000 00006000[0m
[0;32mI (70) boot:  1 phy_init         RF data          01 01 0000f000 00001000[0m
[0;32mI (77) boot:  2 factory          factory app      00 00 00010000 00100000[0m
[0;32mI (83) boot: End of partition table[0m
[0;32mI (86) esp_image: segment 0: paddr=00010020 vaddr=3c050020 size=15aa4h ( 88740) map[0m
[0;32mI (110) esp_image: segment 1: paddr=00025acc vaddr=3fc96200 size=02ccch ( 11468) load[0m
[0;32mI (112) esp_image: segment 2: paddr=000287a0 vaddr=40374000 size=07878h ( 30840) load[0m
[0;32mI (120) esp_image: segment 3: paddr=00030020 vaddr=42000020 size=4b854h (309332) map[0m
[0;32mI (176) esp_image: segment 4: paddr=0007b87c vaddr=4037b878 size=0a950h ( 43344) load[0m
[0;32mI (185) esp_image: segment 5: paddr=000861d4 vaddr=600fe100 size=0001ch (    28) load[0m
[0;32mI (192) boot: Loaded app from partition at offset 0x10000[0m
[0;32mI (193) boot: Disabling RNG early entropy source...[0m
[0;32mI (203) cpu_start: Multicore app[0m
[0;32mI (212) cpu_start: Pro cpu start user code[0m
[0;32mI (212) cpu_start: cpu freq: 160000000 Hz[0m
[0;32mI (212) app_init: Application information:[0m
[0;32mI (212) app_init: Project name:     app-template[0m
[0;32mI (216) app_init: App version:      6d4ace7[0m
[0;32mI (220) app_init: Compile time:     Apr 25 2025 15:14:48[0m
[0;32mI (225) app_init: ELF file SHA256:  4f5360934...[0m
[0;32mI (230) app_init: ESP-IDF:          HEAD-HASH-NOTFOUND[0m
[0;32mI (235) efuse_init: Min chip rev:     v0.0[0m
[0;32mI (238) efuse_init: Max chip rev:     v0.99 [0m
[0;32mI (242) efuse_init: Chip rev:         v0.1[0m
[0;32mI (246) heap_init: Initializing. RAM available for dynamic allocation:[0m
[0;32mI (253) heap_init: At 3FC9B658 len 0004E0B8 (312 KiB): RAM[0m
[0;32mI (258) heap_init: At 3FCE9710 len 00005724 (21 KiB): RAM[0m
[0;32mI (263) heap_init: At 3FCF0000 len 00008000 (32 KiB): DRAM[0m
[0;32mI (268) heap_init: At 600FE11C len 00001ECC (7 KiB): RTCRAM[0m
[0;32mI (274) spi_flash: detected chip: gd[0m
[0;32mI (277) spi_flash: flash io: dio[0m
[0;33mW (280) spi_flash: Detected size(8192k) larger than the size in the binary image header(2048k). Using the size in the binary image header.[0m
[0;32mI (292) sleep_gpio: Configure to isolate all GPIO pins in sleep state[0m
[0;32mI (298) sleep_gpio: Enable automatic switching of GPIO sleep configuration[0m
[0;32mI (305) main_task: Started on CPU0[0m
[0;32mI (325) main_task: Calling app_main()[0m
ESP_ERROR_CHECK failed: esp_err_t 0x10a (ESP_ERR_INVALID_VERSION) at 0x4200ec37
file: "./main/main.c" line 1058
func: ethernet_config
expression: esp_eth_driver_install(&eth_config, &eth_handle)

abort() was called at PC 0x4037cad7 on core 0


Backtrace: 0x40375d09:0x3fc9ef40 0x4037cae1:0x3fc9ef60 0x403840f5:0x3fc9ef80 0x4037cad7:0x3fc9eff0 0x4200ec37:0x3fc9f020 0x4200eda6:0x3fc9f130 0x4204ab5b:0x3fc9f160 0x4037d579:0x3fc9f190




ELF file SHA256: 4f5360934

Rebooting...
ï¿½ï¿½ï¿½ESP-ROM:esp32s3-20210327
Build:Mar 27 2021
rst:0xc (RTC_SW_CPU_RST),boot:0x8 (SPI_FAST_FLASH_BOOT)
Saved PC:0x40375c48
SPIWP:0xee
mode:DIO, clock div:1
load:0x3fce2810,len:0x15a0
load:0x403c8700,len:0x4
load:0x403c8704,len:0xd20
load:0x403cb700,len:0x2ee4
entry 0x403c8928
[0;32mI (31) boot: ESP-IDF HEAD-HASH-NOTFOUND 2nd stage bootloader[0m
[0;32mI (31) boot: compile time Apr 21 2025 15:45:26[0m
[0;32mI (31) boot: Multicore bootloader[0m
[0;32mI (32) boot: chip revision: v0.1[0m
[0;32mI (35) boot: efuse block revision: v1.2[0m
[0;32mI (39) boot.esp32s3: Boot SPI Speed : 80MHz[0m
[0;32mI (43) boot.esp32s3: SPI Mode       : DIO[0m
[0;32mI (46) boot.esp32s3: SPI Flash Size : 2MB[0m
[0;32mI (50) boot: Enabling RNG early entropy source...[0m
[0;32mI (55) boot: Partition Table:[0m
[0;32mI (57) boot: ## Label            Usage          Type ST Offset   Length[0m
[0;32mI (64) boot:  0 nvs              WiFi data        01 02 00009000 00006000[0m
[0;32mI (70) boot:  1 phy_init         RF data          01 01 0000f000 00001000[0m
[0;32mI (77) boot:  2 factory          factory app      00 00 00010000 00100000[0m
[0;32mI (83) boot: End of partition table[0m
[0;32mI (86) esp_image: segment 0: paddr=00010020 vaddr=3c050020 size=15aa4h ( 88740) map[0m
[0;32mI (110) esp_image: segment 1: paddr=00025acc vaddr=3fc96200 size=02ccch ( 11468) load[0m
[0;32mI (112) esp_image: segment 2: paddr=000287a0 vaddr=40374000 size=07878h ( 30840) load[0m
[0;32mI (120) esp_image: segment 3: paddr=00030020 vaddr=42000020 size=4b854h (309332) map[0m
[0;32mI (176) esp_image: segment 4: paddr=0007b87c vaddr=4037b878 size=0a950h ( 43344) load[0m
[0;32mI (185) esp_image: segment 5: paddr=000861d4 vaddr=600fe100 size=0001ch (    28) load[0m
[0;32mI (192) boot: Loaded app from partition at offset 0x10000[0m
[0;32mI (193) boot: Disabling RNG early entropy source...[0m
[0;32mI (203) cpu_start: Multicore app[0m
[0;32mI (212) cpu_start: Pro cpu start user code[0m
[0;32mI (212) cpu_start: cpu freq: 160000000 Hz[0m
[0;32mI (212) app_init: Application information:[0m
[0;32mI (212) app_init: Project name:     app-template[0m
[0;32mI (216) app_init: App version:      6d4ace7[0m
[0;32mI (220) app_init: Compile time:     Apr 25 2025 15:14:48[0m
[0;32mI (225) app_init: ELF file SHA256:  4f5360934...[0m
[0;32mI (230) app_init: ESP-IDF:          HEAD-HASH-NOTFOUND[0m
[0;32mI (235) efuse_init: Min chip rev:     v0.0[0m
[0;32mI (238) efuse_init: Max chip rev:     v0.99 [0m
[0;32mI (242) efuse_init: Chip rev:         v0.1[0m
[0;32mI (246) heap_init: Initializing. RAM available for dynamic allocation:[0m
[0;32mI (253) heap_init: At 3FC9B658 len 0004E0B8 (312 KiB): RAM[0m
[0;32mI (258) heap_init: At 3FCE9710 len 00005724 (21 KiB): RAM[0m
[0;32mI (263) heap_init: At 3FCF0000 len 00008000 (32 KiB): DRAM[0m
[0;32mI (268) heap_init: At 600FE11C len 00001ECC (7 KiB): RTCRAM[0m
[0;32mI (274) spi_flash: detected chip: gd[0m
[0;32mI (277) spi_flash: flash io: dio[0m
[0;33mW (280) spi_flash: Detected size(8192k) larger than the size in the binary image header(2048k). Using the size in the binary image header.[0m
[0;32mI (292) sleep_gpio: Configure to isolate all GPIO pins in sleep state[0m
[0;32mI (298) sleep_gpio: Enable automatic switching of GPIO sleep configuration[0m
[0;32mI (305) main_task: Started on CPU0[0m
[0;32mI (325) main_task: Calling app_main()[0m
ESP_ERROR_CHECK failed: esp_err_t 0x10a (ESP_ERR_INVALID_VERSION) at 0x4200ec37
file: "./main/main.c" line 1058
func: ethernet_config
expression: esp_eth_driver_install(&eth_config, &eth_handle)

abort() was called at PC 0x4037cad7 on core 0


Backtrace: 0x40375d09:0x3fc9ef40 0x4037cae1:0x3fc9ef60 0x403840f5:0x3fc9ef80 0x4037cad7:0x3fc9eff0 0x4200ec37:0x3fc9f020 0x4200eda6:0x3fc9f130 0x4204ab5b:0x3fc9f160 0x4037d579:0x3fc9f190




ELF file SHA256: 4f5360934

Rebooting...
ï¿½ï¿½ï¿½ESP-ROM:esp32s3-20210327
Build:Mar 27 2021
rst:0xc (RTC_SW_CPU_RST),boot:0x8 (SPI_FAST_FLASH_BOOT)
Saved PC:0x40375c48
SPIWP:0xee
mode:DIO, clock div:1
load:0x3fce2810,len:0x15a0
load:0x403c8700,len:0x4
load:0x403c8704,len:0xd20
load:0x403cb700,len:0x2ee4
entry 0x403c8928
[0;32mI (31) boot: ESP-IDF HEAD-HASH-NOTFOUND 2nd stage bootloader[0m
[0;32mI (31) boot: compile time Apr 21 2025 15:45:26[0m
[0;32mI (31) boot: Multicore bootloader[0m
[0;32mI (32) boot: chip revision: v0.1[0m
[0;32mI (35) boot: efuse block revision: v1.2[0m
[0;32mI (39) boot.esp32s3: Boot SPI Speed : 80MHz[0m
[0;32mI (43) boot.esp32s3: SPI Mode       : DIO[0m
[0;32mI (46) boot.esp32s3: SPI Flash Size : 2MB[0m
[0;32mI (50) boot: Enabling RNG early entropy source...[0m
[0;32mI (55) boot: Partition Table:[0m
[0;32mI (57) boot: ## Label            Usage          Type ST Offset   Length[0m
[0;32mI (64) boot:  0 nvs              WiFi data        01 02 00009000 00006000[0m
[0;32mI (70) boot:  1 phy_init         RF data          01 01 0000f000 00001000[0m
[0;32mI (77) boot:  2 factory          factory app      00 00 00010000 00100000[0m
[0;32mI (83) boot: End of partition table[0m
[0;32mI (86) esp_image: segment 0: paddr=00010020 vaddr=3c050020 size=15aa4h ( 88740) map[0m
[0;32mI (110) esp_image: segment 1: paddr=00025acc vaddr=3fc96200 size=02ccch ( 11468) load[0m
[0;32mI (112) esp_image: segment 2: paddr=000287a0 vaddr=40374000 size=07878h ( 30840) load[0m
[0;32mI (120) esp_image: segment 3: paddr=00030020 vaddr=42000020 size=4b854h (309332) map[0m
[0;32mI (176) esp_image: segment 4: paddr=0007b87c vaddr=4037b878 size=0a950h ( 43344) load[0m
[0;32mI (185) esp_image: segment 5: paddr=000861d4 vaddr=600fe100 size=0001ch (    28) load[0m
[0;32mI (192) boot: Loaded app from partition at offset 0x10000[0m
[0;32mI (193) boot: Disabling RNG early entropy source...[0m
[0;32mI (203) cpu_start: Multicore app[0m
[0;32mI (212) cpu_start: Pro cpu start user code[0m
[0;32mI (212) cpu_start: cpu freq: 160000000 Hz[0m
[0;32mI (212) app_init: Application information:[0m
[0;32mI (212) app_init: Project name:     app-template[0m
I (216) app_init: App version:      6d4ace7
[0;32mI (220) app_init: Compile time:     Apr 25 2025 15:14:48[0m
[0;32mI (225) app_init: ELF file SHA256:  4f5360934...[0m
[0;32mI (230) app_init: ESP-IDF:          HEAD-HASH-NOTFOUND[0m
[0;32mI (235) efuse_init: Min chip rev:     v0.0[0m
[0;32mI (238) efuse_init: Max chip rev:     v0.99 [0m
[0;32mI (242) efuse_init: Chip rev:         v0.1[0m
[0;32mI (246) heap_init: Initializing. RAM available for dynamic allocation:[0m
[0;32mI (253) heap_init: At 3FC9B658 len 0004E0B8 (312 KiB): RAM[0m
[0;32mI (258) heap_init: At 3FCE9710 len 00005724 (21 KiB): RAM[0m
[0;32mI (263) heap_init: At 3FCF0000 len 00008000 (32 KiB): DRAM[0m
[0;32mI (268) heap_init: At 600FE11C len 00001ECC (7 KiB): RTCRAM[0m
[0;32mI (274) spi_flash: detected chip: gd[0m
[0;32mI (277) spi_flash: flash io: dio[0m
[0;33mW (280) spi_flash: Detected size(8192k) larger than the size in the binary image header(2048k). Using the size in the binary image header.[0m
[0;32mI (292) sleep_gpio: Configure to isolate all GPIO pins in sleep state[0m
[0;32mI (298) sleep_gpio: Enable automatic switching of GPIO sleep configuration[0m
[0;32mI (305) main_task: Started on CPU0[0m
[0;32mI (325) main_task: Calling app_main()[0m
ESP_ERROR_CHECK failed: esp_err_t 0x10a (ESP_ERR_INVALID_VERSION) at 0x4200ec37
file: "./main/main.c" line 1058
func: ethernet_config
expression: esp_eth_driver_install(&eth_config, &eth_handle)

abort() was called at PC 0x4037cad7 on core 0


Backtrace: 0x40375d09:0x3fc9ef40 0x4037cae1:0x3fc9ef60 0x403840f5:0x3fc9ef80 0x4037cad7:0x3fc9eff0 0x4200ec37:0x3fc9f020 0x4200eda6:0x3fc9f130 0x4204ab5b:0x3fc9f160 0x4037d579:0x3fc9f190




ELF file SHA256: 4f5360934

Rebooting...
ï¿½ï¿½ï¿½ESP-ROM:esp32s3-20210327
Build:Mar 27 2021
rst:0xc (RTC_SW_CPU_RST),boot:0x8 (SPI_FAST_FLASH_BOOT)
Saved PC:0x40375c48
SPIWP:0xee
mode:DIO, clock div:1
load:0x3fce2810,len:0x15a0
load:0x403c8700,len:0x4
load:0x403c8704,len:0xd20
load:0x403cb700,len:0x2ee4
entry 0x403c8928
[0;32mI (31) boot: ESP-IDF HEAD-HASH-NOTFOUND 2nd stage bootloader[0m
[0;32mI (31) boot: compile time Apr 21 2025 15:45:26[0m
[0;32mI (31) boot: Multicore bootloader[0m
[0;32mI (32) boot: chip revision: v0.1[0m
[0;32mI (35) boot: efuse block revision: v1.2[0m
[0;32mI (39) boot.esp32s3: Boot SPI Speed : 80MHz[0m
[0;32mI (43) boot.esp32s3: SPI Mode       : DIO[0m
[0;32mI (46) boot.esp32s3: SPI Flash Size : 2MB[0m
[0;32mI (50) boot: Enabling RNG early entropy source...[0m
[0;32mI (55) boot: Partition Table:[0m
[0;32mI (57) boot: ## Label            Usage          Type ST Offset   Length[0m
[0;32mI (64) boot:  0 nvs              WiFi data        01 02 00009000 00006000[0m
[0;32mI (70) boot:  1 phy_init         RF data          01 01 0000f000 00001000[0m
[0;32mI (77) boot:  2 factory          factory app      00 00 00010000 00100000[0m
[0;32mI (83) boot: End of partition table[0m
[0;32mI (86) esp_image: segment 0: paddr=00010020 vaddr=3c050020 size=15aa4h ( 88740) map[0m
[0;32mI (110) esp_image: segment 1: paddr=00025acc vaddr=3fc96200 size=02ccch ( 11468) load[0m
[0;32mI (112) esp_image: segment 2: paddr=000287a0 vaddr=40374000 size=07878h ( 30840) load[0m
[0;32mI (120) esp_image: segment 3: paddr=00030020 vaddr=42000020 size=4b854h (309332) map[0m
[0;32mI (176) esp_image: segment 4: paddr=0007b87c vaddr=4037b878 size=0a950h ( 43344) load[0m
[0;32mI (185) esp_image: segment 5: paddr=000861d4 vaddr=600fe100 size=0001ch (    28) load[0m
[0;32mI (192) boot: Loaded app from partition at offset 0x10000[0m
[0;32mI (193) boot: Disabling RNG early entropy source...[0m
[0;32mI (203) cpu_start: Multicore app[0m
[0;32mI (212) cpu_start: Pro cpu start user code[0m
[0;32mI (212) cpu_start: cpu freq: 160000000 Hz[0m
[0;32mI (212) app_init: Application information:[0m
[0;32mI (212) app_init: Project name:     app-template[0m
[0;32mI (216) app_init: App version:      6d4ace7[0m
[0;32mI (220) app_init: Compile time:     Apr 25 2025 15:14:48[0m
[0;32mI (225) app_init: ELF file SHA256:  4f5360934...[0m
[0;32mI (230) app_init: ESP-IDF:          HEAD-HASH-NOTFOUND[0m
[0;32mI (235) efuse_init: Min chip rev:     v0.0[0m
[0;32mI (238) efuse_init: Max chip rev:     v0.99 [0m
[0;32mI (242) efuse_init: Chip rev:         v0.1[0m
[0;32mI (246) heap_init: Initializing. RAM available for dynamic allocation:[0m
[0;32mI (253) heap_init: At 3FC9B658 len 0004E0B8 (312 KiB): RAM[0m
[0;32mI (258) heap_init: At 3FCE9710 len 00005724 (21 KiB): RAM[0m
[0;32mI (263) heap_init: At 3FCF0000 len 00008000 (32 KiB): DRAM[0m
[0;32mI (268) heap_init: At 600FE11C len 00001ECC (7 KiB): RTCRAM[0m
[0;32mI (274) spi_flash: detected chip: gd[0m
[0;32mI (277) spi_flash: flash io: dio[0m
[0;33mW (280) spi_flash: Detected size(8192k) larger than the size in the binary image header(2048k). Using the size in the binary image header.[0m
[0;32mI (292) sleep_gpio: Configure to isolate all GPIO pins in sleep state[0m
[0;32mI (298) sleep_gpio: Enable automatic switching of GPIO sleep configuration[0m
[0;32mI (305) main_task: Started on CPU0[0m
[0;32mI (325) main_task: Calling app_main()[0m
ESP_ERROR_CHECK failed: esp_err_t 0x10a (ESP_ERR_INVALID_VERSION) at 0x4200ec37
file: "./main/main.c" line 1058
func: ethernet_config
expression: esp_eth_driver_install(&eth_config, &eth_handle)

abort() was called at PC 0x4037cad7 on core 0


Backtrace: 0x40375d09:0x3fc9ef40 0x4037cae1:0x3fc9ef60 0x403840f5:0x3fc9ef80 0x4037cad7:0x3fc9eff0 0x4200ec37:0x3fc9f020 0x4200eda6:0x3fc9f130 0x4204ab5b:0x3fc9f160 0x4037d579:0x3fc9f190




ELF file SHA256: 4f5360934

Rebooting...
ï¿½ï¿½ï¿½ESP-ROM:esp32s3-20210327
Build:Mar 27 2021
rst:0xc (RTC_SW_CPU_RST),boot:0x8 (SPI_FAST_FLASH_BOOT)
Saved PC:0x40375c48
SPIWP:0xee
mode:DIO, clock div:1
load:0x3fce2810,len:0x15a0
load:0x403c8700,len:0x4
load:0x403c8704,len:0xd20
load:0x403cb700,len:0x2ee4
entry 0x403c8928
[0;32mI (31) boot: ESP-IDF HEAD-HASH-NOTFOUND 2nd stage bootloader[0m
[0;32mI (31) boot: compile time Apr 21 2025 15:45:26[0m
[0;32mI (31) boot: Multicore bootloader[0m
[0;32mI (32) boot: chip revision: v0.1[0m
[0;32mI (35) boot: efuse block revision: v1.2[0m
[0;32mI (39) boot.esp32s3: Boot SPI Speed : 80MHz[0m
[0;32mI (43) boot.esp32s3: SPI Mode       : DIO[0m
[0;32mI (46) boot.esp32s3: SPI Flash Size : 2MB[0m
[0;32mI (50) boot: Enabling RNG early entropy source...[0m
[0;32mI (55) boot: Partition Table:[0m
[0;32mI (57) boot: ## Label            Usage          Type ST Offset   Length[0m
[0;32mI (64) boot:  0 nvs              WiFi data        01 02 00009000 00006000[0m
[0;32mI (70) boot:  1 phy_init         RF data          01 01 0000f000 00001000[0m
[0;32mI (77) boot:  2 factory          factory app      00 00 00010000 00100000[0m
[0;32mI (83) boot: End of partition table[0m
[0;32mI (86) esp_image: segment 0: paddr=00010020 vaddr=3c050020 size=15aa4h ( 88740) map[0m
[0;32mI (110) esp_image: segment 1: paddr=00025acc vaddr=3fc96200 size=02ccch ( 11468) load[0m
[0;32mI (112) esp_image: segment 2: paddr=000287a0 vaddr=40374000 size=07878h ( 30840) load[0m
[0;32mI (120) esp_image: segment 3: paddr=00030020 vaddr=42000020 size=4b854h (309332) map[0m
[0;32mI (176) esp_image: segment 4: paddr=0007b87c vaddr=4037b878 size=0a950h ( 43344) load[0m
[0;32mI (185) esp_image: segment 5: paddr=000861d4 vaddr=600fe100 size=0001ch (    28) load[0m
[0;32mI (192) boot: Loaded app from partition at offset 0x10000[0m
[0;32mI (193) boot: Disabling RNG early entropy source...[0m
[0;32mI (203) cpu_start: Multicore app[0m
[0;32mI (212) cpu_start: Pro cpu start user code[0m
[0;32mI (212) cpu_start: cpu freq: 160000000 Hz[0m
[0;32mI (212) app_init: Application information:[0m
[0;32mI (212) app_init: Project name:     app-template[0m
[0;32mI (216) app_init: App version:      6d4ace7[0m
[0;32mI (220) app_init: Compile time:     Apr 25 2025 15:14:48[0m
[0;32mI (225) app_init: ELF file SHA256:  4f5360934...[0m
[0;32mI (230) app_init: ESP-IDF:          HEAD-HASH-NOTFOUND[0m
[0;32mI (235) efuse_init: Min chip rev:     v0.0[0m
[0;32mI (238) efuse_init: Max chip rev:     v0.99 [0m
[0;32mI (242) efuse_init: Chip rev:         v0.1[0m
[0;32mI (246) heap_init: Initializing. RAM available for dynamic allocation:[0m
[0;32mI (253) heap_init: At 3FC9B658 len 0004E0B8 (312 KiB): RAM[0m
[0;32mI (258) heap_init: At 3FCE9710 len 00005724 (21 KiB): RAM[0m
[0;32mI (263) heap_init: At 3FCF0000 len 00008000 (32 KiB): DRAM[0m
[0;32mI (268) heap_init: At 600FE11C len 00001ECC (7 KiB): RTCRAM[0m
[0;32mI (274) spi_flash: detected chip: gd[0m
[0;32mI (277) spi_flash: flash io: dio[0m
[0;33mW (280) spi_flash: Detected size(8192k) larger than the size in the binary image header(2048k). Using the size in the binary image header.[0m
[0;32mI (292) sleep_gpio: Configure to isolate all GPIO pins in sleep state[0m
[0;32mI (298) sleep_gpio: Enable automatic switching of GPIO sleep configuration[0m
[0;32mI (305) main_task: Started on CPU0[0m
[0;32mI (325) main_task: Calling app_main()[0m
ESP_ERROR_CHECK failed: esp_err_t 0x10a (ESP_ERR_INVALID_VERSION) at 0x4200ec37
file: "./main/main.c" line 1058
func: ethernet_config
expression: esp_eth_driver_install(&eth_config, &eth_handle)

abort() was called at PC 0x4037cad7 on core 0


Backtrace: 0x40375d09:0x3fc9ef40 0x4037cae1:0x3fc9ef60 0x403840f5:0x3fc9ef80 0x4037cad7:0x3fc9eff0 0x4200ec37:0x3fc9f020 0x4200eda6:0x3fc9f130 0x4204ab5b:0x3fc9f160 0x4037d579:0x3fc9f190




ELF file SHA256: 4f5360934

Rebooting...
ï¿½ï¿½ï¿½ESP-ROM:esp32s3-20210327
Build:Mar 27 2021
rst:0xc (RTC_SW_CPU_RST),boot:0x8 (SPI_FAST_FLASH_BOOT)
Saved PC:0x40375c48
SPIWP:0xee
mode:DIO, clock div:1
load:0x3fce2810,len:0x15a0
load:0x403c8700,len:0x4
load:0x403c8704,len:0xd20
load:0x403cb700,len:0x2ee4
entry 0x403c8928
[0;32mI (31) boot: ESP-IDF HEAD-HASH-NOTFOUND 2nd stage bootloader[0m
[0;32mI (31) boot: compile time Apr 21 2025 15:45:26[0m
[0;32mI (31) boot: Multicore bootloader[0m
[0;32mI (32) boot: chip revision: v0.1[0m
[0;32mI (35) boot: efuse block revision: v1.2[0m
[0;32mI (39) boot.esp32s3: Boot SPI Speed : 80MHz[0m
[0;32mI (43) boot.esp32s3: SPI Mode       : DIO[0m
[0;32mI (46) boot.esp32s3: SPI Flash Size : 2MB[0m
[0;32mI (50) boot: Enabling RNG early entropy source...[0m
[0;32mI (55) boot: Partition Table:[0m
[0;32mI (57) boot: ## Label            Usage          Type ST Offset   Length[0m
[0;32mI (64) boot:  0 nvs              WiFi data        01 02 00009000 00006000[0m
[0;32mI (70) boot:  1 phy_init         RF data          01 01 0000f000 00001000[0m
[0;32mI (77) boot:  2 factory          factory app      00 00 00010000 00100000[0m
[0;32mI (83) boot: End of partition table[0m
[0;32mI (86) esp_image: segment 0: paddr=00010020 vaddr=3c050020 size=15aa4h ( 88740) map[0m
[0;32mI (110) esp_image: segment 1: paddr=00025acc vaddr=3fc96200 size=02ccch ( 11468) load[0m
[0;32mI (112) esp_image: segment 2: paddr=000287a0 vaddr=40374000 size=07878h ( 30840) load[0m
[0;32mI (120) esp_image: segment 3: paddr=00030020 vaddr=42000020 size=4b854h (309332) map[0m
[0;32mI (176) esp_image: segment 4: paddr=0007b87c vaddr=4037b878 size=0a950h ( 43344) load[0m
[0;32mI (185) esp_image: segment 5: paddr=000861d4 vaddr=600fe100 size=0001ch (    28) load[0m
[0;32mI (192) boot: Loaded app from partition at offset 0x10000[0m
[0;32mI (193) boot: Disabling RNG early entropy source...[0m
[0;32mI (203) cpu_start: Multicore app[0m
[0;32mI (212) cpu_start: Pro cpu start user code[0m
[0;32mI (212) cpu_start: cpu freq: 160000000 Hz[0m
[0;32mI (212) app_init: Application information:[0m
[0;32mI (212) app_init: Project name:     app-template[0m
[0;32mI (216) app_init: App version:      6d4ace7[0m
[0;32mI (220) app_init: Compile time:     Apr 25 2025 15:14:48[0m
[0;32mI (225) app_init: ELF file SHA256:  4f5360934...[0m
[0;32mI (230) app_init: ESP-IDF:          HEAD-HASH-NOTFOUND[0m
[0;32mI (235) efuse_init: Min chip rev:     v0.0[0m
[0;32mI (238) efuse_init: Max chip rev:     v0.99 [0m
[0;32mI (242) efuse_init: Chip rev:         v0.1[0m
[0;32mI (246) heap_init: Initializing. RAM available for dynamic allocation:[0m
[0;32mI (253) heap_init: At 3FC9B658 len 0004E0B8 (312 KiB): RAM[0m
[0;32mI (258) heap_init: At 3FCE9710 len 00005724 (21 KiB): RAM[0m
[0;32mI (263) heap_init: At 3FCF0000 len 00008000 (32 KiB): DRAM[0m
[0;32mI (268) heap_init: At 600FE11C len 00001ECC (7 KiB): RTCRAM[0m
[0;32mI (274) spi_flash: detected chip: gd[0m
[0;32mI (277) spi_flash: flash io: dio[0m
[0;33mW (280) spi_flash: Detected size(8192k) larger than the size in the binary image header(2048k). Using the size in the binary image header.[0m
[0;32mI (292) sleep_gpio: Configure to isolate all GPIO pins in sleep state[0m
[0;32mI (298) sleep_gpio: Enable automatic switching of GPIO sleep configuration[0m
[0;32mI (305) main_task: Started on CPU0[0m
[0;32mI (325) main_task: Calling app_main()[0m
ESP_ERROR_CHECK failed: esp_err_t 0x10a (ESP_ERR_INVALID_VERSION) at 0x4200ec37
file: "./main/main.c" line 1058
func: ethernet_config
expression: esp_eth_driver_install(&eth_config, &eth_handle)

abort() was called at PC 0x4037cad7 on core 0


Backtrace: 0x40375d09:0x3fc9ef40 0x4037cae1:0x3fc9ef60 0x403840f5:0x3fc9ef80 0x4037cad7:0x3fc9eff0 0x4200ec37:0x3fc9f020 0x4200eda6:0x3fc9f130 0x4204ab5b:0x3fc9f160 0x4037d579:0x3fc9f190




ELF file SHA256: 4f5360934

Rebooting...
ï¿½ï¿½ï¿½ESP-ROM:esp32s3-20210327
Build:Mar 27 2021
rst:0xc (RTC_SW_CPU_RST),boot:0x8 (SPI_FAST_FLASH_BOOT)
Saved PC:0x40375c48
SPIWP:0xee
mode:DIO, clock div:1
load:0x3fce2810,len:0x15a0
load:0x403c8700,len:0x4
load:0x403c8704,len:0xd20
load:0x403cb700,len:0x2ee4
entry 0x403c8928
[0;32mI (31) boot: ESP-IDF HEAD-HASH-NOTFOUND 2nd stage bootloader[0m
[0;32mI (31) boot: compile time Apr 21 2025 15:45:26[0m
[0;32mI (31) boot: Multicore bootloader[0m
[0;32mI (32) boot: chip revision: v0.1[0m
[0;32mI (35) boot: efuse block revision: v1.2[0m
[0;32mI (39) boot.esp32s3: Boot SPI Speed : 80MHz[0m
[0;32mI (43) boot.esp32s3: SPI Mode       : DIO[0m
[0;32mI (46) boot.esp32s3: SPI Flash Size : 2MB[0m
[0;32mI (50) boot: Enabling RNG early entropy source...[0m
[0;32mI (55) boot: Partition Table:[0m
[0;32mI (57) boot: ## Label            Usage          Type ST Offset   Length[0m
[0;32mI (64) boot:  0 nvs              WiFi data        01 02 00009000 00006000[0m
[0;32mI (70) boot:  1 phy_init         RF data          01 01 0000f000 00001000[0m
[0;32mI (77) boot:  2 factory          factory app      00 00 00010000 00100000[0m
[0;32mI (83) boot: End of partition table[0m
[0;32mI (86) esp_image: segment 0: paddr=00010020 vaddr=3c050020 size=15aa4h ( 88740) map[0m
[0;32mI (110) esp_image: segment 1: paddr=00025acc vaddr=3fc96200 size=02ccch ( 11468) load[0m
[0;32mI (112) esp_image: segment 2: paddr=000287a0 vaddr=40374000 size=07878h ( 30840) load[0m
[0;32mI (120) esp_image: segment 3: paddr=00030020 vaddr=42000020 size=4b854h (309332) map[0m
[0;32mI (176) esp_image: segment 4: paddr=0007b87c vaddr=4037b878 size=0a950h ( 43344) load[0m
[0;32mI (185) esp_image: segment 5: paddr=000861d4 vaddr=600fe100 size=0001ch (    28) load[0m
[0;32mI (192) boot: Loaded app from partition at offset 0x10000[0m
[0;32mI (193) boot: Disabling RNG early entropy source...[0m
[0;32mI (203) cpu_start: Multicore app[0m
[0;32mI (212) cpu_start: Pro cpu start user code[0m
[0;32mI (212) cpu_start: cpu freq: 160000000 Hz[0m
[0;32mI (212) app_init: Application information:[0m
[0;32mI (212) app_init: Project name:     app-template[0m
[0;32mI (216) app_init: App version:      6d4ace7[0m
[0;32mI (220) app_init: Compile time:     Apr 25 2025 15:14:48[0m
[0;32mI (225) app_init: ELF file SHA256:  4f5360934...[0m
[0;32mI (230) app_init: ESP-IDF:          HEAD-HASH-NOTFOUND[0m
[0;32mI (235) efuse_init: Min chip rev:     v0.0[0m
[0;32mI (238) efuse_init: Max chip rev:     v0.99 [0m
[0;32mI (242) efuse_init: Chip rev:         v0.1[0m
[0;32mI (246) heap_init: Initializing. RAM available for dynamic allocation:[0m
[0;32mI (253) heap_init: At 3FC9B658 len 0004E0B8 (312 KiB): RAM[0m
[0;32mI (258) heap_init: At 3FCE9710 len 00005724 (21 KiB): RAM[0m
[0;32mI (263) heap_init: At 3FCF0000 len 00008000 (32 KiB): DRAM[0m
[0;32mI (268) heap_init: At 600FE11C len 00001ECC (7 KiB): RTCRAM[0m
[0;32mI (274) spi_flash: detected chip: gd[0m
[0;32mI (277) spi_flash: flash io: dio[0m
[0;33mW (280) spi_flash: Detected size(8192k) larger than the size in the binary image header(2048k). Using the size in the binary image header.[0m
[0;32mI (292) sleep_gpio: Configure to isolate all GPIO pins in sleep state[0m
[0;32mI (298) sleep_gpio: Enable automatic switching of GPIO sleep configuration[0m
[0;32mI (305) main_task: Started on CPU0[0m
[0;32mI (325) main_task: Calling app_main()[0m
ESP_ERROR_CHECK failed: esp_err_t 0x10a (ESP_ERR_INVALID_VERSION) at 0x4200ec37
file: "./main/main.c" line 1058
func: ethernet_config
expression: esp_eth_driver_install(&eth_config, &eth_handle)

abort() was called at PC 0x4037cad7 on core 0


Backtrace: 0x40375d09:0x3fc9ef40 0x4037cae1:0x3fc9ef60 0x403840f5:0x3fc9ef80 0x4037cad7:0x3fc9eff0 0x4200ec37:0x3fc9f020 0x4200eda6:0x3fc9f130 0x4204ab5b:0x3fc9f160 0x4037d579:0x3fc9f190




ELF file SHA256: 4f5360934

Rebooting...
ï¿½ï¿½ï¿½ESP-ROM:esp32s3-20210327
Build:Mar 27 2021
rst:0xc (RTC_SW_CPU_RST),boot:0x8 (SPI_FAST_FLASH_BOOT)
Saved PC:0x40375c48
SPIWP:0xee
mode:DIO, clock div:1
load:0x3fce2810,len:0x15a0
load:0x403c8700,len:0x4
load:0x403c8704,len:0xd20
load:0x403cb700,len:0x2ee4
entry 0x403c8928
[0;32mI (31) boot: ESP-IDF HEAD-HASH-NOTFOUND 2nd stage bootloader[0m
[0;32mI (31) boot: compile time Apr 21 2025 15:45:26[0m
[0;32mI (31) boot: Multicore bootloader[0m
[0;32mI (32) boot: chip revision: v0.1[0m
[0;32mI (35) boot: efuse block revision: v1.2[0m
[0;32mI (39) boot.esp32s3: Boot SPI Speed : 80MHz[0m
[0;32mI (43) boot.esp32s3: SPI Mode       : DIO[0m
I (46) boot.esp32s3: SPI Flash Size : 2MB
[0;32mI (50) boot: Enabling RNG early entropy source...[0m
[0;32mI (55) boot: Partition Table:[0m
[0;32mI (57) boot: ## Label            Usage          Type ST Offset   Length[0m
[0;32mI (64) boot:  0 nvs              WiFi data        01 02 00009000 00006000[0m
[0;32mI (70) boot:  1 phy_init         RF data          01 01 0000f000 00001000[0m
[0;32mI (77) boot:  2 factory          factory app      00 00 00010000 00100000[0m
[0;32mI (83) boot: End of partition table[0m
[0;32mI (86) esp_image: segment 0: paddr=00010020 vaddr=3c050020 size=15aa4h ( 88740) map[0m
[0;32mI (110) esp_image: segment 1: paddr=00025acc vaddr=3fc96200 size=02ccch ( 11468) load[0m
[0;32mI (112) esp_image: segment 2: paddr=000287a0 vaddr=40374000 size=07878h ( 30840) load[0m
[0;32mI (120) esp_image: segment 3: paddr=00030020 vaddr=42000020 size=4b854h (309332) map[0m
[0;32mI (176) esp_image: segment 4: paddr=0007b87c vaddr=4037b878 size=0a950h ( 43344) load[0m
[0;32mI (185) esp_image: segment 5: paddr=000861d4 vaddr=600fe100 size=0001ch (    28) load[0m
[0;32mI (192) boot: Loaded app from partition at offset 0x10000[0m
[0;32mI (193) boot: Disabling RNG early entropy source...[0m
[0;32mI (203) cpu_start: Multicore app[0m
[0;32mI (212) cpu_start: Pro cpu start user code[0m
[0;32mI (212) cpu_start: cpu freq: 160000000 Hz[0m
[0;32mI (212) app_init: Application information:[0m
[0;32mI (212) app_init: Project name:     app-template[0m
[0;32mI (216) app_init: App version:      6d4ace7[0m
[0;32mI (220) app_init: Compile time:     Apr 25 2025 15:14:48[0m
[0;32mI (225) app_init: ELF file SHA256:  4f5360934...[0m
[0;32mI (230) app_init: ESP-IDF:          HEAD-HASH-NOTFOUND[0m
[0;32mI (235) efuse_init: Min chip rev:     v0.0[0m
[0;32mI (238) efuse_init: Max chip rev:     v0.99 [0m
[0;32mI (242) efuse_init: Chip rev:         v0.1[0m
[0;32mI (246) heap_init: Initializing. RAM available for dynamic allocation:[0m
[0;32mI (253) heap_init: At 3FC9B658 len 0004E0B8 (312 KiB): RAM[0m
[0;32mI (258) heap_init: At 3FCE9710 len 00005724 (21 KiB): RAM[0m
[0;32mI (263) heap_init: At 3FCF0000 len 00008000 (32 KiB): DRAM[0m
[0;32mI (268) heap_init: At 600FE11C len 00001ECC (7 KiB): RTCRAM[0m
[0;32mI (274) spi_flash: detected chip: gd[0m
[0;32mI (277) spi_flash: flash io: dio[0m
[0;33mW (280) spi_flash: Detected size(8192k) larger than the size in the binary image header(2048k). Using the size in the binary image header.[0m
[0;32mI (292) sleep_gpio: Configure to isolate all GPIO pins in sleep state[0m
[0;32mI (298) sleep_gpio: Enable automatic switching of GPIO sleep configuration[0m
[0;32mI (305) main_task: Started on CPU0[0m
[0;32mI (325) main_task: Calling app_main()[0m
ESP_ERROR_CHECK failed: esp_err_t 0x10a (ESP_ERR_INVALID_VERSION) at 0x4200ec37
file: "./main/main.c" line 1058
func: ethernet_config
expression: esp_eth_driver_install(&eth_config, &eth_handle)

abort() was called at PC 0x4037cad7 on core 0


Backtrace: 0x40375d09:0x3fc9ef40 0x4037cae1:0x3fc9ef60 0x403840f5:0x3fc9ef80 0x4037cad7:0x3fc9eff0 0x4200ec37:0x3fc9f020 0x4200eda6:0x3fc9f130 0x4204ab5b:0x3fc9f160 0x4037d579:0x3fc9f190




ELF file SHA256: 4f5360934

Rebooting...
ï¿½ï¿½ï¿½ESP-ROM:esp32s3-20210327
Build:Mar 27 2021
rst:0xc (RTC_SW_CPU_RST),boot:0x8 (SPI_FAST_FLASH_BOOT)
Saved PC:0x40375c48
SPIWP:0xee
mode:DIO, clock div:1
load:0x3fce2810,len:0x15a0
load:0x403c8700,len:0x4
load:0x403c8704,len:0xd20
load:0x403cb700,len:0x2ee4
entry 0x403c8928
[0;32mI (31) boot: ESP-IDF HEAD-HASH-NOTFOUND 2nd stage bootloader[0m
[0;32mI (31) boot: compile time Apr 21 2025 15:45:26[0m
[0;32mI (31) boot: Multicore bootloader[0m
[0;32mI (32) boot: chip revision: v0.1[0m
[0;32mI (35) boot: efuse block revision: v1.2[0m
[0;32mI (39) boot.esp32s3: Boot SPI Speed : 80MHz[0m
[0;32mI (43) boot.esp32s3: SPI Mode       : DIO[0m
[0;32mI (46) boot.esp32s3: SPI Flash Size : 2MB[0m
[0;32mI (50) boot: Enabling RNG early entropy source...[0m
[0;32mI (55) boot: Partition Table:[0m
[0;32mI (57) boot: ## Label            Usage          Type ST Offset   Length[0m
[0;32mI (64) boot:  0 nvs              WiFi data        01 02 00009000 00006000[0m
[0;32mI (70) boot:  1 phy_init         RF data          01 01 0000f000 00001000[0m
[0;32mI (77) boot:  2 factory          factory app      00 00 00010000 00100000[0m
[0;32mI (83) boot: End of partition table[0m
[0;32mI (86) esp_image: segment 0: paddr=00010020 vaddr=3c050020 size=15aa4h ( 88740) map[0m
[0;32mI (110) esp_image: segment 1: paddr=00025acc vaddr=3fc96200 size=02ccch ( 11468) load[0m
[0;32mI (112) esp_image: segment 2: paddr=000287a0 vaddr=40374000 size=07878h ( 30840) load[0m
[0;32mI (120) esp_image: segment 3: paddr=00030020 vaddr=42000020 size=4b854h (309332) map[0m
[0;32mI (176) esp_image: segment 4: paddr=0007b87c vaddr=4037b878 size=0a950h ( 43344) load[0m
[0;32mI (185) esp_image: segment 5: paddr=000861d4 vaddr=600fe100 size=0001ch (    28) load[0m
[0;32mI (192) boot: Loaded app from partition at offset 0x10000[0m
[0;32mI (193) boot: Disabling RNG early entropy source...[0m
[0;32mI (203) cpu_start: Multicore app[0m
[0;32mI (212) cpu_start: Pro cpu start user code[0m
[0;32mI (212) cpu_start: cpu freq: 160000000 Hz[0m
[0;32mI (212) app_init: Application information:[0m
[0;32mI (212) app_init: Project name:     app-template[0m
[0;32mI (216) app_init: App version:      6d4ace7[0m
[0;32mI (220) app_init: Compile time:     Apr 25 2025 15:14:48[0m
[0;32mI (225) app_init: ELF file SHA256:  4f5360934...[0m
[0;32mI (230) app_init: ESP-IDF:          HEAD-HASH-NOTFOUND[0m
[0;32mI (235) efuse_init: Min chip rev:     v0.0[0m
[0;32mI (238) efuse_init: Max chip rev:     v0.99 [0m
[0;32mI (242) efuse_init: Chip rev:         v0.1[0m
[0;32mI (246) heap_init: Initializing. RAM available for dynamic allocation:[0m
[0;32mI (253) heap_init: At 3FC9B658 len 0004E0B8 (312 KiB): RAM[0m
[0;32mI (258) heap_init: At 3FCE9710 len 00005724 (21 KiB): RAM[0m
[0;32mI (263) heap_init: At 3FCF0000 len 00008000 (32 KiB): DRAM[0m
[0;32mI (268) heap_init: At 600FE11C len 00001ECC (7 KiB): RTCRAM[0m
[0;32mI (274) spi_flash: detected chip: gd[0m
[0;32mI (277) spi_flash: flash io: dio[0m
[0;33mW (280) spi_flash: Detected size(8192k) larger than the size in the binary image header(2048k). Using the size in the binary image header.[0m
[0;32mI (292) sleep_gpio: Configure to isolate all GPIO pins in sleep state[0m
[0;32mI (298) sleep_gpio: Enable automatic switching of GPIO sleep configuration[0m
[0;32mI (305) main_task: Started on CPU0[0m
[0;32mI (325) main_task: Calling app_main()[0m
ESP_ERROR_CHECK failed: esp_err_t 0x10a (ESP_ERR_INVALID_VERSION) at 0x4200ec37
file: "./main/main.c" line 1058
func: ethernet_config
expression: esp_eth_driver_install(&eth_config, &eth_handle)

abort() was called at PC 0x4037cad7 on core 0


Backtrace: 0x40375d09:0x3fc9ef40 0x4037cae1:0x3fc9ef60 0x403840f5:0x3fc9ef80 0x4037cad7:0x3fc9eff0 0x4200ec37:0x3fc9f020 0x4200eda6:0x3fc9f130 0x4204ab5b:0x3fc9f160 0x4037d579:0x3fc9f190




ELF file SHA256: 4f5360934

Rebooting...
ï¿½ï¿½ï¿½ESP-ROM:esp32s3-20210327
Build:Mar 27 2021
rst:0xc (RTC_SW_CPU_RST),boot:0x8 (SPI_FAST_FLASH_BOOT)
Saved PC:0x40375c48
SPIWP:0xee
mode:DIO, clock div:1
load:0x3fce2810,len:0x15a0
load:0x403c8700,len:0x4
load:0x403c8704,len:0xd20
load:0x403cb700,len:0x2ee4
entry 0x403c8928
[0;32mI (31) boot: ESP-IDF HEAD-HASH-NOTFOUND 2nd stage bootloader[0m
[0;32mI (31) boot: compile time Apr 21 2025 15:45:26[0m
[0;32mI (31) boot: Multicore bootloader[0m
[0;32mI (32) boot: chip revision: v0.1[0m
[0;32mI (35) boot: efuse block revision: v1.2[0m
[0;32mI (39) boot.esp32s3: Boot SPI Speed : 80MHz[0m
[0;32mI (43) boot.esp32s3: SPI Mode       : DIO[0m
[0;32mI (46) boot.esp32s3: SPI Flash Size : 2MB[0m
[0;32mI (50) boot: Enabling RNG early entropy source...[0m
[0;32mI (55) boot: Partition Table:[0m
[0;32mI (57) boot: ## Label            Usage          Type ST Offset   Length[0m
[0;32mI (64) boot:  0 nvs              WiFi data        01 02 00009000 00006000[0m
[0;32mI (70) boot:  1 phy_init         RF data          01 01 0000f000 00001000[0m
[0;32mI (77) boot:  2 factory          factory app      00 00 00010000 00100000[0m
[0;32mI (83) boot: End of partition table[0m
[0;32mI (86) esp_image: segment 0: paddr=00010020 vaddr=3c050020 size=15aa4h ( 88740) map[0m
[0;32mI (110) esp_image: segment 1: paddr=00025acc vaddr=3fc96200 size=02ccch ( 11468) load[0m
[0;32mI (112) esp_image: segment 2: paddr=000287a0 vaddr=40374000 size=07878h ( 30840) load[0m
[0;32mI (120) esp_image: segment 3: paddr=00030020 vaddr=42000020 size=4b854h (309332) map[0m
[0;32mI (176) esp_image: segment 4: paddr=0007b87c vaddr=4037b878 size=0a950h ( 43344) load[0m
[0;32mI (185) esp_image: segment 5: paddr=000861d4 vaddr=600fe100 size=0001ch (    28) load[0m
[0;32mI (192) boot: Loaded app from partition at offset 0x10000[0m
[0;32mI (193) boot: Disabling RNG early entropy source...[0m
[0;32mI (203) cpu_start: Multicore app[0m
[0;32mI (212) cpu_start: Pro cpu start user code[0m
[0;32mI (212) cpu_start: cpu freq: 160000000 Hz[0m
[0;32mI (212) app_init: Application information:[0m
[0;32mI (212) app_init: Project name:     app-template[0m
[0;32mI (216) app_init: App version:      6d4ace7[0m
[0;32mI (220) app_init: Compile time:     Apr 25 2025 15:14:48[0m
[0;32mI (225) app_init: ELF file SHA256:  4f5360934...[0m
[0;32mI (230) app_init: ESP-IDF:          HEAD-HASH-NOTFOUND[0m
[0;32mI (235) efuse_init: Min chip rev:     v0.0[0m
[0;32mI (238) efuse_init: Max chip rev:     v0.99 [0m
[0;32mI (242) efuse_init: Chip rev:         v0.1[0m
[0;32mI (246) heap_init: Initializing. RAM available for dynamic allocation:[0m
[0;32mI (253) heap_init: At 3FC9B658 len 0004E0B8 (312 KiB): RAM[0m
[0;32mI (258) heap_init: At 3FCE9710 len 00005724 (21 KiB): RAM[0m
[0;32mI (263) heap_init: At 3FCF0000 len 00008000 (32 KiB): DRAM[0m
[0;32mI (268) heap_init: At 600FE11C len 00001ECC (7 KiB): RTCRAM[0m
[0;32mI (274) spi_flash: detected chip: gd[0m
[0;32mI (277) spi_flash: flash io: dio[0m
[0;33mW (280) spi_flash: Detected size(8192k) larger than the size in the binary image header(2048k). Using the size in the binary image header.[0m
[0;32mI (292) sleep_gpio: Configure to isolate all GPIO pins in sleep state[0m
[0;32mI (298) sleep_gpio: Enable automatic switching of GPIO sleep configuration[0m
[0;32mI (305) main_task: Started on CPU0[0m
[0;32mI (325) main_task: Calling app_main()[0m
ESP_ERROR_CHECK failed: esp_err_t 0x10a (ESP_ERR_INVALID_VERSION) at 0x4200ec37
file: "./main/main.c" line 1058
func: ethernet_config
expression: esp_eth_driver_install(&eth_config, &eth_handle)

abort() was called at PC 0x4037cad7 on core 0


Backtrace: 0x40375d09:0x3fc9ef40 0x4037cae1:0x3fc9ef60 0x403840f5:0x3fc9ef80 0x4037cad7:0x3fc9eff0 0x4200ec37:0x3fc9f020 0x4200eda6:0x3fc9f130 0x4204ab5b:0x3fc9f160 0x4037d579:0x3fc9f190




ELF file SHA256: 4f5360934

Rebooting...
ï¿½ï¿½ï¿½ESP-ROM:esp32s3-20210327
Build:Mar 27 2021
rst:0xc (RTC_SW_CPU_RST),boot:0x8 (SPI_FAST_FLASH_BOOT)
Saved PC:0x40375c48
SPIWP:0xee
mode:DIO, clock div:1
load:0x3fce2810,len:0x15a0
load:0x403c8700,len:0x4
load:0x403c8704,len:0xd20
load:0x403cb700,len:0x2ee4
entry 0x403c8928
[0;32mI (31) boot: ESP-IDF HEAD-HASH-NOTFOUND 2nd stage bootloader[0m
[0;32mI (31) boot: compile time Apr 21 2025 15:45:26[0m
[0;32mI (31) boot: Multicore bootloader[0m
[0;32mI (32) boot: chip revision: v0.1[0m
[0;32mI (35) boot: efuse block revision: v1.2[0m
[0;32mI (39) boot.esp32s3: Boot SPI Speed : 80MHz[0m
[0;32mI (43) boot.esp32s3: SPI Mode       : DIO[0m
[0;32mI (46) boot.esp32s3: SPI Flash Size : 2MB[0m
[0;32mI (50) boot: Enabling RNG early entropy source...[0m
[0;32mI (55) boot: Partition Table:[0m
[0;32mI (57) boot: ## Label            Usage          Type ST Offset   Length[0m
[0;32mI (64) boot:  0 nvs              WiFi data        01 02 00009000 00006000[0m
[0;32mI (70) boot:  1 phy_init         RF data          01 01 0000f000 00001000[0m
[0;32mI (77) boot:  2 factory          factory app      00 00 00010000 00100000[0m
[0;32mI (83) boot: End of partition table[0m
[0;32mI (86) esp_image: segment 0: paddr=00010020 vaddr=3c050020 size=15aa4h ( 88740) map[0m
[0;32mI (110) esp_image: segment 1: paddr=00025acc vaddr=3fc96200 size=02ccch ( 11468) load[0m
[0;32mI (112) esp_image: segment 2: paddr=000287a0 vaddr=40374000 size=07878h ( 30840) load[0m
[0;32mI (120) esp_image: segment 3: paddr=00030020 vaddr=42000020 size=4b854h (309332) map[0m
[0;32mI (176) esp_image: segment 4: paddr=0007b87c vaddr=4037b878 size=0a950h ( 43344) load[0m
[0;32mI (185) esp_image: segment 5: paddr=000861d4 vaddr=600fe100 size=0001ch (    28) load[0m
[0;32mI (192) boot: Loaded app from partition at offset 0x10000[0m
[0;32mI (193) boot: Disabling RNG early entropy source...[0m
[0;32mI (203) cpu_start: Multicore app[0m
[0;32mI (212) cpu_start: Pro cpu start user code[0m
[0;32mI (212) cpu_start: cpu freq: 160000000 Hz[0m
[0;32mI (212) app_init: Application information:[0m
[0;32mI (212) app_init: Project name:     app-template[0m
[0;32mI (216) app_init: App version:      6d4ace7[0m
[0;32mI (220) app_init: Compile time:     Apr 25 2025 15:14:48[0m
[0;32mI (225) app_init: ELF file SHA256:  4f5360934...[0m
[0;32mI (230) app_init: ESP-IDF:          HEAD-HASH-NOTFOUND[0m
[0;32mI (235) efuse_init: Min chip rev:     v0.0[0m
[0;32mI (238) efuse_init: Max chip rev:     v0.99 [0m
[0;32mI (242) efuse_init: Chip rev:         v0.1[0m
[0;32mI (246) heap_init: Initializing. RAM available for dynamic allocation:[0m
[0;32mI (253) heap_init: At 3FC9B658 len 0004E0B8 (312 KiB): RAM[0m
[0;32mI (258) heap_init: At 3FCE9710 len 00005724 (21 KiB): RAM[0m
[0;32mI (263) heap_init: At 3FCF0000 len 00008000 (32 KiB): DRAM[0m
[0;32mI (268) heap_init: At 600FE11C len 00001ECC (7 KiB): RTCRAM[0m
[0;32mI (274) spi_flash: detected chip: gd[0m
[0;32mI (277) spi_flash: flash io: dio[0m
[0;33mW (280) spi_flash: Detected size(8192k) larger than the size in the binary image header(2048k). Using the size in the binary image header.[0m
[0;32mI (292) sleep_gpio: Configure to isolate all GPIO pins in sleep state[0m
[0;32mI (298) sleep_gpio: Enable automatic switching of GPIO sleep configuration[0m
[0;32mI (305) main_task: Started on CPU0[0m
[0;32mI (325) main_task: Calling app_main()[0m
ESP_ERROR_CHECK failed: esp_err_t 0x10a (ESP_ERR_INVALID_VERSION) at 0x4200ec37
file: "./main/main.c" line 1058
func: ethernet_config
expression: esp_eth_driver_install(&eth_config, &eth_handle)

abort() was called at PC 0x4037cad7 on core 0


Backtrace: 0x40375d09:0x3fc9ef40 0x4037cae1:0x3fc9ef60 0x403840f5:0x3fc9ef80 0x4037cad7:0x3fc9eff0 0x4200ec37:0x3fc9f020 0x4200eda6:0x3fc9f130 0x4204ab5b:0x3fc9f160 0x4037d579:0x3fc9f190




ELF file SHA256: 4f5360934

Rebooting...
ï¿½ï¿½ï¿½ESP-ROM:esp32s3-20210327
Build:Mar 27 2021
rst:0xc (RTC_SW_CPU_RST),boot:0x8 (SPI_FAST_FLASH_BOOT)
Saved PC:0x40375c48
SPIWP:0xee
mode:DIO, clock div:1
load:0x3fce2810,len:0x15a0
load:0x403c8700,len:0x4
load:0x403c8704,len:0xd20
load:0x403cb700,len:0x2ee4
entry 0x403c8928
[0;32mI (31) boot: ESP-IDF HEAD-HASH-NOTFOUND 2nd stage bootloader[0m
[0;32mI (31) boot: compile time Apr 21 2025 15:45:26[0m
[0;32mI (31) boot: Multicore bootloader[0m
[0;32mI (32) boot: chip revision: v0.1[0m
[0;32mI (35) boot: efuse block revision: v1.2[0m
[0;32mI (39) boot.esp32s3: Boot SPI Speed : 80MHz[0m
[0;32mI (43) boot.esp32s3: SPI Mode       : DIO[0m
[0;32mI (46) boot.esp32s3: SPI Flash Size : 2MB[0m
[0;32mI (50) boot: Enabling RNG early entropy source...[0m
[0;32mI (55) boot: Partition Table:[0m
[0;32mI (57) boot: ## Label            Usage          Type ST Offset   Length[0m
[0;32mI (64) boot:  0 nvs              WiFi data        01 02 00009000 00006000[0m
[0;32mI (70) boot:  1 phy_init         RF data          01 01 0000f000 00001000[0m
[0;32mI (77) boot:  2 factory          factory app      00 00 00010000 00100000[0m
[0;32mI (83) boot: End of partition table[0m
[0;32mI (86) esp_image: segment 0: paddr=00010020 vaddr=3c050020 size=15aa4h ( 88740) map[0m
[0;32mI (110) esp_image: segment 1: paddr=00025acc vaddr=3fc96200 size=02ccch ( 11468) load[0m
[0;32mI (112) esp_image: segment 2: paddr=000287a0 vaddr=40374000 size=07878h ( 30840) load[0m
[0;32mI (120) esp_image: segment 3: paddr=00030020 vaddr=42000020 size=4b854h (309332) map[0m
[0;32mI (176) esp_image: segment 4: paddr=0007b87c vaddr=4037b878 size=0a950h ( 43344) load[0m
[0;32mI (185) esp_image: segment 5: paddr=000861d4 vaddr=600fe100 size=0001ch (    28) load[0m
[0;32mI (192) boot: Loaded app from partition at offset 0x10000[0m
[0;32mI (193) boot: Disabling RNG early entropy source...[0m
[0;32mI (203) cpu_start: Multicore app[0m
[0;32mI (212) cpu_start: Pro cpu start user code[0m
[0;32mI (212) cpu_start: cpu freq: 160000000 Hz[0m
[0;32mI (212) app_init: Application information:[0m
[0;32mI (212) app_init: Project name:     app-template[0m
[0;32mI (216) app_init: App version:      6d4ace7[0m
[0;32mI (220) app_init: Compile time:     Apr 25 2025 15:14:48[0m
[0;32mI (225) app_init: ELF file SHA256:  4f5360934...[0m
[0;32mI (230) app_init: ESP-IDF:          HEAD-HASH-NOTFOUND[0m
[0;32mI (235) efuse_init: Min chip rev:     v0.0[0m
[0;32mI (238) efuse_init: Max chip rev:     v0.99 [0m
[0;32mI (242) efuse_init: Chip rev:         v0.1[0m
[0;32mI (246) heap_init: Initializing. RAM available for dynamic allocation:[0m
[0;32mI (253) heap_init: At 3FC9B658 len 0004E0B8 (312 KiB): RAM[0m
[0;32mI (258) heap_init: At 3FCE9710 len 00005724 (21 KiB): RAM[0m
[0;32mI (263) heap_init: At 3FCF0000 len 00008000 (32 KiB): DRAM[0m
[0;32mI (268) heap_init: At 600FE11C len 00001ECC (7 KiB): RTCRAM[0m
[0;32mI (274) spi_flash: detected chip: gd[0m
[0;32mI (277) spi_flash: flash io: dio[0m
[0;33mW (280) spi_flash: Detected size(8192k) larger than the size in the binary image header(2048k). Using the size in the binary image header.[0m
[0;32mI (292) sleep_gpio: Configure to isolate all GPIO pins in sleep state[0m
[0;32mI (298) sleep_gpio: Enable automatic switching of GPIO sleep configuration[0m
[0;32mI (305) main_task: Started on CPU0[0m
[0;32mI (325) main_task: Calling app_main()[0m
ESP_ERROR_CHECK failed: esp_err_t 0x10a (ESP_ERR_INVALID_VERSION) at 0x4200ec37
file: "./main/main.c" line 1058
func: ethernet_config
expression: esp_eth_driver_install(&eth_config, &eth_handle)

abort() was called at PC 0x4037cad7 on core 0


Backtrace: 0x40375d09:0x3fc9ef40 0x4037cae1:0x3fc9ef60 0x403840f5:0x3fc9ef80 0x4037cad7:0x3fc9eff0 0x4200ec37:0x3fc9f020 0x4200eda6:0x3fc9f130 0x4204ab5b:0x3fc9f160 0x4037d579:0x3fc9f190




ELF file SHA256: 4f5360934

Rebooting...
ï¿½ï¿½ï¿½ESP-ROM:esp32s3-20210327
Build:Mar 27 2021
rst:0xc (RTC_SW_CPU_RST),boot:0x8 (SPI_FAST_FLASH_BOOT)
Saved PC:0x40375c48
SPIWP:0xee
mode:DIO, clock div:1
load:0x3fce2810,len:0x15a0
load:0x403c8700,len:0x4
load:0x403c8704,len:0xd20
load:0x403cb700,len:0x2ee4
entry 0x403c8928
[0;32mI (31) boot: ESP-IDF HEAD-HASH-NOTFOUND 2nd stage bootloader[0m
[0;32mI (31) boot: compile time Apr 21 2025 15:45:26[0m
[0;32mI (31) boot: Multicore bootloader[0m
[0;32mI (32) boot: chip revision: v0.1[0m
[0;32mI (35) boot: efuse block revision: v1.2[0m
[0;32mI (39) boot.esp32s3: Boot SPI Speed : 80MHz[0m
[0;32mI (43) boot.esp32s3: SPI Mode       : DIO[0m
[0;32mI (46) boot.esp32s3: SPI Flash Size : 2MB[0m
[0;32mI (50) boot: Enabling RNG early entropy source...[0m
[0;32mI (55) boot: Partition Table:[0m
[0;32mI (57) boot: ## Label            Usage          Type ST Offset   Length[0m
[0;32mI (64) boot:  0 nvs              WiFi data        01 02 00009000 00006000[0m
[0;32mI (70) boot:  1 phy_init         RF data          01 01 0000f000 00001000[0m
[0;32mI (77) boot:  2 factory          factory app      00 00 00010000 00100000[0m
[0;32mI (83) boot: End of partition table[0m
[0;32mI (86) esp_image: segment 0: paddr=00010020 vaddr=3c050020 size=15aa4h ( 88740) map[0m
[0;32mI (110) esp_image: segment 1: paddr=00025acc vaddr=3fc96200 size=02ccch ( 11468) load[0m
[0;32mI (112) esp_image: segment 2: paddr=000287a0 vaddr=40374000 size=07878h ( 30840) load[0m
[0;32mI (120) esp_image: segment 3: paddr=00030020 vaddr=42000020 size=4b854h (309332) map[0m
[0;32mI (176) esp_image: segment 4: paddr=0007b87c vaddr=4037b878 size=0a950h ( 43344) load[0m
[0;32mI (185) esp_image: segment 5: paddr=000861d4 vaddr=600fe100 size=0001ch (    28) load[0m
[0;32mI (192) boot: Loaded app from partition at offset 0x10000[0m
[0;32mI (193) boot: Disabling RNG early entropy source...[0m
[0;32mI (203) cpu_start: Multicore app[0m
[0;32mI (212) cpu_start: Pro cpu start user code[0m
[0;32mI (212) cpu_start: cpu freq: 160000000 Hz[0m
[0;32mI (212) app_init: Application information:[0m
[0;32mI (212) app_init: Project name:     app-template[0m
[0;32mI (216) app_init: App version:      6d4ace7[0m
[0;32mI (220) app_init: Compile time:     Apr 25 2025 15:14:48[0m
[0;32mI (225) app_init: ELF file SHA256:  4f5360934...[0m
[0;32mI (230) app_init: ESP-IDF:          HEAD-HASH-NOTFOUND[0m
[0;32mI (235) efuse_init: Min chip rev:     v0.0[0m
[0;32mI (238) efuse_init: Max chip rev:     v0.99 [0m
[0;32mI (242) efuse_init: Chip rev:         v0.1[0m
[0;32mI (246) heap_init: Initializing. RAM available for dynamic allocation:[0m
[0;32mI (253) heap_init: At 3FC9B658 len 0004E0B8 (312 KiB): RAM[0m
[0;32mI (258) heap_init: At 3FCE9710 len 00005724 (21 KiB): RAM[0m
[0;32mI (263) heap_init: At 3FCF0000 len 00008000 (32 KiB): DRAM[0m
[0;32mI (268) heap_init: At 600FE11C len 00001ECC (7 KiB): RTCRAM[0m
[0;32mI (274) spi_flash: detected chip: gd[0m
[0;32mI (277) spi_flash: flash io: dio[0m
[0;33mW (280) spi_flash: Detected size(8192k) larger than the size in the binary image header(2048k). Using the size in the binary image header.[0m
[0;32mI (292) sleep_gpio: Configure to isolate all GPIO pins in sleep state[0m
[0;32mI (298) sleep_gpio: Enable automatic switching of GPIO sleep configuration[0m
[0;32mI (305) main_task: Started on CPU0[0m
